Archive member included because of file (symbol)

c:/program files (x86)/gnu tools arm embedded/4.9 2014q4/bin/../lib/gcc/arm-none-eabi/4.9.3/../../../../arm-none-eabi/lib/armv7e-m\libm.a(lib_a-s_cos.o)
                              ..\obj\utilplus.o (cos)
c:/program files (x86)/gnu tools arm embedded/4.9 2014q4/bin/../lib/gcc/arm-none-eabi/4.9.3/../../../../arm-none-eabi/lib/armv7e-m\libm.a(lib_a-s_sin.o)
                              ..\obj\utilplus.o (sin)
c:/program files (x86)/gnu tools arm embedded/4.9 2014q4/bin/../lib/gcc/arm-none-eabi/4.9.3/../../../../arm-none-eabi/lib/armv7e-m\libm.a(lib_a-s_tan.o)
                              ..\obj\motor.o (tan)
c:/program files (x86)/gnu tools arm embedded/4.9 2014q4/bin/../lib/gcc/arm-none-eabi/4.9.3/../../../../arm-none-eabi/lib/armv7e-m\libm.a(lib_a-sf_cos.o)
                              ..\obj\utilplus.o (cosf)
c:/program files (x86)/gnu tools arm embedded/4.9 2014q4/bin/../lib/gcc/arm-none-eabi/4.9.3/../../../../arm-none-eabi/lib/armv7e-m\libm.a(lib_a-sf_sin.o)
                              ..\obj\utilplus.o (sinf)
c:/program files (x86)/gnu tools arm embedded/4.9 2014q4/bin/../lib/gcc/arm-none-eabi/4.9.3/../../../../arm-none-eabi/lib/armv7e-m\libm.a(lib_a-w_asin.o)
                              ..\obj\main.o (asin)
c:/program files (x86)/gnu tools arm embedded/4.9 2014q4/bin/../lib/gcc/arm-none-eabi/4.9.3/../../../../arm-none-eabi/lib/armv7e-m\libm.a(lib_a-w_atan2.o)
                              ..\obj\main.o (atan2)
c:/program files (x86)/gnu tools arm embedded/4.9 2014q4/bin/../lib/gcc/arm-none-eabi/4.9.3/../../../../arm-none-eabi/lib/armv7e-m\libm.a(lib_a-w_pow.o)
                              ..\obj\name_converter.o (pow)
c:/program files (x86)/gnu tools arm embedded/4.9 2014q4/bin/../lib/gcc/arm-none-eabi/4.9.3/../../../../arm-none-eabi/lib/armv7e-m\libm.a(lib_a-w_sqrt.o)
                              ..\obj\main.o (sqrt)
c:/program files (x86)/gnu tools arm embedded/4.9 2014q4/bin/../lib/gcc/arm-none-eabi/4.9.3/../../../../arm-none-eabi/lib/armv7e-m\libm.a(lib_a-wf_acos.o)
                              ..\obj\utilplus.o (acosf)
c:/program files (x86)/gnu tools arm embedded/4.9 2014q4/bin/../lib/gcc/arm-none-eabi/4.9.3/../../../../arm-none-eabi/lib/armv7e-m\libm.a(lib_a-wf_atan2.o)
                              ..\obj\utilplus.o (atan2f)
c:/program files (x86)/gnu tools arm embedded/4.9 2014q4/bin/../lib/gcc/arm-none-eabi/4.9.3/../../../../arm-none-eabi/lib/armv7e-m\libm.a(lib_a-wf_pow.o)
                              ..\obj\utilplus.o (powf)
c:/program files (x86)/gnu tools arm embedded/4.9 2014q4/bin/../lib/gcc/arm-none-eabi/4.9.3/../../../../arm-none-eabi/lib/armv7e-m\libm.a(lib_a-wf_sqrt.o)
                              ..\obj\utilplus.o (sqrtf)
c:/program files (x86)/gnu tools arm embedded/4.9 2014q4/bin/../lib/gcc/arm-none-eabi/4.9.3/../../../../arm-none-eabi/lib/armv7e-m\libm.a(lib_a-e_asin.o)
                              c:/program files (x86)/gnu tools arm embedded/4.9 2014q4/bin/../lib/gcc/arm-none-eabi/4.9.3/../../../../arm-none-eabi/lib/armv7e-m\libm.a(lib_a-w_asin.o) (__ieee754_asin)
c:/program files (x86)/gnu tools arm embedded/4.9 2014q4/bin/../lib/gcc/arm-none-eabi/4.9.3/../../../../arm-none-eabi/lib/armv7e-m\libm.a(lib_a-e_atan2.o)
                              c:/program files (x86)/gnu tools arm embedded/4.9 2014q4/bin/../lib/gcc/arm-none-eabi/4.9.3/../../../../arm-none-eabi/lib/armv7e-m\libm.a(lib_a-w_atan2.o) (__ieee754_atan2)
c:/program files (x86)/gnu tools arm embedded/4.9 2014q4/bin/../lib/gcc/arm-none-eabi/4.9.3/../../../../arm-none-eabi/lib/armv7e-m\libm.a(lib_a-e_pow.o)
                              c:/program files (x86)/gnu tools arm embedded/4.9 2014q4/bin/../lib/gcc/arm-none-eabi/4.9.3/../../../../arm-none-eabi/lib/armv7e-m\libm.a(lib_a-w_pow.o) (__ieee754_pow)
c:/program files (x86)/gnu tools arm embedded/4.9 2014q4/bin/../lib/gcc/arm-none-eabi/4.9.3/../../../../arm-none-eabi/lib/armv7e-m\libm.a(lib_a-e_rem_pio2.o)
                              c:/program files (x86)/gnu tools arm embedded/4.9 2014q4/bin/../lib/gcc/arm-none-eabi/4.9.3/../../../../arm-none-eabi/lib/armv7e-m\libm.a(lib_a-s_cos.o) (__ieee754_rem_pio2)
c:/program files (x86)/gnu tools arm embedded/4.9 2014q4/bin/../lib/gcc/arm-none-eabi/4.9.3/../../../../arm-none-eabi/lib/armv7e-m\libm.a(lib_a-e_sqrt.o)
                              c:/program files (x86)/gnu tools arm embedded/4.9 2014q4/bin/../lib/gcc/arm-none-eabi/4.9.3/../../../../arm-none-eabi/lib/armv7e-m\libm.a(lib_a-w_sqrt.o) (__ieee754_sqrt)
c:/program files (x86)/gnu tools arm embedded/4.9 2014q4/bin/../lib/gcc/arm-none-eabi/4.9.3/../../../../arm-none-eabi/lib/armv7e-m\libm.a(lib_a-ef_acos.o)
                              c:/program files (x86)/gnu tools arm embedded/4.9 2014q4/bin/../lib/gcc/arm-none-eabi/4.9.3/../../../../arm-none-eabi/lib/armv7e-m\libm.a(lib_a-wf_acos.o) (__ieee754_acosf)
[...]
Memory Configuration

Name             Origin             Length             Attributes
rom              0x08000000         0x00100000         xr
ram              0x20000000         0x00020000         xrw
ram1             0x10000000         0x00010000         xrw
*default*        0x00000000         0xffffffff

Linker script and memory map

LOAD c:/program files (x86)/gnu tools arm embedded/4.9 2014q4/bin/../lib/gcc/arm-none-eabi/4.9.3/armv7e-m/crti.o
LOAD c:/program files (x86)/gnu tools arm embedded/4.9 2014q4/bin/../lib/gcc/arm-none-eabi/4.9.3/armv7e-m/crtbegin.o
LOAD c:/program files (x86)/gnu tools arm embedded/4.9 2014q4/bin/../lib/gcc/arm-none-eabi/4.9.3/../../../../arm-none-eabi/lib/armv7e-m/crt0.o
                0x20020000                _eram = 0x20020000

.text           0x08000000    0x251c0
 *(.isr_vector)
 .isr_vector    0x08000000      0x188 ..\obj\startup_stm32f4xx.o
                0x08000000                g_pfnVectors
 *(.text*)
 .text          0x08000188       0x5c c:/program files (x86)/gnu tools arm embedded/4.9 2014q4/bin/../lib/gcc/arm-none-eabi/4.9.3/armv7e-m/crtbegin.o
 .text.Set_duty
                0x080001e4       0xc4 ..\obj\config_pwm.o
                0x080001e4                Set_duty
 .text.Read_duty
                0x080002a8       0x68 ..\obj\config_pwm.o
                0x080002a8                Read_duty
 .text.Init_PWM
                0x08000310      0x2b4 ..\obj\config_pwm.o
                0x08000310                Init_PWM
 .text.USB_OTG_WritePacket
                0x080005c4       0x78 ..\obj\usb_core.o
                0x080005c4                USB_OTG_WritePacket
 .text.USB_OTG_ReadPacket
                0x0800063c       0x58 ..\obj\usb_core.o
                0x0800063c                USB_OTG_ReadPacket
 .text.USB_OTG_FlushTxFifo
                0x08000694       0x7c ..\obj\usb_core.o
                0x08000694                USB_OTG_FlushTxFifo
 .text.USB_OTG_GetMode
                0x08000710       0x20 ..\obj\usb_core.o
                0x08000710                USB_OTG_GetMode
 .text.USB_OTG_IsDeviceMode
                0x08000730       0x24 ..\obj\usb_core.o
                0x08000730                USB_OTG_IsDeviceMode
 .text.USB_OTG_ReadCoreItr
                0x08000754       0x30 ..\obj\usb_core.o
                0x08000754                USB_OTG_ReadCoreItr
 .text.USB_OTG_GetDeviceSpeed
                0x08000784       0x48 ..\obj\usb_core.o
                0x08000784                USB_OTG_GetDeviceSpeed
 .text.USB_OTG_EP0Activate
                0x080007cc       0x78 ..\obj\usb_core.o
                0x080007cc                USB_OTG_EP0Activate
 .text.USB_OTG_EPActivate
                0x08000844       0xdc ..\obj\usb_core.o
                0x08000844                USB_OTG_EPActivate
 .text.USB_OTG_EPStartXfer
                0x08000920      0x280 ..\obj\usb_core.o
                0x08000920                USB_OTG_EPStartXfer
 .text.USB_OTG_EP0StartXfer
                0x08000ba0      0x1d4 ..\obj\usb_core.o
                0x08000ba0                USB_OTG_EP0StartXfer
 .text.USB_OTG_EPSetStall
                0x08000d74       0x88 ..\obj\usb_core.o
                0x08000d74                USB_OTG_EPSetStall
 .text.USB_OTG_EPClearStall
                0x08000dfc       0x78 ..\obj\usb_core.o
                0x08000dfc                USB_OTG_EPClearStall
 .text.USB_OTG_ReadDevAllOutEp_itr
                0x08000e74       0x2c ..\obj\usb_core.o
                0x08000e74                USB_OTG_ReadDevAllOutEp_itr
 .text.USB_OTG_ReadDevOutEP_itr
                0x08000ea0       0x38 ..\obj\usb_core.o
                0x08000ea0                USB_OTG_ReadDevOutEP_itr
 .text.USB_OTG_ReadDevAllInEPItr
                0x08000ed8       0x2c ..\obj\usb_core.o
                0x08000ed8                USB_OTG_ReadDevAllInEPItr
 .text.USB_OTG_EP0_OutStart
                0x08000f04       0x70 ..\obj\usb_core.o
                0x08000f04                USB_OTG_EP0_OutStart
 .text.USB_OTG_UngateClock
                0x08000f74       0x54 ..\obj\usb_core.o
                0x08000f74                USB_OTG_UngateClock
 .text.Init_port
                0x08000fc8       0xc4 ..\obj\config_port.o
                0x08000fc8                Init_port
 .text.SDIO_ITConfig
                0x0800108c       0x3c ..\obj\stm32f4xx_sdio.o
                0x0800108c                SDIO_ITConfig
 .text.SDIO_GetITStatus
                0x080010c8       0x34 ..\obj\stm32f4xx_sdio.o
                0x080010c8                SDIO_GetITStatus
 .text.SDIO_ClearITPendingBit
                0x080010fc       0x1c ..\obj\stm32f4xx_sdio.o
                0x080010fc                SDIO_ClearITPendingBit
 .text.TIM1_UP_TIM10_IRQHandler
                0x08001118       0x48 ..\obj\config_encoder.o
                0x08001118                TIM1_UP_TIM10_IRQHandler
 .text.TIM2_IRQHandler
                0x08001160       0x4c ..\obj\config_encoder.o
                0x08001160                TIM2_IRQHandler
 .text.TIM3_IRQHandler
                0x080011ac       0x48 ..\obj\config_encoder.o
                0x080011ac                TIM3_IRQHandler
 .text.TIM4_IRQHandler
                0x080011f4       0x48 ..\obj\config_encoder.o
                0x080011f4                TIM4_IRQHandler
 .text.TIM5_IRQHandler
                0x0800123c       0x48 ..\obj\config_encoder.o
                0x0800123c                TIM5_IRQHandler
 .text.TIM8_UP_TIM13_IRQHandler
                0x08001284       0x48 ..\obj\config_encoder.o
                0x08001284                TIM8_UP_TIM13_IRQHandler
 .text.TIM8_BRK_TIM12_IRQHandler
                0x080012cc       0x48 ..\obj\config_encoder.o
                0x080012cc                TIM8_BRK_TIM12_IRQHandler
 .text.tim1_count
                0x08001314       0x20 ..\obj\config_encoder.o
                0x08001314                tim1_count
 .text.tim2_count
                0x08001334       0x20 ..\obj\config_encoder.o
                0x08001334                tim2_count
 .text.tim3_count
                0x08001354       0x20 ..\obj\config_encoder.o
                0x08001354                tim3_count
 .text.tim4_count
                0x08001374       0x20 ..\obj\config_encoder.o
                0x08001374                tim4_count
 .text.tim5_count
                0x08001394       0x20 ..\obj\config_encoder.o
                0x08001394                tim5_count
 .text.tim8_count
                0x080013b4       0x20 ..\obj\config_encoder.o
                0x080013b4                tim8_count
 .text.tim12_count
                0x080013d4       0x20 ..\obj\config_encoder.o
                0x080013d4                tim12_count
 .text.Init_encoder
                0x080013f4      0x118 ..\obj\config_encoder.o
                0x080013f4                Init_encoder
 .text.Select_encoder_count
                0x0800150c       0x9c ..\obj\config_encoder.o
                0x0800150c                Select_encoder_count
 .text.Reset_encoder_over_under_flow
                0x080015a8       0xa0 ..\obj\config_encoder.o
                0x080015a8                Reset_encoder_over_under_flow
 .text.OTG_FS_IRQHandler
                0x08001648       0x10 ..\obj\config_usb.o
                0x08001648                OTG_FS_IRQHandler
 .text.OTG_FS_WKUP_IRQHandler
                0x08001658       0x34 ..\obj\config_usb.o
                0x08001658                OTG_FS_WKUP_IRQHandler
 .text.USART_Init
                0x0800168c      0x178 ..\obj\stm32f4xx_usart.o
                0x0800168c                USART_Init
 .text.USART_Cmd
                0x08001804       0x40 ..\obj\stm32f4xx_usart.o
                0x08001804                USART_Cmd
 .text.USART_SendData
                0x08001844       0x24 ..\obj\stm32f4xx_usart.o
                0x08001844                USART_SendData
 .text.USART_ReceiveData
                0x08001868       0x20 ..\obj\stm32f4xx_usart.o
                0x08001868                USART_ReceiveData
 .text.USART_ITConfig
                0x08001888       0x90 ..\obj\stm32f4xx_usart.o
                0x08001888                USART_ITConfig
 .text.USART_GetFlagStatus
                0x08001918       0x38 ..\obj\stm32f4xx_usart.o
                0x08001918                USART_GetFlagStatus
 .text.SysTick_Handler
                0x08001950       0x24 ..\obj\mcutime.o
                0x08001950                SysTick_Handler
 .text.millis   0x08001974       0x28 ..\obj\mcutime.o
                0x08001974                millis
 .text.micros   0x0800199c       0x30 ..\obj\mcutime.o
                0x0800199c                micros
 .text.timer_setup
                0x080019cc       0x10 ..\obj\mcutime.o
                0x080019cc                timer_setup
 .text.delay_ms
                0x080019dc       0x40 ..\obj\mcutime.o
                0x080019dc                delay_ms
 .text.wait     0x08001a1c       0x18 ..\obj\mcutime.o
                0x08001a1c                wait
 .text.Default_Reset_Handler
                0x08001a34       0x5c ..\obj\startup_stm32f4xx.o
                0x08001a34                Default_Reset_Handler
                0x08001a34                Reset_Handler
 .text.Default_Handler
                0x08001a90        0x8 ..\obj\startup_stm32f4xx.o
                0x08001a90                RTC_Alarm_IRQHandler
                0x08001a90                HASH_RNG_IRQHandler
                0x08001a90                EXTI2_IRQHandler
                0x08001a90                TIM8_CC_IRQHandler
                0x08001a90                TIM1_CC_IRQHandler
                0x08001a90                DMA2_Stream5_IRQHandler
                0x08001a90                DMA1_Stream5_IRQHandler
                0x08001a90                PVD_IRQHandler
                0x08001a90                TAMP_STAMP_IRQHandler
                0x08001a90                CAN2_RX1_IRQHandler
                0x08001a90                EXTI3_IRQHandler
                0x08001a90                TIM8_TRG_COM_TIM14_IRQHandler
                0x08001a90                I2C3_ER_IRQHandler
                0x08001a90                EXTI0_IRQHandler
                0x08001a90                I2C2_EV_IRQHandler
                0x08001a90                DMA1_Stream2_IRQHandler
                0x08001a90                CAN1_RX0_IRQHandler
                0x08001a90                FPU_IRQHandler
                0x08001a90                OTG_HS_WKUP_IRQHandler
                0x08001a90                CAN2_SCE_IRQHandler
                0x08001a90                DMA2_Stream2_IRQHandler
                0x08001a90                SPI1_IRQHandler
                0x08001a90                TIM6_DAC_IRQHandler
                0x08001a90                TIM1_BRK_TIM9_IRQHandler
                0x08001a90                DCMI_IRQHandler
                0x08001a90                CAN2_RX0_IRQHandler
                0x08001a90                USART6_IRQHandler
                0x08001a90                USART3_IRQHandler
                0x08001a90                CRYP_IRQHandler
                0x08001a90                CAN1_RX1_IRQHandler
                0x08001a90                UART5_IRQHandler
                0x08001a90                DMA2_Stream0_IRQHandler
                0x08001a90                I2C1_EV_IRQHandler
                0x08001a90                DMA1_Stream6_IRQHandler
                0x08001a90                DMA1_Stream1_IRQHandler
                0x08001a90                UART4_IRQHandler
                0x08001a90                RCC_IRQHandler
                0x08001a90                EXTI15_10_IRQHandler
                0x08001a90                ADC_IRQHandler
                0x08001a90                DMA1_Stream7_IRQHandler
                0x08001a90                TIM7_IRQHandler
                0x08001a90                CAN2_TX_IRQHandler
                0x08001a90                DMA2_Stream7_IRQHandler
                0x08001a90                I2C3_EV_IRQHandler
                0x08001a90                EXTI9_5_IRQHandler
                0x08001a90                RTC_WKUP_IRQHandler
                0x08001a90                ETH_WKUP_IRQHandler
                0x08001a90                SPI2_IRQHandler
                0x08001a90                OTG_HS_EP1_IN_IRQHandler
                0x08001a90                DMA1_Stream0_IRQHandler
                0x08001a90                CAN1_TX_IRQHandler
                0x08001a90                EXTI4_IRQHandler
                0x08001a90                FSMC_IRQHandler
                0x08001a90                ETH_IRQHandler
                0x08001a90                OTG_HS_EP1_OUT_IRQHandler
                0x08001a90                WWDG_IRQHandler
                0x08001a90                TIM1_TRG_COM_TIM11_IRQHandler
                0x08001a90                OTG_HS_IRQHandler
                0x08001a90                EXTI1_IRQHandler
                0x08001a90                I2C2_ER_IRQHandler
                0x08001a90                DMA2_Stream1_IRQHandler
                0x08001a90                CAN1_SCE_IRQHandler
                0x08001a90                FLASH_IRQHandler
                0x08001a90                DMA2_Stream4_IRQHandler
                0x08001a90                USART1_IRQHandler
                0x08001a90                SPI3_IRQHandler
                0x08001a90                DMA1_Stream4_IRQHandler
                0x08001a90                I2C1_ER_IRQHandler
                0x08001a90                DMA2_Stream6_IRQHandler
                0x08001a90                DMA1_Stream3_IRQHandler
 .text.USBD_SetupStage
                0x08001a98       0x6c ..\obj\usbd_core.o
 .text.USBD_DataOutStage
                0x08001b04       0xcc ..\obj\usbd_core.o
 .text.USBD_DataInStage
                0x08001bd0      0x104 ..\obj\usbd_core.o
 .text.USBD_Reset
                0x08001cd4       0x44 ..\obj\usbd_core.o
 .text.USBD_Resume
                0x08001d18       0x24 ..\obj\usbd_core.o
 .text.USBD_Suspend
                0x08001d3c       0x24 ..\obj\usbd_core.o
 .text.USBD_SOF
                0x08001d60       0x2c ..\obj\usbd_core.o
 .text.USBD_SetCfg
                0x08001d8c       0x30 ..\obj\usbd_core.o
                0x08001d8c                USBD_SetCfg
 .text.USBD_ClrCfg
                0x08001dbc       0x28 ..\obj\usbd_core.o
                0x08001dbc                USBD_ClrCfg
 .text.USBD_IsoINIncomplete
                0x08001de4       0x20 ..\obj\usbd_core.o
 .text.USBD_IsoOUTIncomplete
                0x08001e04       0x20 ..\obj\usbd_core.o
 .text._ZN15SerialInterface16serialReadStringEPc
                0x08001e24       0x14 ..\obj\pin.o
                0x08001e24                SerialInterface::serialReadString(char*)
 .text._ZN15SerialInterfaceC2Ev
                0x08001e38       0x28 ..\obj\pin.o
                0x08001e38                SerialInterface::SerialInterface()
                0x08001e38                SerialInterface::SerialInterface()
 .text._ZN6Serial8ReceiverC2EPS_
                0x08001e60       0x38 ..\obj\pin.o
                0x08001e60                Serial::Receiver::Receiver(Serial*)
                0x08001e60                Serial::Receiver::Receiver(Serial*)
 .text._ZN6Serial8Receiver14serialReadCharEc
                0x08001e98       0x60 ..\obj\pin.o
                0x08001e98                Serial::Receiver::serialReadChar(char)
 .text._ZN6Serial8Receiver13charAvailableEv
                0x08001ef8       0x28 ..\obj\pin.o
                0x08001ef8                Serial::Receiver::charAvailable()
 .text._ZN6Serial8Receiver15stringAvailableEv
                0x08001f20       0x1c ..\obj\pin.o
                0x08001f20                Serial::Receiver::stringAvailable()
 .text._ZN6Serial8Receiver8readCharEv
                0x08001f3c       0x1c ..\obj\pin.o
                0x08001f3c                Serial::Receiver::readChar()
 .text._ZN6Serial8Receiver10readStringEPc
                0x08001f58       0xe8 ..\obj\pin.o
                0x08001f58                Serial::Receiver::readString(char*)
 .text._ZN6Serial15stringAvailableEv
                0x08002040       0x28 ..\obj\pin.o
                0x08002040                Serial::stringAvailable()
 .text._ZN6Serial10readStringEPc
                0x08002068       0x34 ..\obj\pin.o
                0x08002068                Serial::readString(char*)
 .text._ZN6Serial13charAvailableEv
                0x0800209c       0x28 ..\obj\pin.o
                0x0800209c                Serial::charAvailable()
 .text._ZN6Serial8readCharEv
                0x080020c4       0x28 ..\obj\pin.o
                0x080020c4                Serial::readChar()
 .text._ZN6Serial11stringWriteEPc
                0x080020ec       0x40 ..\obj\pin.o
                0x080020ec                Serial::stringWrite(char*)
 .text._ZN6Serial5setupEiR15SerialInterfaceii
                0x0800212c       0x34 ..\obj\pin.o
                0x0800212c                Serial::setup(int, SerialInterface&, int, int)
 .text._ZN6Serial5setupEiii
                0x08002160       0x4c ..\obj\pin.o
                0x08002160                Serial::setup(int, int, int)
 .text._ZN7Digital14setupDigitalInEv
                0x080021ac       0x34 ..\obj\pin.o
                0x080021ac                Digital::setupDigitalIn()
 .text._ZN7Digital15setupDigitalOutEv
                0x080021e0       0x34 ..\obj\pin.o
                0x080021e0                Digital::setupDigitalOut()
 .text._ZN7Digital20setupDigitalInPullUpEv
                0x08002214       0x34 ..\obj\pin.o
                0x08002214                Digital::setupDigitalInPullUp()
 .text._ZN7Digital22setupDigitalInPullDownEv
                0x08002248       0x34 ..\obj\pin.o
                0x08002248                Digital::setupDigitalInPullDown()
 .text._ZN7Digital12digitalWriteEi
                0x0800227c       0x68 ..\obj\pin.o
                0x0800227c                Digital::digitalWrite(int)
 .text._ZN7Digital11digitalReadEv
                0x080022e4       0x40 ..\obj\pin.o
                0x080022e4                Digital::digitalRead()
 .text._ZN7Digital11digitalHighEv
                0x08002324       0x1c ..\obj\pin.o
                0x08002324                Digital::digitalHigh()
 .text._ZN7Digital10digitalLowEv
                0x08002340       0x1c ..\obj\pin.o
                0x08002340                Digital::digitalLow()
 .text._ZN7Digital13digitalToggleEv
                0x0800235c       0x34 ..\obj\pin.o
                0x0800235c                Digital::digitalToggle()
 .text._ZN6Analog13setupAnalogInEv
                0x08002390       0x1c ..\obj\pin.o
                0x08002390                Analog::setupAnalogIn()
 .text._ZN6Analog10analogReadEv
                0x080023ac       0x20 ..\obj\pin.o
                0x080023ac                Analog::analogRead()
 .text._ZN3Pwm11setupPwmOutEff
                0x080023cc       0x24 ..\obj\pin.o
                0x080023cc                Pwm::setupPwmOut(float, float)
 .text._ZN3Pwm8pwmWriteEf
                0x080023f0       0x20 ..\obj\pin.o
                0x080023f0                Pwm::pwmWrite(float)
 .text._ZN3Pwm8pwmWriteEv
                0x08002410       0x20 ..\obj\pin.o
                0x08002410                Pwm::pwmWrite()
 .text._ZN2A016analogResolutionEv
                0x08002430       0x20 ..\obj\pin.o
                0x08002430                A0::analogResolution()
                0x08002448                non-virtual thunk to A0::analogResolution()
 .text._ZN2A013analogVoltageEv
                0x08002450       0x24 ..\obj\pin.o
                0x08002450                A0::analogVoltage()
                0x0800246c                non-virtual thunk to A0::analogVoltage()
 .text._ZN2A116analogResolutionEv
                0x08002474       0x20 ..\obj\pin.o
                0x08002474                A1::analogResolution()
                0x0800248c                non-virtual thunk to A1::analogResolution()
 .text._ZN2A113analogVoltageEv
                0x08002494       0x24 ..\obj\pin.o
                0x08002494                A1::analogVoltage()
                0x080024b0                non-virtual thunk to A1::analogVoltage()
 .text._ZN2A216analogResolutionEv
                0x080024b8       0x20 ..\obj\pin.o
                0x080024b8                A2::analogResolution()
                0x080024d0                non-virtual thunk to A2::analogResolution()
 .text._ZN2A213analogVoltageEv
                0x080024d8       0x24 ..\obj\pin.o
                0x080024d8                A2::analogVoltage()
                0x080024f4                non-virtual thunk to A2::analogVoltage()
 .text._ZN2A316analogResolutionEv
                0x080024fc       0x20 ..\obj\pin.o
                0x080024fc                A3::analogResolution()
                0x08002514                non-virtual thunk to A3::analogResolution()
 .text._ZN2A313analogVoltageEv
                0x0800251c       0x24 ..\obj\pin.o
                0x0800251c                A3::analogVoltage()
                0x08002538                non-virtual thunk to A3::analogVoltage()
 .text._ZN2A416analogResolutionEv
                0x08002540       0x20 ..\obj\pin.o
                0x08002540                A4::analogResolution()
                0x08002558                non-virtual thunk to A4::analogResolution()
 .text._ZN2A413analogVoltageEv
                0x08002560       0x24 ..\obj\pin.o
                0x08002560                A4::analogVoltage()
                0x0800257c                non-virtual thunk to A4::analogVoltage()
 .text._ZN4Led013_digitalWriteEv
                0x08002584       0x20 ..\obj\pin.o
                0x08002584                Led0::_digitalWrite()
 .text._ZN4Led013_digitalWriteEi
                0x080025a4       0x30 ..\obj\pin.o
                0x080025a4                Led0::_digitalWrite(int)
 .text._ZN4Led012_digitalReadEv
                0x080025d4       0x20 ..\obj\pin.o
                0x080025d4                Led0::_digitalRead()
 .text._ZN4Led015_setupDigitalInEv
                0x080025f4       0x28 ..\obj\pin.o
                0x080025f4                Led0::_setupDigitalIn()
 .text._ZN4Led016_setupDigitalOutEv
                0x0800261c       0x28 ..\obj\pin.o
                0x0800261c                Led0::_setupDigitalOut()
 .text._ZN4Led021_setupDigitalInPullUpEv
                0x08002644       0x28 ..\obj\pin.o
                0x08002644                Led0::_setupDigitalInPullUp()
 .text._ZN4Led023_setupDigitalInPullDownEv
                0x0800266c       0x28 ..\obj\pin.o
                0x0800266c                Led0::_setupDigitalInPullDown()
 .text._ZN4Led113_digitalWriteEv
                0x08002694       0x20 ..\obj\pin.o
                0x08002694                Led1::_digitalWrite()
 .text._ZN4Led113_digitalWriteEi
                0x080026b4       0x30 ..\obj\pin.o
                0x080026b4                Led1::_digitalWrite(int)
 .text._ZN4Led112_digitalReadEv
                0x080026e4       0x20 ..\obj\pin.o
                0x080026e4                Led1::_digitalRead()
 .text._ZN4Led115_setupDigitalInEv
                0x08002704       0x28 ..\obj\pin.o
                0x08002704                Led1::_setupDigitalIn()
 .text._ZN4Led116_setupDigitalOutEv
                0x0800272c       0x28 ..\obj\pin.o
                0x0800272c                Led1::_setupDigitalOut()
 .text._ZN4Led121_setupDigitalInPullUpEv
                0x08002754       0x28 ..\obj\pin.o
                0x08002754                Led1::_setupDigitalInPullUp()
 .text._ZN4Led123_setupDigitalInPullDownEv
                0x0800277c       0x28 ..\obj\pin.o
                0x0800277c                Led1::_setupDigitalInPullDown()
 .text._ZN4Led213_digitalWriteEv
                0x080027a4       0x20 ..\obj\pin.o
                0x080027a4                Led2::_digitalWrite()
 .text._ZN4Led213_digitalWriteEi
                0x080027c4       0x30 ..\obj\pin.o
                0x080027c4                Led2::_digitalWrite(int)
 .text._ZN4Led212_digitalReadEv
                0x080027f4       0x20 ..\obj\pin.o
                0x080027f4                Led2::_digitalRead()
 .text._ZN4Led215_setupDigitalInEv
                0x08002814       0x28 ..\obj\pin.o
                0x08002814                Led2::_setupDigitalIn()
 .text._ZN4Led216_setupDigitalOutEv
                0x0800283c       0x28 ..\obj\pin.o
                0x0800283c                Led2::_setupDigitalOut()
 .text._ZN4Led221_setupDigitalInPullUpEv
                0x08002864       0x28 ..\obj\pin.o
                0x08002864                Led2::_setupDigitalInPullUp()
 .text._ZN4Led223_setupDigitalInPullDownEv
                0x0800288c       0x28 ..\obj\pin.o
                0x0800288c                Led2::_setupDigitalInPullDown()
 .text._ZN4Led313_digitalWriteEv
                0x080028b4       0x20 ..\obj\pin.o
                0x080028b4                Led3::_digitalWrite()
 .text._ZN4Led313_digitalWriteEi
                0x080028d4       0x30 ..\obj\pin.o
                0x080028d4                Led3::_digitalWrite(int)
 .text._ZN4Led312_digitalReadEv
                0x08002904       0x20 ..\obj\pin.o
                0x08002904                Led3::_digitalRead()
 .text._ZN4Led315_setupDigitalInEv
                0x08002924       0x28 ..\obj\pin.o
                0x08002924                Led3::_setupDigitalIn()
 .text._ZN4Led316_setupDigitalOutEv
                0x0800294c       0x28 ..\obj\pin.o
                0x0800294c                Led3::_setupDigitalOut()
 .text._ZN4Led321_setupDigitalInPullUpEv
                0x08002974       0x28 ..\obj\pin.o
                0x08002974                Led3::_setupDigitalInPullUp()
 .text._ZN4Led323_setupDigitalInPullDownEv
                0x0800299c       0x28 ..\obj\pin.o
                0x0800299c                Led3::_setupDigitalInPullDown()
 .text._ZN3Sw013_digitalWriteEv
                0x080029c4       0x20 ..\obj\pin.o
                0x080029c4                Sw0::_digitalWrite()
 .text._ZN3Sw013_digitalWriteEi
                0x080029e4       0x30 ..\obj\pin.o
                0x080029e4                Sw0::_digitalWrite(int)
 .text._ZN3Sw012_digitalReadEv
                0x08002a14       0x20 ..\obj\pin.o
                0x08002a14                Sw0::_digitalRead()
 .text._ZN3Sw015_setupDigitalInEv
                0x08002a34       0x28 ..\obj\pin.o
                0x08002a34                Sw0::_setupDigitalIn()
 .text._ZN3Sw016_setupDigitalOutEv
                0x08002a5c       0x18 ..\obj\pin.o
                0x08002a5c                Sw0::_setupDigitalOut()
 .text._ZN3Sw021_setupDigitalInPullUpEv
                0x08002a74       0x28 ..\obj\pin.o
                0x08002a74                Sw0::_setupDigitalInPullUp()
 .text._ZN3Sw023_setupDigitalInPullDownEv
                0x08002a9c       0x28 ..\obj\pin.o
                0x08002a9c                Sw0::_setupDigitalInPullDown()
 .text._ZN3Sw113_digitalWriteEv
                0x08002ac4       0x20 ..\obj\pin.o
                0x08002ac4                Sw1::_digitalWrite()
 .text._ZN3Sw113_digitalWriteEi
                0x08002ae4       0x30 ..\obj\pin.o
                0x08002ae4                Sw1::_digitalWrite(int)
 .text._ZN3Sw112_digitalReadEv
                0x08002b14       0x20 ..\obj\pin.o
                0x08002b14                Sw1::_digitalRead()
 .text._ZN3Sw115_setupDigitalInEv
                0x08002b34       0x28 ..\obj\pin.o
                0x08002b34                Sw1::_setupDigitalIn()
 .text._ZN3Sw116_setupDigitalOutEv
                0x08002b5c       0x18 ..\obj\pin.o
                0x08002b5c                Sw1::_setupDigitalOut()
 .text._ZN3Sw121_setupDigitalInPullUpEv
                0x08002b74       0x28 ..\obj\pin.o
                0x08002b74                Sw1::_setupDigitalInPullUp()
 .text._ZN3Sw123_setupDigitalInPullDownEv
                0x08002b9c       0x28 ..\obj\pin.o
                0x08002b9c                Sw1::_setupDigitalInPullDown()
 .text._ZN3Sw213_digitalWriteEv
                0x08002bc4       0x20 ..\obj\pin.o
                0x08002bc4                Sw2::_digitalWrite()
 .text._ZN3Sw213_digitalWriteEi
                0x08002be4       0x30 ..\obj\pin.o
                0x08002be4                Sw2::_digitalWrite(int)
 .text._ZN3Sw212_digitalReadEv
                0x08002c14       0x20 ..\obj\pin.o
                0x08002c14                Sw2::_digitalRead()
 .text._ZN3Sw215_setupDigitalInEv
                0x08002c34       0x28 ..\obj\pin.o
                0x08002c34                Sw2::_setupDigitalIn()
 .text._ZN3Sw216_setupDigitalOutEv
                0x08002c5c       0x18 ..\obj\pin.o
                0x08002c5c                Sw2::_setupDigitalOut()
 .text._ZN3Sw221_setupDigitalInPullUpEv
                0x08002c74       0x28 ..\obj\pin.o
                0x08002c74                Sw2::_setupDigitalInPullUp()
 .text._ZN3Sw223_setupDigitalInPullDownEv
                0x08002c9c       0x28 ..\obj\pin.o
                0x08002c9c                Sw2::_setupDigitalInPullDown()
 .text._ZN3Sw313_digitalWriteEv
                0x08002cc4       0x20 ..\obj\pin.o
                0x08002cc4                Sw3::_digitalWrite()
 .text._ZN3Sw313_digitalWriteEi
                0x08002ce4       0x30 ..\obj\pin.o
                0x08002ce4                Sw3::_digitalWrite(int)
 .text._ZN3Sw312_digitalReadEv
                0x08002d14       0x20 ..\obj\pin.o
                0x08002d14                Sw3::_digitalRead()
 .text._ZN3Sw315_setupDigitalInEv
                0x08002d34       0x28 ..\obj\pin.o
                0x08002d34                Sw3::_setupDigitalIn()
 .text._ZN3Sw316_setupDigitalOutEv
                0x08002d5c       0x18 ..\obj\pin.o
                0x08002d5c                Sw3::_setupDigitalOut()
 .text._ZN3Sw321_setupDigitalInPullUpEv
                0x08002d74       0x28 ..\obj\pin.o
                0x08002d74                Sw3::_setupDigitalInPullUp()
 .text._ZN3Sw323_setupDigitalInPullDownEv
                0x08002d9c       0x28 ..\obj\pin.o
                0x08002d9c                Sw3::_setupDigitalInPullDown()
 .text._ZN6Buzzer13_digitalWriteEv
                0x08002dc4       0x20 ..\obj\pin.o
                0x08002dc4                Buzzer::_digitalWrite()
 .text._ZN6Buzzer13_digitalWriteEi
                0x08002de4       0x2c ..\obj\pin.o
                0x08002de4                Buzzer::_digitalWrite(int)
 .text._ZN6Buzzer12_digitalReadEv
                0x08002e10       0x20 ..\obj\pin.o
                0x08002e10                Buzzer::_digitalRead()
 .text._ZN6Buzzer15_setupDigitalInEv
                0x08002e30       0x28 ..\obj\pin.o
                0x08002e30                Buzzer::_setupDigitalIn()
 .text._ZN6Buzzer16_setupDigitalOutEv
                0x08002e58       0x28 ..\obj\pin.o
                0x08002e58                Buzzer::_setupDigitalOut()
 .text._ZN6Buzzer21_setupDigitalInPullUpEv
                0x08002e80       0x28 ..\obj\pin.o
                0x08002e80                Buzzer::_setupDigitalInPullUp()
 .text._ZN6Buzzer23_setupDigitalInPullDownEv
                0x08002ea8       0x28 ..\obj\pin.o
                0x08002ea8                Buzzer::_setupDigitalInPullDown()
 .text._ZN3CW013_digitalWriteEv
                0x08002ed0       0x20 ..\obj\pin.o
                0x08002ed0                CW0::_digitalWrite()
 .text._ZN3CW013_digitalWriteEi
                0x08002ef0       0x2c ..\obj\pin.o
                0x08002ef0                CW0::_digitalWrite(int)
 .text._ZN3CW012_digitalReadEv
                0x08002f1c       0x20 ..\obj\pin.o
                0x08002f1c                CW0::_digitalRead()
 .text._ZN3CW015_setupDigitalInEv
                0x08002f3c       0x28 ..\obj\pin.o
                0x08002f3c                CW0::_setupDigitalIn()
 .text._ZN3CW016_setupDigitalOutEv
                0x08002f64       0x28 ..\obj\pin.o
                0x08002f64                CW0::_setupDigitalOut()
 .text._ZN3CW021_setupDigitalInPullUpEv
                0x08002f8c       0x28 ..\obj\pin.o
                0x08002f8c                CW0::_setupDigitalInPullUp()
 .text._ZN3CW023_setupDigitalInPullDownEv
                0x08002fb4       0x28 ..\obj\pin.o
                0x08002fb4                CW0::_setupDigitalInPullDown()
 .text._ZN4CCW013_digitalWriteEv
                0x08002fdc       0x20 ..\obj\pin.o
                0x08002fdc                CCW0::_digitalWrite()
 .text._ZN4CCW013_digitalWriteEi
                0x08002ffc       0x2c ..\obj\pin.o
                0x08002ffc                CCW0::_digitalWrite(int)
 .text._ZN4CCW012_digitalReadEv
                0x08003028       0x20 ..\obj\pin.o
                0x08003028                CCW0::_digitalRead()
 .text._ZN4CCW015_setupDigitalInEv
                0x08003048       0x28 ..\obj\pin.o
                0x08003048                CCW0::_setupDigitalIn()
 .text._ZN4CCW016_setupDigitalOutEv
                0x08003070       0x28 ..\obj\pin.o
                0x08003070                CCW0::_setupDigitalOut()
 .text._ZN4CCW021_setupDigitalInPullUpEv
                0x08003098       0x28 ..\obj\pin.o
                0x08003098                CCW0::_setupDigitalInPullUp()
 .text._ZN4CCW023_setupDigitalInPullDownEv
                0x080030c0       0x28 ..\obj\pin.o
                0x080030c0                CCW0::_setupDigitalInPullDown()
 .text._ZN3CW113_digitalWriteEv
                0x080030e8       0x20 ..\obj\pin.o
                0x080030e8                CW1::_digitalWrite()
 .text._ZN3CW113_digitalWriteEi
                0x08003108       0x30 ..\obj\pin.o
                0x08003108                CW1::_digitalWrite(int)
 .text._ZN3CW112_digitalReadEv
                0x08003138       0x20 ..\obj\pin.o
                0x08003138                CW1::_digitalRead()
 .text._ZN3CW115_setupDigitalInEv
                0x08003158       0x28 ..\obj\pin.o
                0x08003158                CW1::_setupDigitalIn()
 .text._ZN3CW116_setupDigitalOutEv
                0x08003180       0x28 ..\obj\pin.o
                0x08003180                CW1::_setupDigitalOut()
 .text._ZN3CW121_setupDigitalInPullUpEv
                0x080031a8       0x28 ..\obj\pin.o
                0x080031a8                CW1::_setupDigitalInPullUp()
 .text._ZN3CW123_setupDigitalInPullDownEv
                0x080031d0       0x28 ..\obj\pin.o
                0x080031d0                CW1::_setupDigitalInPullDown()
 .text._ZN4CCW113_digitalWriteEv
                0x080031f8       0x20 ..\obj\pin.o
                0x080031f8                CCW1::_digitalWrite()
 .text._ZN4CCW113_digitalWriteEi
                0x08003218       0x2c ..\obj\pin.o
                0x08003218                CCW1::_digitalWrite(int)
 .text._ZN4CCW112_digitalReadEv
                0x08003244       0x20 ..\obj\pin.o
                0x08003244                CCW1::_digitalRead()
 .text._ZN4CCW115_setupDigitalInEv
                0x08003264       0x28 ..\obj\pin.o
                0x08003264                CCW1::_setupDigitalIn()
 .text._ZN4CCW116_setupDigitalOutEv
                0x0800328c       0x28 ..\obj\pin.o
                0x0800328c                CCW1::_setupDigitalOut()
 .text._ZN4CCW121_setupDigitalInPullUpEv
                0x080032b4       0x28 ..\obj\pin.o
                0x080032b4                CCW1::_setupDigitalInPullUp()
 .text._ZN4CCW123_setupDigitalInPullDownEv
                0x080032dc       0x28 ..\obj\pin.o
                0x080032dc                CCW1::_setupDigitalInPullDown()
 .text._ZN3CW213_digitalWriteEv
                0x08003304       0x20 ..\obj\pin.o
                0x08003304                CW2::_digitalWrite()
 .text._ZN3CW213_digitalWriteEi
                0x08003324       0x2c ..\obj\pin.o
                0x08003324                CW2::_digitalWrite(int)
 .text._ZN3CW212_digitalReadEv
                0x08003350       0x20 ..\obj\pin.o
                0x08003350                CW2::_digitalRead()
 .text._ZN3CW215_setupDigitalInEv
                0x08003370       0x28 ..\obj\pin.o
                0x08003370                CW2::_setupDigitalIn()
 .text._ZN3CW216_setupDigitalOutEv
                0x08003398       0x28 ..\obj\pin.o
                0x08003398                CW2::_setupDigitalOut()
 .text._ZN3CW221_setupDigitalInPullUpEv
                0x080033c0       0x28 ..\obj\pin.o
                0x080033c0                CW2::_setupDigitalInPullUp()
 .text._ZN3CW223_setupDigitalInPullDownEv
                0x080033e8       0x28 ..\obj\pin.o
                0x080033e8                CW2::_setupDigitalInPullDown()
 .text._ZN4CCW213_digitalWriteEv
                0x08003410       0x20 ..\obj\pin.o
                0x08003410                CCW2::_digitalWrite()
 .text._ZN4CCW213_digitalWriteEi
                0x08003430       0x2c ..\obj\pin.o
                0x08003430                CCW2::_digitalWrite(int)
 .text._ZN4CCW212_digitalReadEv
                0x0800345c       0x20 ..\obj\pin.o
                0x0800345c                CCW2::_digitalRead()
 .text._ZN4CCW215_setupDigitalInEv
                0x0800347c       0x28 ..\obj\pin.o
                0x0800347c                CCW2::_setupDigitalIn()
 .text._ZN4CCW216_setupDigitalOutEv
                0x080034a4       0x28 ..\obj\pin.o
                0x080034a4                CCW2::_setupDigitalOut()
 .text._ZN4CCW221_setupDigitalInPullUpEv
                0x080034cc       0x28 ..\obj\pin.o
                0x080034cc                CCW2::_setupDigitalInPullUp()
 .text._ZN4CCW223_setupDigitalInPullDownEv
                0x080034f4       0x28 ..\obj\pin.o
                0x080034f4                CCW2::_setupDigitalInPullDown()
 .text._ZN3CW313_digitalWriteEv
                0x0800351c       0x20 ..\obj\pin.o
                0x0800351c                CW3::_digitalWrite()
 .text._ZN3CW313_digitalWriteEi
                0x0800353c       0x30 ..\obj\pin.o
                0x0800353c                CW3::_digitalWrite(int)
 .text._ZN3CW312_digitalReadEv
                0x0800356c       0x20 ..\obj\pin.o
                0x0800356c                CW3::_digitalRead()
 .text._ZN3CW315_setupDigitalInEv
                0x0800358c       0x28 ..\obj\pin.o
                0x0800358c                CW3::_setupDigitalIn()
 .text._ZN3CW316_setupDigitalOutEv
                0x080035b4       0x28 ..\obj\pin.o
                0x080035b4                CW3::_setupDigitalOut()
 .text._ZN3CW321_setupDigitalInPullUpEv
                0x080035dc       0x28 ..\obj\pin.o
                0x080035dc                CW3::_setupDigitalInPullUp()
 .text._ZN3CW323_setupDigitalInPullDownEv
                0x08003604       0x28 ..\obj\pin.o
                0x08003604                CW3::_setupDigitalInPullDown()
 .text._ZN4CCW313_digitalWriteEv
                0x0800362c       0x20 ..\obj\pin.o
                0x0800362c                CCW3::_digitalWrite()
 .text._ZN4CCW313_digitalWriteEi
                0x0800364c       0x2c ..\obj\pin.o
                0x0800364c                CCW3::_digitalWrite(int)
 .text._ZN4CCW312_digitalReadEv
                0x08003678       0x20 ..\obj\pin.o
                0x08003678                CCW3::_digitalRead()
 .text._ZN4CCW315_setupDigitalInEv
                0x08003698       0x28 ..\obj\pin.o
                0x08003698                CCW3::_setupDigitalIn()
 .text._ZN4CCW316_setupDigitalOutEv
                0x080036c0       0x28 ..\obj\pin.o
                0x080036c0                CCW3::_setupDigitalOut()
 .text._ZN4CCW321_setupDigitalInPullUpEv
                0x080036e8       0x28 ..\obj\pin.o
                0x080036e8                CCW3::_setupDigitalInPullUp()
 .text._ZN4CCW323_setupDigitalInPullDownEv
                0x08003710       0x28 ..\obj\pin.o
                0x08003710                CCW3::_setupDigitalInPullDown()
 .text._ZN3CW413_digitalWriteEv
                0x08003738       0x20 ..\obj\pin.o
                0x08003738                CW4::_digitalWrite()
 .text._ZN3CW413_digitalWriteEi
                0x08003758       0x2c ..\obj\pin.o
                0x08003758                CW4::_digitalWrite(int)
 .text._ZN3CW412_digitalReadEv
                0x08003784       0x20 ..\obj\pin.o
                0x08003784                CW4::_digitalRead()
 .text._ZN3CW415_setupDigitalInEv
                0x080037a4       0x28 ..\obj\pin.o
                0x080037a4                CW4::_setupDigitalIn()
 .text._ZN3CW416_setupDigitalOutEv
                0x080037cc       0x28 ..\obj\pin.o
                0x080037cc                CW4::_setupDigitalOut()
 .text._ZN3CW421_setupDigitalInPullUpEv
                0x080037f4       0x28 ..\obj\pin.o
                0x080037f4                CW4::_setupDigitalInPullUp()
 .text._ZN3CW423_setupDigitalInPullDownEv
                0x0800381c       0x28 ..\obj\pin.o
                0x0800381c                CW4::_setupDigitalInPullDown()
 .text._ZN4CCW413_digitalWriteEv
                0x08003844       0x20 ..\obj\pin.o
                0x08003844                CCW4::_digitalWrite()
 .text._ZN4CCW413_digitalWriteEi
                0x08003864       0x2c ..\obj\pin.o
                0x08003864                CCW4::_digitalWrite(int)
 .text._ZN4CCW412_digitalReadEv
                0x08003890       0x20 ..\obj\pin.o
                0x08003890                CCW4::_digitalRead()
 .text._ZN4CCW415_setupDigitalInEv
                0x080038b0       0x28 ..\obj\pin.o
                0x080038b0                CCW4::_setupDigitalIn()
 .text._ZN4CCW416_setupDigitalOutEv
                0x080038d8       0x28 ..\obj\pin.o
                0x080038d8                CCW4::_setupDigitalOut()
 .text._ZN4CCW421_setupDigitalInPullUpEv
                0x08003900       0x28 ..\obj\pin.o
                0x08003900                CCW4::_setupDigitalInPullUp()
 .text._ZN4CCW423_setupDigitalInPullDownEv
                0x08003928       0x28 ..\obj\pin.o
                0x08003928                CCW4::_setupDigitalInPullDown()
 .text._ZN3CW513_digitalWriteEv
                0x08003950       0x20 ..\obj\pin.o
                0x08003950                CW5::_digitalWrite()
 .text._ZN3CW513_digitalWriteEi
                0x08003970       0x30 ..\obj\pin.o
                0x08003970                CW5::_digitalWrite(int)
 .text._ZN3CW512_digitalReadEv
                0x080039a0       0x20 ..\obj\pin.o
                0x080039a0                CW5::_digitalRead()
 .text._ZN3CW515_setupDigitalInEv
                0x080039c0       0x28 ..\obj\pin.o
                0x080039c0                CW5::_setupDigitalIn()
 .text._ZN3CW516_setupDigitalOutEv
                0x080039e8       0x28 ..\obj\pin.o
                0x080039e8                CW5::_setupDigitalOut()
 .text._ZN3CW521_setupDigitalInPullUpEv
                0x08003a10       0x28 ..\obj\pin.o
                0x08003a10                CW5::_setupDigitalInPullUp()
 .text._ZN3CW523_setupDigitalInPullDownEv
                0x08003a38       0x28 ..\obj\pin.o
                0x08003a38                CW5::_setupDigitalInPullDown()
 .text._ZN4CCW513_digitalWriteEv
                0x08003a60       0x20 ..\obj\pin.o
                0x08003a60                CCW5::_digitalWrite()
 .text._ZN4CCW513_digitalWriteEi
                0x08003a80       0x2c ..\obj\pin.o
                0x08003a80                CCW5::_digitalWrite(int)
 .text._ZN4CCW512_digitalReadEv
                0x08003aac       0x20 ..\obj\pin.o
                0x08003aac                CCW5::_digitalRead()
 .text._ZN4CCW515_setupDigitalInEv
                0x08003acc       0x28 ..\obj\pin.o
                0x08003acc                CCW5::_setupDigitalIn()
 .text._ZN4CCW516_setupDigitalOutEv
                0x08003af4       0x28 ..\obj\pin.o
                0x08003af4                CCW5::_setupDigitalOut()
 .text._ZN4CCW521_setupDigitalInPullUpEv
                0x08003b1c       0x28 ..\obj\pin.o
                0x08003b1c                CCW5::_setupDigitalInPullUp()
 .text._ZN4CCW523_setupDigitalInPullDownEv
                0x08003b44       0x28 ..\obj\pin.o
                0x08003b44                CCW5::_setupDigitalInPullDown()
 .text._ZN2A013_digitalWriteEv
                0x08003b6c       0x20 ..\obj\pin.o
                0x08003b6c                A0::_digitalWrite()
 .text._ZN2A013_digitalWriteEi
                0x08003b8c       0x2c ..\obj\pin.o
                0x08003b8c                A0::_digitalWrite(int)
 .text._ZN2A012_digitalReadEv
                0x08003bb8       0x20 ..\obj\pin.o
                0x08003bb8                A0::_digitalRead()
 .text._ZN2A015_setupDigitalInEv
                0x08003bd8       0x28 ..\obj\pin.o
                0x08003bd8                A0::_setupDigitalIn()
 .text._ZN2A016_setupDigitalOutEv
                0x08003c00       0x2c ..\obj\pin.o
                0x08003c00                A0::_setupDigitalOut()
 .text._ZN2A021_setupDigitalInPullUpEv
                0x08003c2c       0x28 ..\obj\pin.o
                0x08003c2c                A0::_setupDigitalInPullUp()
 .text._ZN2A023_setupDigitalInPullDownEv
                0x08003c54       0x28 ..\obj\pin.o
                0x08003c54                A0::_setupDigitalInPullDown()
 .text._ZN2A113_digitalWriteEv
                0x08003c7c       0x20 ..\obj\pin.o
                0x08003c7c                A1::_digitalWrite()
 .text._ZN2A113_digitalWriteEi
                0x08003c9c       0x2c ..\obj\pin.o
                0x08003c9c                A1::_digitalWrite(int)
 .text._ZN2A112_digitalReadEv
                0x08003cc8       0x20 ..\obj\pin.o
                0x08003cc8                A1::_digitalRead()
 .text._ZN2A115_setupDigitalInEv
                0x08003ce8       0x28 ..\obj\pin.o
                0x08003ce8                A1::_setupDigitalIn()
 .text._ZN2A116_setupDigitalOutEv
                0x08003d10       0x2c ..\obj\pin.o
                0x08003d10                A1::_setupDigitalOut()
 .text._ZN2A121_setupDigitalInPullUpEv
                0x08003d3c       0x28 ..\obj\pin.o
                0x08003d3c                A1::_setupDigitalInPullUp()
 .text._ZN2A123_setupDigitalInPullDownEv
                0x08003d64       0x28 ..\obj\pin.o
                0x08003d64                A1::_setupDigitalInPullDown()
 .text._ZN2A213_digitalWriteEv
                0x08003d8c       0x20 ..\obj\pin.o
                0x08003d8c                A2::_digitalWrite()
 .text._ZN2A213_digitalWriteEi
                0x08003dac       0x2c ..\obj\pin.o
                0x08003dac                A2::_digitalWrite(int)
 .text._ZN2A212_digitalReadEv
                0x08003dd8       0x20 ..\obj\pin.o
                0x08003dd8                A2::_digitalRead()
 .text._ZN2A215_setupDigitalInEv
                0x08003df8       0x28 ..\obj\pin.o
                0x08003df8                A2::_setupDigitalIn()
 .text._ZN2A216_setupDigitalOutEv
                0x08003e20       0x2c ..\obj\pin.o
                0x08003e20                A2::_setupDigitalOut()
 .text._ZN2A221_setupDigitalInPullUpEv
                0x08003e4c       0x28 ..\obj\pin.o
                0x08003e4c                A2::_setupDigitalInPullUp()
 .text._ZN2A223_setupDigitalInPullDownEv
                0x08003e74       0x28 ..\obj\pin.o
                0x08003e74                A2::_setupDigitalInPullDown()
 .text._ZN2A313_digitalWriteEv
                0x08003e9c       0x20 ..\obj\pin.o
                0x08003e9c                A3::_digitalWrite()
 .text._ZN2A313_digitalWriteEi
                0x08003ebc       0x2c ..\obj\pin.o
                0x08003ebc                A3::_digitalWrite(int)
 .text._ZN2A312_digitalReadEv
                0x08003ee8       0x20 ..\obj\pin.o
                0x08003ee8                A3::_digitalRead()
 .text._ZN2A315_setupDigitalInEv
                0x08003f08       0x28 ..\obj\pin.o
                0x08003f08                A3::_setupDigitalIn()
 .text._ZN2A316_setupDigitalOutEv
                0x08003f30       0x2c ..\obj\pin.o
                0x08003f30                A3::_setupDigitalOut()
 .text._ZN2A321_setupDigitalInPullUpEv
                0x08003f5c       0x28 ..\obj\pin.o
                0x08003f5c                A3::_setupDigitalInPullUp()
 .text._ZN2A323_setupDigitalInPullDownEv
                0x08003f84       0x28 ..\obj\pin.o
                0x08003f84                A3::_setupDigitalInPullDown()
 .text._ZN2A413_digitalWriteEv
                0x08003fac       0x20 ..\obj\pin.o
                0x08003fac                A4::_digitalWrite()
 .text._ZN2A413_digitalWriteEi
                0x08003fcc       0x2c ..\obj\pin.o
                0x08003fcc                A4::_digitalWrite(int)
 .text._ZN2A412_digitalReadEv
                0x08003ff8       0x20 ..\obj\pin.o
                0x08003ff8                A4::_digitalRead()
 .text._ZN2A415_setupDigitalInEv
                0x08004018       0x28 ..\obj\pin.o
                0x08004018                A4::_setupDigitalIn()
 .text._ZN2A416_setupDigitalOutEv
                0x08004040       0x2c ..\obj\pin.o
                0x08004040                A4::_setupDigitalOut()
 .text._ZN2A421_setupDigitalInPullUpEv
                0x0800406c       0x28 ..\obj\pin.o
                0x0800406c                A4::_setupDigitalInPullUp()
 .text._ZN2A423_setupDigitalInPullDownEv
                0x08004094       0x28 ..\obj\pin.o
                0x08004094                A4::_setupDigitalInPullDown()
 .text._ZN4Pwm013_digitalWriteEv
                0x080040bc       0x20 ..\obj\pin.o
                0x080040bc                Pwm0::_digitalWrite()
 .text._ZN4Pwm013_digitalWriteEi
                0x080040dc       0x30 ..\obj\pin.o
                0x080040dc                Pwm0::_digitalWrite(int)
 .text._ZN4Pwm012_digitalReadEv
                0x0800410c       0x20 ..\obj\pin.o
                0x0800410c                Pwm0::_digitalRead()
 .text._ZN4Pwm015_setupDigitalInEv
                0x0800412c       0x28 ..\obj\pin.o
                0x0800412c                Pwm0::_setupDigitalIn()
 .text._ZN4Pwm016_setupDigitalOutEv
                0x08004154       0x30 ..\obj\pin.o
                0x08004154                Pwm0::_setupDigitalOut()
 .text._ZN4Pwm021_setupDigitalInPullUpEv
                0x08004184       0x28 ..\obj\pin.o
                0x08004184                Pwm0::_setupDigitalInPullUp()
 .text._ZN4Pwm023_setupDigitalInPullDownEv
                0x080041ac       0x28 ..\obj\pin.o
                0x080041ac                Pwm0::_setupDigitalInPullDown()
 .text._ZN4Pwm113_digitalWriteEv
                0x080041d4       0x20 ..\obj\pin.o
                0x080041d4                Pwm1::_digitalWrite()
 .text._ZN4Pwm113_digitalWriteEi
                0x080041f4       0x2c ..\obj\pin.o
                0x080041f4                Pwm1::_digitalWrite(int)
 .text._ZN4Pwm112_digitalReadEv
                0x08004220       0x20 ..\obj\pin.o
                0x08004220                Pwm1::_digitalRead()
 .text._ZN4Pwm115_setupDigitalInEv
                0x08004240       0x28 ..\obj\pin.o
                0x08004240                Pwm1::_setupDigitalIn()
 .text._ZN4Pwm116_setupDigitalOutEv
                0x08004268       0x2c ..\obj\pin.o
                0x08004268                Pwm1::_setupDigitalOut()
 .text._ZN4Pwm121_setupDigitalInPullUpEv
                0x08004294       0x28 ..\obj\pin.o
                0x08004294                Pwm1::_setupDigitalInPullUp()
 .text._ZN4Pwm123_setupDigitalInPullDownEv
                0x080042bc       0x28 ..\obj\pin.o
                0x080042bc                Pwm1::_setupDigitalInPullDown()
 .text._ZN4Pwm213_digitalWriteEv
                0x080042e4       0x20 ..\obj\pin.o
                0x080042e4                Pwm2::_digitalWrite()
 .text._ZN4Pwm213_digitalWriteEi
                0x08004304       0x2c ..\obj\pin.o
                0x08004304                Pwm2::_digitalWrite(int)
 .text._ZN4Pwm212_digitalReadEv
                0x08004330       0x20 ..\obj\pin.o
                0x08004330                Pwm2::_digitalRead()
 .text._ZN4Pwm215_setupDigitalInEv
                0x08004350       0x28 ..\obj\pin.o
                0x08004350                Pwm2::_setupDigitalIn()
 .text._ZN4Pwm216_setupDigitalOutEv
                0x08004378       0x2c ..\obj\pin.o
                0x08004378                Pwm2::_setupDigitalOut()
 .text._ZN4Pwm221_setupDigitalInPullUpEv
                0x080043a4       0x28 ..\obj\pin.o
                0x080043a4                Pwm2::_setupDigitalInPullUp()
 .text._ZN4Pwm223_setupDigitalInPullDownEv
                0x080043cc       0x28 ..\obj\pin.o
                0x080043cc                Pwm2::_setupDigitalInPullDown()
 .text._ZN4Pwm313_digitalWriteEv
                0x080043f4       0x20 ..\obj\pin.o
                0x080043f4                Pwm3::_digitalWrite()
 .text._ZN4Pwm313_digitalWriteEi
                0x08004414       0x30 ..\obj\pin.o
                0x08004414                Pwm3::_digitalWrite(int)
 .text._ZN4Pwm312_digitalReadEv
                0x08004444       0x20 ..\obj\pin.o
                0x08004444                Pwm3::_digitalRead()
 .text._ZN4Pwm315_setupDigitalInEv
                0x08004464       0x28 ..\obj\pin.o
                0x08004464                Pwm3::_setupDigitalIn()
 .text._ZN4Pwm316_setupDigitalOutEv
                0x0800448c       0x30 ..\obj\pin.o
                0x0800448c                Pwm3::_setupDigitalOut()
 .text._ZN4Pwm321_setupDigitalInPullUpEv
                0x080044bc       0x28 ..\obj\pin.o
                0x080044bc                Pwm3::_setupDigitalInPullUp()
 .text._ZN4Pwm323_setupDigitalInPullDownEv
                0x080044e4       0x28 ..\obj\pin.o
                0x080044e4                Pwm3::_setupDigitalInPullDown()
 .text._ZN4Pwm413_digitalWriteEv
                0x0800450c       0x20 ..\obj\pin.o
                0x0800450c                Pwm4::_digitalWrite()
 .text._ZN4Pwm413_digitalWriteEi
                0x0800452c       0x30 ..\obj\pin.o
                0x0800452c                Pwm4::_digitalWrite(int)
 .text._ZN4Pwm412_digitalReadEv
                0x0800455c       0x20 ..\obj\pin.o
                0x0800455c                Pwm4::_digitalRead()
 .text._ZN4Pwm415_setupDigitalInEv
                0x0800457c       0x28 ..\obj\pin.o
                0x0800457c                Pwm4::_setupDigitalIn()
 .text._ZN4Pwm416_setupDigitalOutEv
                0x080045a4       0x30 ..\obj\pin.o
                0x080045a4                Pwm4::_setupDigitalOut()
 .text._ZN4Pwm421_setupDigitalInPullUpEv
                0x080045d4       0x28 ..\obj\pin.o
                0x080045d4                Pwm4::_setupDigitalInPullUp()
 .text._ZN4Pwm423_setupDigitalInPullDownEv
                0x080045fc       0x28 ..\obj\pin.o
                0x080045fc                Pwm4::_setupDigitalInPullDown()
 .text._ZN4Pwm513_digitalWriteEv
                0x08004624       0x20 ..\obj\pin.o
                0x08004624                Pwm5::_digitalWrite()
 .text._ZN4Pwm513_digitalWriteEi
                0x08004644       0x30 ..\obj\pin.o
                0x08004644                Pwm5::_digitalWrite(int)
 .text._ZN4Pwm512_digitalReadEv
                0x08004674       0x20 ..\obj\pin.o
                0x08004674                Pwm5::_digitalRead()
 .text._ZN4Pwm515_setupDigitalInEv
                0x08004694       0x28 ..\obj\pin.o
                0x08004694                Pwm5::_setupDigitalIn()
 .text._ZN4Pwm516_setupDigitalOutEv
                0x080046bc       0x30 ..\obj\pin.o
                0x080046bc                Pwm5::_setupDigitalOut()
 .text._ZN4Pwm521_setupDigitalInPullUpEv
                0x080046ec       0x28 ..\obj\pin.o
                0x080046ec                Pwm5::_setupDigitalInPullUp()
 .text._ZN4Pwm523_setupDigitalInPullDownEv
                0x08004714       0x28 ..\obj\pin.o
                0x08004714                Pwm5::_setupDigitalInPullDown()
 .text._ZN2A014_setupAnalogInEv
                0x0800473c       0x24 ..\obj\pin.o
                0x0800473c                A0::_setupAnalogIn()
 .text._ZThn8_N2A014_setupAnalogInEv
                0x08004760        0x8 ..\obj\pin.o
                0x08004760                non-virtual thunk to A0::_setupAnalogIn()
 .text._ZN2A011_analogReadEv
                0x08004768       0x40 ..\obj\pin.o
                0x08004768                A0::_analogRead()
 .text._ZThn8_N2A011_analogReadEv
                0x080047a8        0x8 ..\obj\pin.o
                0x080047a8                non-virtual thunk to A0::_analogRead()
 .text._ZN2A114_setupAnalogInEv
                0x080047b0       0x24 ..\obj\pin.o
                0x080047b0                A1::_setupAnalogIn()
 .text._ZThn8_N2A114_setupAnalogInEv
                0x080047d4        0x8 ..\obj\pin.o
                0x080047d4                non-virtual thunk to A1::_setupAnalogIn()
 .text._ZN2A111_analogReadEv
                0x080047dc       0x40 ..\obj\pin.o
                0x080047dc                A1::_analogRead()
 .text._ZThn8_N2A111_analogReadEv
                0x0800481c        0x8 ..\obj\pin.o
                0x0800481c                non-virtual thunk to A1::_analogRead()
 .text._ZN2A214_setupAnalogInEv
                0x08004824       0x24 ..\obj\pin.o
                0x08004824                A2::_setupAnalogIn()
 .text._ZThn8_N2A214_setupAnalogInEv
                0x08004848        0x8 ..\obj\pin.o
                0x08004848                non-virtual thunk to A2::_setupAnalogIn()
 .text._ZN2A211_analogReadEv
                0x08004850       0x40 ..\obj\pin.o
                0x08004850                A2::_analogRead()
 .text._ZThn8_N2A211_analogReadEv
                0x08004890        0x8 ..\obj\pin.o
                0x08004890                non-virtual thunk to A2::_analogRead()
 .text._ZN2A314_setupAnalogInEv
                0x08004898       0x24 ..\obj\pin.o
                0x08004898                A3::_setupAnalogIn()
 .text._ZThn8_N2A314_setupAnalogInEv
                0x080048bc        0x8 ..\obj\pin.o
                0x080048bc                non-virtual thunk to A3::_setupAnalogIn()
 .text._ZN2A311_analogReadEv
                0x080048c4       0x40 ..\obj\pin.o
                0x080048c4                A3::_analogRead()
 .text._ZThn8_N2A311_analogReadEv
                0x08004904        0x8 ..\obj\pin.o
                0x08004904                non-virtual thunk to A3::_analogRead()
 .text._ZN2A414_setupAnalogInEv
                0x0800490c       0x24 ..\obj\pin.o
                0x0800490c                A4::_setupAnalogIn()
 .text._ZThn8_N2A414_setupAnalogInEv
                0x08004930        0x8 ..\obj\pin.o
                0x08004930                non-virtual thunk to A4::_setupAnalogIn()
 .text._ZN2A411_analogReadEv
                0x08004938       0x40 ..\obj\pin.o
                0x08004938                A4::_analogRead()
 .text._ZThn8_N2A411_analogReadEv
                0x08004978        0x8 ..\obj\pin.o
                0x08004978                non-virtual thunk to A4::_analogRead()
 .text._ZN4Enc05setupEv
                0x08004980       0x28 ..\obj\pin.o
                0x08004980                Enc0::setup()
 .text._ZN4Enc05countEv
                0x080049a8       0x30 ..\obj\pin.o
                0x080049a8                Enc0::count()
 .text._ZN4Enc15setupEv
                0x080049d8       0x24 ..\obj\pin.o
                0x080049d8                Enc1::setup()
 .text._ZN4Enc15countEv
                0x080049fc       0x30 ..\obj\pin.o
                0x080049fc                Enc1::count()
 .text._ZN4Enc25setupEv
                0x08004a2c       0x24 ..\obj\pin.o
                0x08004a2c                Enc2::setup()
 .text._ZN4Enc25countEv
                0x08004a50       0x30 ..\obj\pin.o
                0x08004a50                Enc2::count()
 .text._ZN4Pwm012_setupPwmOutEff
                0x08004a80       0x48 ..\obj\pin.o
                0x08004a80                Pwm0::_setupPwmOut(float, float)
 .text._ZThn8_N4Pwm012_setupPwmOutEff
                0x08004ac8        0x8 ..\obj\pin.o
                0x08004ac8                non-virtual thunk to Pwm0::_setupPwmOut(float, float)
 .text._ZN4Pwm09_pwmWriteEf
                0x08004ad0       0x20 ..\obj\pin.o
                0x08004ad0                Pwm0::_pwmWrite(float)
 .text._ZThn8_N4Pwm09_pwmWriteEf
                0x08004af0        0x8 ..\obj\pin.o
                0x08004af0                non-virtual thunk to Pwm0::_pwmWrite(float)
 .text._ZN4Pwm09_pwmWriteEv
                0x08004af8       0x20 ..\obj\pin.o
                0x08004af8                Pwm0::_pwmWrite()
 .text._ZThn8_N4Pwm09_pwmWriteEv
                0x08004b18        0x8 ..\obj\pin.o
                0x08004b18                non-virtual thunk to Pwm0::_pwmWrite()
 .text._ZN4Pwm112_setupPwmOutEff
                0x08004b20       0x44 ..\obj\pin.o
                0x08004b20                Pwm1::_setupPwmOut(float, float)
 .text._ZThn8_N4Pwm112_setupPwmOutEff
                0x08004b64        0x8 ..\obj\pin.o
                0x08004b64                non-virtual thunk to Pwm1::_setupPwmOut(float, float)
 .text._ZN4Pwm19_pwmWriteEf
                0x08004b6c       0x20 ..\obj\pin.o
                0x08004b6c                Pwm1::_pwmWrite(float)
 .text._ZThn8_N4Pwm19_pwmWriteEf
                0x08004b8c        0x8 ..\obj\pin.o
                0x08004b8c                non-virtual thunk to Pwm1::_pwmWrite(float)
 .text._ZN4Pwm19_pwmWriteEv
                0x08004b94       0x20 ..\obj\pin.o
                0x08004b94                Pwm1::_pwmWrite()
 .text._ZThn8_N4Pwm19_pwmWriteEv
                0x08004bb4        0x8 ..\obj\pin.o
                0x08004bb4                non-virtual thunk to Pwm1::_pwmWrite()
 .text._ZN4Pwm212_setupPwmOutEff
                0x08004bbc       0x44 ..\obj\pin.o
                0x08004bbc                Pwm2::_setupPwmOut(float, float)
 .text._ZThn8_N4Pwm212_setupPwmOutEff
                0x08004c00        0x8 ..\obj\pin.o
                0x08004c00                non-virtual thunk to Pwm2::_setupPwmOut(float, float)
 .text._ZN4Pwm29_pwmWriteEf
                0x08004c08       0x20 ..\obj\pin.o
                0x08004c08                Pwm2::_pwmWrite(float)
 .text._ZThn8_N4Pwm29_pwmWriteEf
                0x08004c28        0x8 ..\obj\pin.o
                0x08004c28                non-virtual thunk to Pwm2::_pwmWrite(float)
 .text._ZN4Pwm29_pwmWriteEv
                0x08004c30       0x20 ..\obj\pin.o
                0x08004c30                Pwm2::_pwmWrite()
 .text._ZThn8_N4Pwm29_pwmWriteEv
                0x08004c50        0x8 ..\obj\pin.o
                0x08004c50                non-virtual thunk to Pwm2::_pwmWrite()
 .text._ZN4Pwm312_setupPwmOutEff
                0x08004c58       0x48 ..\obj\pin.o
                0x08004c58                Pwm3::_setupPwmOut(float, float)
 .text._ZThn8_N4Pwm312_setupPwmOutEff
                0x08004ca0        0x8 ..\obj\pin.o
                0x08004ca0                non-virtual thunk to Pwm3::_setupPwmOut(float, float)
 .text._ZN4Pwm39_pwmWriteEf
                0x08004ca8       0x20 ..\obj\pin.o
                0x08004ca8                Pwm3::_pwmWrite(float)
 .text._ZThn8_N4Pwm39_pwmWriteEf
                0x08004cc8        0x8 ..\obj\pin.o
                0x08004cc8                non-virtual thunk to Pwm3::_pwmWrite(float)
 .text._ZN4Pwm39_pwmWriteEv
                0x08004cd0       0x20 ..\obj\pin.o
                0x08004cd0                Pwm3::_pwmWrite()
 .text._ZThn8_N4Pwm39_pwmWriteEv
                0x08004cf0        0x8 ..\obj\pin.o
                0x08004cf0                non-virtual thunk to Pwm3::_pwmWrite()
 .text._ZN4Pwm412_setupPwmOutEff
                0x08004cf8       0x48 ..\obj\pin.o
                0x08004cf8                Pwm4::_setupPwmOut(float, float)
 .text._ZThn8_N4Pwm412_setupPwmOutEff
                0x08004d40        0x8 ..\obj\pin.o
                0x08004d40                non-virtual thunk to Pwm4::_setupPwmOut(float, float)
 .text._ZN4Pwm49_pwmWriteEf
                0x08004d48       0x20 ..\obj\pin.o
                0x08004d48                Pwm4::_pwmWrite(float)
 .text._ZThn8_N4Pwm49_pwmWriteEf
                0x08004d68        0x8 ..\obj\pin.o
                0x08004d68                non-virtual thunk to Pwm4::_pwmWrite(float)
 .text._ZN4Pwm49_pwmWriteEv
                0x08004d70       0x20 ..\obj\pin.o
                0x08004d70                Pwm4::_pwmWrite()
 .text._ZThn8_N4Pwm49_pwmWriteEv
                0x08004d90        0x8 ..\obj\pin.o
                0x08004d90                non-virtual thunk to Pwm4::_pwmWrite()
 .text._ZN4Pwm512_setupPwmOutEff
                0x08004d98       0x48 ..\obj\pin.o
                0x08004d98                Pwm5::_setupPwmOut(float, float)
 .text._ZThn8_N4Pwm512_setupPwmOutEff
                0x08004de0        0x8 ..\obj\pin.o
                0x08004de0                non-virtual thunk to Pwm5::_setupPwmOut(float, float)
 .text._ZN4Pwm59_pwmWriteEf
                0x08004de8       0x20 ..\obj\pin.o
                0x08004de8                Pwm5::_pwmWrite(float)
 .text._ZThn8_N4Pwm59_pwmWriteEf
                0x08004e08        0x8 ..\obj\pin.o
                0x08004e08                non-virtual thunk to Pwm5::_pwmWrite(float)
 .text._ZN4Pwm59_pwmWriteEv
                0x08004e10       0x20 ..\obj\pin.o
                0x08004e10                Pwm5::_pwmWrite()
 .text._ZThn8_N4Pwm59_pwmWriteEv
                0x08004e30        0x8 ..\obj\pin.o
                0x08004e30                non-virtual thunk to Pwm5::_pwmWrite()
 .text._ZN4Led212_setupPwmOutEff
                0x08004e38       0x48 ..\obj\pin.o
                0x08004e38                Led2::_setupPwmOut(float, float)
 .text._ZThn8_N4Led212_setupPwmOutEff
                0x08004e80        0x8 ..\obj\pin.o
                0x08004e80                non-virtual thunk to Led2::_setupPwmOut(float, float)
 .text._ZN4Led29_pwmWriteEf
                0x08004e88       0x20 ..\obj\pin.o
                0x08004e88                Led2::_pwmWrite(float)
 .text._ZThn8_N4Led29_pwmWriteEf
                0x08004ea8        0x8 ..\obj\pin.o
                0x08004ea8                non-virtual thunk to Led2::_pwmWrite(float)
 .text._ZN4Led29_pwmWriteEv
                0x08004eb0       0x20 ..\obj\pin.o
                0x08004eb0                Led2::_pwmWrite()
 .text._ZThn8_N4Led29_pwmWriteEv
                0x08004ed0        0x8 ..\obj\pin.o
                0x08004ed0                non-virtual thunk to Led2::_pwmWrite()
 .text._ZN4Led312_setupPwmOutEff
                0x08004ed8       0x48 ..\obj\pin.o
                0x08004ed8                Led3::_setupPwmOut(float, float)
 .text._ZThn8_N4Led312_setupPwmOutEff
                0x08004f20        0x8 ..\obj\pin.o
                0x08004f20                non-virtual thunk to Led3::_setupPwmOut(float, float)
 .text._ZN4Led39_pwmWriteEf
                0x08004f28       0x20 ..\obj\pin.o
                0x08004f28                Led3::_pwmWrite(float)
 .text._ZThn8_N4Led39_pwmWriteEf
                0x08004f48        0x8 ..\obj\pin.o
                0x08004f48                non-virtual thunk to Led3::_pwmWrite(float)
 .text._ZN4Led39_pwmWriteEv
                0x08004f50       0x20 ..\obj\pin.o
                0x08004f50                Led3::_pwmWrite()
 .text._ZThn8_N4Led39_pwmWriteEv
                0x08004f70        0x8 ..\obj\pin.o
                0x08004f70                non-virtual thunk to Led3::_pwmWrite()
 .text._ZN6Buzzer12_setupPwmOutEff
                0x08004f78       0x44 ..\obj\pin.o
                0x08004f78                Buzzer::_setupPwmOut(float, float)
 .text._ZThn8_N6Buzzer12_setupPwmOutEff
                0x08004fbc        0x8 ..\obj\pin.o
                0x08004fbc                non-virtual thunk to Buzzer::_setupPwmOut(float, float)
 .text._ZN6Buzzer9_pwmWriteEf
                0x08004fc4       0x20 ..\obj\pin.o
                0x08004fc4                Buzzer::_pwmWrite(float)
 .text._ZThn8_N6Buzzer9_pwmWriteEf
                0x08004fe4        0x8 ..\obj\pin.o
                0x08004fe4                non-virtual thunk to Buzzer::_pwmWrite(float)
 .text._ZN6Buzzer9_pwmWriteEv
                0x08004fec       0x20 ..\obj\pin.o
                0x08004fec                Buzzer::_pwmWrite()
 .text._ZThn8_N6Buzzer9_pwmWriteEv
                0x0800500c        0x8 ..\obj\pin.o
                0x0800500c                non-virtual thunk to Buzzer::_pwmWrite()
 .text._ZN7Serial06_setupEiR15SerialInterfaceii
                0x08005014       0x4c ..\obj\pin.o
                0x08005014                Serial0::_setup(int, SerialInterface&, int, int)
 .text._ZN7Serial09charWriteEc
                0x08005060       0x3c ..\obj\pin.o
                0x08005060                Serial0::charWrite(char)
 .text._Z17serial0_interruptv
                0x0800509c       0x2c ..\obj\pin.o
                0x0800509c                serial0_interrupt()
 .text.USART2_IRQHandler
                0x080050c8        0xc ..\obj\pin.o
                0x080050c8                USART2_IRQHandler
 .text._ZN7Serial16_setupEiR15SerialInterfaceii
                0x080050d4       0x50 ..\obj\pin.o
                0x080050d4                Serial1::_setup(int, SerialInterface&, int, int)
 .text._ZN7Serial19charWriteEc
                0x08005124       0x3c ..\obj\pin.o
                0x08005124                Serial1::charWrite(char)
 .text.std_char_out
                0x08005160       0x3c ..\obj\pin.o
                0x08005160                std_char_out
 .text.std_char_out_setup
                0x0800519c       0x60 ..\obj\pin.o
                0x0800519c                std_char_out_setup
 .text._ZN10RingBufferIcLi256EEC2Ev
                0x080051fc       0x28 ..\obj\pin.o
                0x080051fc                RingBuffer<char, 256>::RingBuffer()
                0x080051fc                RingBuffer<char, 256>::RingBuffer()
 .text._ZN10RingBufferIcLi256EE5writeEc
                0x08005224       0x60 ..\obj\pin.o
                0x08005224                RingBuffer<char, 256>::write(char)
 .text._ZN10RingBufferIcLi256EE7isEmptyEv
                0x08005284       0x2c ..\obj\pin.o
                0x08005284                RingBuffer<char, 256>::isEmpty()
 .text._ZN10RingBufferIcLi256EE4readEv
                0x080052b0       0x5c ..\obj\pin.o
                0x080052b0                RingBuffer<char, 256>::read()
 .text._ZN7EncoderC2Ev
                0x0800530c       0x34 ..\obj\main.o
                0x0800530c                Encoder::Encoder()
                0x0800530c                Encoder::Encoder()
 .text._ZN7DigitalC2Ev
                0x08005340       0x20 ..\obj\main.o
                0x08005340                Digital::Digital()
                0x08005340                Digital::Digital()
 .text._ZN6AnalogC2Ev
                0x08005360       0x20 ..\obj\main.o
                0x08005360                Analog::Analog()
                0x08005360                Analog::Analog()
 .text._ZN2A0C2Ev
                0x08005380       0x40 ..\obj\main.o
                0x08005380                A0::A0()
                0x08005380                A0::A0()
 .text._ZN2A1C2Ev
                0x080053c0       0x40 ..\obj\main.o
                0x080053c0                A1::A1()
                0x080053c0                A1::A1()
 .text._ZN2A2C2Ev
                0x08005400       0x40 ..\obj\main.o
                0x08005400                A2::A2()
                0x08005400                A2::A2()
 .text._ZN2A3C2Ev
                0x08005440       0x40 ..\obj\main.o
                0x08005440                A3::A3()
                0x08005440                A3::A3()
 .text._ZN3PwmC2Ev
                0x08005480       0x20 ..\obj\main.o
                0x08005480                Pwm::Pwm()
                0x08005480                Pwm::Pwm()
 .text._ZN4Pwm0C2Ev
                0x080054a0       0x40 ..\obj\main.o
                0x080054a0                Pwm0::Pwm0()
                0x080054a0                Pwm0::Pwm0()
 .text._ZN4Pwm1C2Ev
                0x080054e0       0x40 ..\obj\main.o
                0x080054e0                Pwm1::Pwm1()
                0x080054e0                Pwm1::Pwm1()
 .text._ZN4Pwm2C2Ev
                0x08005520       0x40 ..\obj\main.o
                0x08005520                Pwm2::Pwm2()
                0x08005520                Pwm2::Pwm2()
 .text._ZN5MotorC2ER3PwmR7DigitalS3_
                0x08005560       0x6c ..\obj\main.o
                0x08005560                Motor::Motor(Pwm&, Digital&, Digital&)
                0x08005560                Motor::Motor(Pwm&, Digital&, Digital&)
 .text._ZN4OmniC2ER5MotorS1_S1_R4Enc0R4Enc1R4Enc2
                0x080055cc       0x5c ..\obj\main.o
                0x080055cc                Omni::Omni(Motor&, Motor&, Motor&, Enc0&, Enc1&, Enc2&)
                0x080055cc                Omni::Omni(Motor&, Motor&, Motor&, Enc0&, Enc1&, Enc2&)
 .text._ZN12OmniOdometryC2EfR4Enc0R4Enc1R4Enc2
                0x08005628       0xec ..\obj\main.o
                0x08005628                OmniOdometry::OmniOdometry(float, Enc0&, Enc1&, Enc2&)
                0x08005628                OmniOdometry::OmniOdometry(float, Enc0&, Enc1&, Enc2&)
 .text._ZN6SerialC2Ev
                0x08005714       0x20 ..\obj\main.o
                0x08005714                Serial::Serial()
                0x08005714                Serial::Serial()
 .text._ZN7Serial0C2Ev
                0x08005734       0x24 ..\obj\main.o
                0x08005734                Serial0::Serial0()
                0x08005734                Serial0::Serial0()
 .text._ZN3Sw0C2Ev
                0x08005758       0x24 ..\obj\main.o
                0x08005758                Sw0::Sw0()
                0x08005758                Sw0::Sw0()
 .text._ZN3Sw1C2Ev
                0x0800577c       0x24 ..\obj\main.o
                0x0800577c                Sw1::Sw1()
                0x0800577c                Sw1::Sw1()
 .text._ZN3Sw2C2Ev
                0x080057a0       0x24 ..\obj\main.o
                0x080057a0                Sw2::Sw2()
                0x080057a0                Sw2::Sw2()
 .text._ZN3Sw3C2Ev
                0x080057c4       0x24 ..\obj\main.o
                0x080057c4                Sw3::Sw3()
                0x080057c4                Sw3::Sw3()
 .text._ZN4Led0C2Ev
                0x080057e8       0x24 ..\obj\main.o
                0x080057e8                Led0::Led0()
                0x080057e8                Led0::Led0()
 .text._ZN4Led1C2Ev
                0x0800580c       0x24 ..\obj\main.o
                0x0800580c                Led1::Led1()
                0x0800580c                Led1::Led1()
 .text._ZN4Led2C2Ev
                0x08005830       0x38 ..\obj\main.o
                0x08005830                Led2::Led2()
                0x08005830                Led2::Led2()
 .text._ZN4Led3C2Ev
                0x08005868       0x38 ..\obj\main.o
                0x08005868                Led3::Led3()
                0x08005868                Led3::Led3()
 .text._ZN4Enc0C2Ev
                0x080058a0       0x24 ..\obj\main.o
                0x080058a0                Enc0::Enc0()
                0x080058a0                Enc0::Enc0()
 .text._ZN4Enc1C2Ev
                0x080058c4       0x24 ..\obj\main.o
                0x080058c4                Enc1::Enc1()
                0x080058c4                Enc1::Enc1()
 .text._ZN4Enc2C2Ev
                0x080058e8       0x24 ..\obj\main.o
                0x080058e8                Enc2::Enc2()
                0x080058e8                Enc2::Enc2()
 .text._ZN3CW0C2Ev
                0x0800590c       0x24 ..\obj\main.o
                0x0800590c                CW0::CW0()
                0x0800590c                CW0::CW0()
 .text._ZN4CCW0C2Ev
                0x08005930       0x24 ..\obj\main.o
                0x08005930                CCW0::CCW0()
                0x08005930                CCW0::CCW0()
 .text._ZN3CW1C2Ev
                0x08005954       0x24 ..\obj\main.o
                0x08005954                CW1::CW1()
                0x08005954                CW1::CW1()
 .text._ZN4CCW1C2Ev
                0x08005978       0x24 ..\obj\main.o
                0x08005978                CCW1::CCW1()
                0x08005978                CCW1::CCW1()
 .text._ZN3CW2C2Ev
                0x0800599c       0x24 ..\obj\main.o
                0x0800599c                CW2::CW2()
                0x0800599c                CW2::CW2()
 .text._ZN4CCW2C2Ev
                0x080059c0       0x24 ..\obj\main.o
                0x080059c0                CCW2::CCW2()
                0x080059c0                CCW2::CCW2()
 *fill*         0x080059e4        0x4 
 .text.main     0x080059e8     0x1c50 ..\obj\main.o
                0x080059e8                main
 .text.RCC_GetClocksFreq
                0x08007638      0x154 ..\obj\stm32f4xx_rcc.o
                0x08007638                RCC_GetClocksFreq
 .text.RCC_AHB1PeriphClockCmd
                0x0800778c       0x3c ..\obj\stm32f4xx_rcc.o
                0x0800778c                RCC_AHB1PeriphClockCmd
 .text.RCC_APB1PeriphClockCmd
                0x080077c8       0x3c ..\obj\stm32f4xx_rcc.o
                0x080077c8                RCC_APB1PeriphClockCmd
 .text.RCC_APB2PeriphClockCmd
                0x08007804       0x3c ..\obj\stm32f4xx_rcc.o
                0x08007804                RCC_APB2PeriphClockCmd
 .text.RCC_APB2PeriphResetCmd
                0x08007840       0x3c ..\obj\stm32f4xx_rcc.o
                0x08007840                RCC_APB2PeriphResetCmd
 .text.system_setup
                0x0800787c       0x2c ..\obj\system.o
                0x0800787c                system_setup
 .text.ADC_DeInit
                0x080078a8       0x1c ..\obj\stm32f4xx_adc.o
                0x080078a8                ADC_DeInit
 .text.ADC_Init
                0x080078c4       0xa8 ..\obj\stm32f4xx_adc.o
                0x080078c4                ADC_Init
 .text.ADC_StructInit
                0x0800796c       0x3c ..\obj\stm32f4xx_adc.o
                0x0800796c                ADC_StructInit
 .text.ADC_CommonInit
                0x080079a8       0x50 ..\obj\stm32f4xx_adc.o
                0x080079a8                ADC_CommonInit
 .text.ADC_CommonStructInit
                0x080079f8       0x2c ..\obj\stm32f4xx_adc.o
                0x080079f8                ADC_CommonStructInit
 .text.ADC_Cmd  0x08007a24       0x38 ..\obj\stm32f4xx_adc.o
                0x08007a24                ADC_Cmd
 .text.ADC_RegularChannelConfig
                0x08007a5c      0x194 ..\obj\stm32f4xx_adc.o
                0x08007a5c                ADC_RegularChannelConfig
 .text.ADC_SoftwareStartConv
                0x08007bf0       0x20 ..\obj\stm32f4xx_adc.o
                0x08007bf0                ADC_SoftwareStartConv
 .text.ADC_DMACmd
                0x08007c10       0x38 ..\obj\stm32f4xx_adc.o
                0x08007c10                ADC_DMACmd
 .text.ADC_DMARequestAfterLastTransferCmd
                0x08007c48       0x38 ..\obj\stm32f4xx_adc.o
                0x08007c48                ADC_DMARequestAfterLastTransferCmd
 .text.Select_ADC_channel
                0x08007c80      0x100 ..\obj\config_adc.o
                0x08007c80                Select_ADC_channel
 .text.Init_ADC1
                0x08007d80      0x1d0 ..\obj\config_adc.o
                0x08007d80                Init_ADC1
 .text.get_ADC1_value
                0x08007f50       0x64 ..\obj\config_adc.o
                0x08007f50                get_ADC1_value
 *fill*         0x08007fb4        0x4 
 .text._ZN12OmniOdometry6updateEv
                0x08007fb8      0x770 ..\obj\odometry.o
                0x08007fb8                OmniOdometry::update()
 .text._Z3absi  0x08008728       0x24 ..\obj\odometry.o
                0x08008728                abs(int)
 .text._ZN5Motor5driveEfii
                0x0800874c       0x60 ..\obj\motor.o
                0x0800874c                Motor::drive(float, int, int)
 *fill*         0x080087ac        0x4 
 .text._ZN4Omni5driveEfff
                0x080087b0     0x1208 ..\obj\motor.o
                0x080087b0                Omni::drive(float, float, float)
 .text._Z3absf  0x080099b8       0x2c ..\obj\motor.o
                0x080099b8                abs(float)
 .text.NMI_Handler
                0x080099e4       0x1c ..\obj\error.o
                0x080099e4                NMI_Handler
 .text.HardFault_Handler
                0x08009a00       0x1c ..\obj\error.o
                0x08009a00                HardFault_Handler
 .text.MemManage_Handler
                0x08009a1c       0x1c ..\obj\error.o
                0x08009a1c                MemManage_Handler
 .text.BusFault_Handler
                0x08009a38       0x1c ..\obj\error.o
                0x08009a38                BusFault_Handler
 .text.UsageFault_Handler
                0x08009a54       0x1c ..\obj\error.o
                0x08009a54                UsageFault_Handler
 .text.SVC_Handler
                0x08009a70       0x1c ..\obj\error.o
                0x08009a70                SVC_Handler
 .text.DebugMon_Handler
                0x08009a8c       0x1c ..\obj\error.o
                0x08009a8c                DebugMon_Handler
 .text.PendSV_Handler
                0x08009aa8       0x1c ..\obj\error.o
                0x08009aa8                PendSV_Handler
 .text.NVIC_SetPriority
                0x08009ac4       0x54 ..\obj\config_systick.o
 .text.SysTick_Config
                0x08009b18       0x44 ..\obj\config_systick.o
 .text.Init_SysTick
                0x08009b5c       0x44 ..\obj\config_systick.o
                0x08009b5c                Init_SysTick
 .text.SD_ProcessIRQSrc
                0x08009ba0       0xc8 ..\obj\stm32_ub_sdcard.o
                0x08009ba0                SD_ProcessIRQSrc
 .text.SD_ProcessDMAIRQ
                0x08009c68       0x30 ..\obj\stm32_ub_sdcard.o
                0x08009c68                SD_ProcessDMAIRQ
 .text.SDIO_IRQHandler
                0x08009c98        0xc ..\obj\stm32_ub_sdcard.o
                0x08009c98                SDIO_IRQHandler
 .text.DMA2_Stream3_IRQHandler
                0x08009ca4        0xc ..\obj\stm32_ub_sdcard.o
                0x08009ca4                DMA2_Stream3_IRQHandler
 .text.GPIO_Init
                0x08009cb0      0x11c ..\obj\stm32f4xx_gpio.o
                0x08009cb0                GPIO_Init
 .text.GPIO_StructInit
                0x08009dcc       0x34 ..\obj\stm32f4xx_gpio.o
                0x08009dcc                GPIO_StructInit
 .text.GPIO_ReadInputDataBit
                0x08009e00       0x34 ..\obj\stm32f4xx_gpio.o
                0x08009e00                GPIO_ReadInputDataBit
 .text.GPIO_ReadOutputDataBit
                0x08009e34       0x34 ..\obj\stm32f4xx_gpio.o
                0x08009e34                GPIO_ReadOutputDataBit
 .text.GPIO_SetBits
                0x08009e68       0x1c ..\obj\stm32f4xx_gpio.o
                0x08009e68                GPIO_SetBits
 .text.GPIO_ResetBits
                0x08009e84       0x1c ..\obj\stm32f4xx_gpio.o
                0x08009e84                GPIO_ResetBits
 .text.GPIO_PinAFConfig
                0x08009ea0       0x90 ..\obj\stm32f4xx_gpio.o
                0x08009ea0                GPIO_PinAFConfig
 .text.SystemInit
                0x08009f30       0x58 ..\obj\system_stm32f4xx.o
                0x08009f30                SystemInit
 .text.SystemCoreClockUpdate
                0x08009f88       0xf8 ..\obj\system_stm32f4xx.o
                0x08009f88                SystemCoreClockUpdate
 .text.SetSysClock
                0x0800a080       0xf4 ..\obj\system_stm32f4xx.o
 .text._sbrk    0x0800a174       0x40 ..\obj\syscalls.o
                0x0800a174                _sbrk
 .text._close   0x0800a1b4       0x18 ..\obj\syscalls.o
                0x0800a1b4                _close
 .text._fstat   0x0800a1cc       0x20 ..\obj\syscalls.o
                0x0800a1cc                _fstat
 .text._isatty  0x0800a1ec       0x18 ..\obj\syscalls.o
                0x0800a1ec                _isatty
 .text._lseek   0x0800a204       0x1c ..\obj\syscalls.o
                0x0800a204                _lseek
 .text._read    0x0800a220       0x1c ..\obj\syscalls.o
                0x0800a220                _read
 .text._write   0x0800a23c       0x38 ..\obj\syscalls.o
                0x0800a23c                _write
 .text.abort    0x0800a274        0x8 ..\obj\syscalls.o
                0x0800a274                abort
 .text.DMA_DeInit
                0x0800a27c      0x1a4 ..\obj\stm32f4xx_dma.o
                0x0800a27c                DMA_DeInit
 .text.DMA_Init
                0x0800a420       0xac ..\obj\stm32f4xx_dma.o
                0x0800a420                DMA_Init
 .text.DMA_StructInit
                0x0800a4cc       0x6c ..\obj\stm32f4xx_dma.o
                0x0800a4cc                DMA_StructInit
 .text.DMA_Cmd  0x0800a538       0x38 ..\obj\stm32f4xx_dma.o
                0x0800a538                DMA_Cmd
 .text.DMA_ClearFlag
                0x0800a570       0x5c ..\obj\stm32f4xx_dma.o
                0x0800a570                DMA_ClearFlag
 .text.USB_OTG_BSP_uDelay
                0x0800a5cc       0x48 ..\obj\usb_bsp.o
                0x0800a5cc                USB_OTG_BSP_uDelay
 .text.USBD_StdDevReq
                0x0800a614       0xa0 ..\obj\usbd_req.o
                0x0800a614                USBD_StdDevReq
 .text.USBD_StdItfReq
                0x0800a6b4       0x68 ..\obj\usbd_req.o
                0x0800a6b4                USBD_StdItfReq
 .text.USBD_StdEPReq
                0x0800a71c      0x1b0 ..\obj\usbd_req.o
                0x0800a71c                USBD_StdEPReq
 .text.USBD_GetDescriptor
                0x0800a8cc      0x1b8 ..\obj\usbd_req.o
 .text.USBD_SetAddress
                0x0800aa84       0x7c ..\obj\usbd_req.o
 .text.USBD_SetConfig
                0x0800ab00       0xf4 ..\obj\usbd_req.o
 .text.USBD_GetConfig
                0x0800abf4       0x60 ..\obj\usbd_req.o
 .text.USBD_GetStatus
                0x0800ac54       0x50 ..\obj\usbd_req.o
 .text.USBD_SetFeature
                0x0800aca4       0xcc ..\obj\usbd_req.o
 .text.USBD_ClrFeature
                0x0800ad70       0x50 ..\obj\usbd_req.o
 .text.USBD_ParseSetupRequest
                0x0800adc0       0x90 ..\obj\usbd_req.o
                0x0800adc0                USBD_ParseSetupRequest
 .text.USBD_CtlError
                0x0800ae50       0x48 ..\obj\usbd_req.o
                0x0800ae50                USBD_CtlError
 .text.USBD_OTG_ISR_Handler
                0x0800ae98      0x15c ..\obj\usb_dcd_int.o
                0x0800ae98                USBD_OTG_ISR_Handler
 .text.DCD_HandleResume_ISR
                0x0800aff4       0x80 ..\obj\usb_dcd_int.o
 .text.DCD_HandleUSBSuspend_ISR
                0x0800b074       0x9c ..\obj\usb_dcd_int.o
 .text.DCD_HandleInEP_ISR
                0x0800b110      0x1ec ..\obj\usb_dcd_int.o
 .text.DCD_HandleOutEP_ISR
                0x0800b2fc      0x178 ..\obj\usb_dcd_int.o
 .text.DCD_HandleSof_ISR
                0x0800b474       0x34 ..\obj\usb_dcd_int.o
 .text.DCD_HandleRxStatusQueueLevel_ISR
                0x0800b4a8      0x104 ..\obj\usb_dcd_int.o
 .text.DCD_WriteEmptyTxFifo
                0x0800b5ac       0xe4 ..\obj\usb_dcd_int.o
 .text.DCD_HandleUsbReset_ISR
                0x0800b690      0x138 ..\obj\usb_dcd_int.o
 .text.DCD_HandleEnumDone_ISR
                0x0800b7c8       0x78 ..\obj\usb_dcd_int.o
 .text.DCD_IsoINIncomplete_ISR
                0x0800b840       0x34 ..\obj\usb_dcd_int.o
 .text.DCD_IsoOUTIncomplete_ISR
                0x0800b874       0x34 ..\obj\usb_dcd_int.o
 .text.DCD_ReadDevInEP
                0x0800b8a8       0x50 ..\obj\usb_dcd_int.o
 .text.EXTI_ClearITPendingBit
                0x0800b8f8       0x1c ..\obj\stm32f4xx_exti.o
                0x0800b8f8                EXTI_ClearITPendingBit
 .text.Analysis_GPIO_Pin
                0x0800b914      0x168 ..\obj\name_converter.o
                0x0800b914                Analysis_GPIO_Pin
 .text.GPIO_af_USART_select
                0x0800ba7c       0x84 ..\obj\name_converter.o
                0x0800ba7c                GPIO_af_USART_select
 .text.USART_irqn_select
                0x0800bb00       0x84 ..\obj\name_converter.o
                0x0800bb00                USART_irqn_select
 .text.Tim_irqn_select
                0x0800bb84       0x94 ..\obj\name_converter.o
                0x0800bb84                Tim_irqn_select
 .text.RCC_PeriphClock_TIM
                0x0800bc18      0x1b0 ..\obj\name_converter.o
                0x0800bc18                RCC_PeriphClock_TIM
 .text.RCC_PeriphClock_USART
                0x0800bdc8      0x12c ..\obj\name_converter.o
                0x0800bdc8                RCC_PeriphClock_USART
 .text.NVIC_Configuration
                0x0800bef4       0x2c ..\obj\name_converter.o
                0x0800bef4                NVIC_Configuration
 .text.Pin_select_source
                0x0800bf20       0xec ..\obj\name_converter.o
                0x0800bf20                Pin_select_source
 .text.Tim_select_af
                0x0800c00c       0xb8 ..\obj\name_converter.o
                0x0800c00c                Tim_select_af
 .text.NVIC_PriorityGroupConfig
                0x0800c0c4       0x24 ..\obj\misc.o
                0x0800c0c4                NVIC_PriorityGroupConfig
 .text.NVIC_Init
                0x0800c0e8       0xc0 ..\obj\misc.o
                0x0800c0e8                NVIC_Init
 .text.DCD_EP_Open
                0x0800c1a8       0xa8 ..\obj\usb_dcd.o
                0x0800c1a8                DCD_EP_Open
 .text.DCD_EP_PrepareRx
                0x0800c250       0x84 ..\obj\usb_dcd.o
                0x0800c250                DCD_EP_PrepareRx
 .text.DCD_EP_Tx
                0x0800c2d4       0x78 ..\obj\usb_dcd.o
                0x0800c2d4                DCD_EP_Tx
 .text.DCD_EP_Stall
                0x0800c34c       0x74 ..\obj\usb_dcd.o
                0x0800c34c                DCD_EP_Stall
 .text.DCD_EP_ClrStall
                0x0800c3c0       0x74 ..\obj\usb_dcd.o
                0x0800c3c0                DCD_EP_ClrStall
 .text.DCD_EP_SetAddress
                0x0800c434       0x3c ..\obj\usb_dcd.o
                0x0800c434                DCD_EP_SetAddress
 .text._ZN15SerialInterface14serialReadCharEc
                0x0800c470       0xd4 ..\obj\serial.o
                0x0800c470                SerialInterface::serialReadChar(char)
 .text._ZN6Serial6printfEPKcz
                0x0800c544       0x48 ..\obj\serial.o
                0x0800c544                Serial::printf(char const*, ...)
 .text.USBD_CtlSendData
                0x0800c58c       0x40 ..\obj\usbd_ioreq.o
                0x0800c58c                USBD_CtlSendData
 .text.USBD_CtlContinueSendData
                0x0800c5cc       0x28 ..\obj\usbd_ioreq.o
                0x0800c5cc                USBD_CtlContinueSendData
 .text.USBD_CtlContinueRx
                0x0800c5f4       0x28 ..\obj\usbd_ioreq.o
                0x0800c5f4                USBD_CtlContinueRx
 .text.USBD_CtlSendStatus
                0x0800c61c       0x30 ..\obj\usbd_ioreq.o
                0x0800c61c                USBD_CtlSendStatus
 .text.USBD_CtlReceiveStatus
                0x0800c64c       0x30 ..\obj\usbd_ioreq.o
                0x0800c64c                USBD_CtlReceiveStatus
 .text.Init_USART
                0x0800c67c       0xdc ..\obj\config_usart.o
                0x0800c67c                Init_USART
 .text.TIM_TimeBaseInit
                0x0800c758       0xd4 ..\obj\stm32f4xx_tim.o
                0x0800c758                TIM_TimeBaseInit
 .text.TIM_PrescalerConfig
                0x0800c82c       0x28 ..\obj\stm32f4xx_tim.o
                0x0800c82c                TIM_PrescalerConfig
 .text.TIM_SetCounter
                0x0800c854       0x1c ..\obj\stm32f4xx_tim.o
                0x0800c854                TIM_SetCounter
 .text.TIM_GetCounter
                0x0800c870       0x18 ..\obj\stm32f4xx_tim.o
                0x0800c870                TIM_GetCounter
 .text.TIM_ARRPreloadConfig
                0x0800c888       0x40 ..\obj\stm32f4xx_tim.o
                0x0800c888                TIM_ARRPreloadConfig
 .text.TIM_Cmd  0x0800c8c8       0x40 ..\obj\stm32f4xx_tim.o
                0x0800c8c8                TIM_Cmd
 .text.TIM_OC1Init
                0x0800c908       0xf4 ..\obj\stm32f4xx_tim.o
                0x0800c908                TIM_OC1Init
 .text.TIM_OC2Init
                0x0800c9fc      0x110 ..\obj\stm32f4xx_tim.o
                0x0800c9fc                TIM_OC2Init
 .text.TIM_OC3Init
                0x0800cb0c      0x10c ..\obj\stm32f4xx_tim.o
                0x0800cb0c                TIM_OC3Init
 .text.TIM_OC4Init
                0x0800cc18       0xcc ..\obj\stm32f4xx_tim.o
                0x0800cc18                TIM_OC4Init
 .text.TIM_OC1PreloadConfig
                0x0800cce4       0x38 ..\obj\stm32f4xx_tim.o
                0x0800cce4                TIM_OC1PreloadConfig
 .text.TIM_OC2PreloadConfig
                0x0800cd1c       0x3c ..\obj\stm32f4xx_tim.o
                0x0800cd1c                TIM_OC2PreloadConfig
 .text.TIM_OC3PreloadConfig
                0x0800cd58       0x38 ..\obj\stm32f4xx_tim.o
                0x0800cd58                TIM_OC3PreloadConfig
 .text.TIM_OC4PreloadConfig
                0x0800cd90       0x3c ..\obj\stm32f4xx_tim.o
                0x0800cd90                TIM_OC4PreloadConfig
 .text.TIM_BDTRConfig
                0x0800cdcc       0x50 ..\obj\stm32f4xx_tim.o
                0x0800cdcc                TIM_BDTRConfig
 .text.TIM_BDTRStructInit
                0x0800ce1c       0x3c ..\obj\stm32f4xx_tim.o
                0x0800ce1c                TIM_BDTRStructInit
 .text.TIM_CtrlPWMOutputs
                0x0800ce58       0x4c ..\obj\stm32f4xx_tim.o
                0x0800ce58                TIM_CtrlPWMOutputs
 .text.TIM_ITConfig
                0x0800cea4       0x48 ..\obj\stm32f4xx_tim.o
                0x0800cea4                TIM_ITConfig
 .text.TIM_ClearITPendingBit
                0x0800ceec       0x20 ..\obj\stm32f4xx_tim.o
                0x0800ceec                TIM_ClearITPendingBit
 .text.TIM_EncoderInterfaceConfig
                0x0800cf0c       0x98 ..\obj\stm32f4xx_tim.o
                0x0800cf0c                TIM_EncoderInterfaceConfig
 .text.cos      0x0800cfa4       0x88 c:/program files (x86)/gnu tools arm embedded/4.9 2014q4/bin/../lib/gcc/arm-none-eabi/4.9.3/../../../../arm-none-eabi/lib/armv7e-m\libm.a(lib_a-s_cos.o)
                0x0800cfa4                cos