Archive member included because of file (symbol)

c:/program files (x86)/gnu tools arm embedded/4.9 2014q4/bin/../lib/gcc/arm-none-eabi/4.9.3/../../../../arm-none-eabi/lib/armv7e-m\libm.a(lib_a-s_cos.o)
                              ..\obj\utilplus.o (cos)
c:/program files (x86)/gnu tools arm embedded/4.9 2014q4/bin/../lib/gcc/arm-none-eabi/4.9.3/../../../../arm-none-eabi/lib/armv7e-m\libm.a(lib_a-s_sin.o)
                              ..\obj\utilplus.o (sin)
c:/program files (x86)/gnu tools arm embedded/4.9 2014q4/bin/../lib/gcc/arm-none-eabi/4.9.3/../../../../arm-none-eabi/lib/armv7e-m\libm.a(lib_a-sf_cos.o)
                              ..\obj\utilplus.o (cosf)
c:/program files (x86)/gnu tools arm embedded/4.9 2014q4/bin/../lib/gcc/arm-none-eabi/4.9.3/../../../../arm-none-eabi/lib/armv7e-m\libm.a(lib_a-sf_sin.o)
                              ..\obj\utilplus.o (sinf)
c:/program files (x86)/gnu tools arm embedded/4.9 2014q4/bin/../lib/gcc/arm-none-eabi/4.9.3/../../../../arm-none-eabi/lib/armv7e-m\libm.a(lib_a-w_pow.o)
                              ..\obj\name_converter.o (pow)
c:/program files (x86)/gnu tools arm embedded/4.9 2014q4/bin/../lib/gcc/arm-none-eabi/4.9.3/../../../../arm-none-eabi/lib/armv7e-m\libm.a(lib_a-wf_acos.o)
                              ..\obj\utilplus.o (acosf)
c:/program files (x86)/gnu tools arm embedded/4.9 2014q4/bin/../lib/gcc/arm-none-eabi/4.9.3/../../../../arm-none-eabi/lib/armv7e-m\libm.a(lib_a-wf_atan2.o)
                              ..\obj\utilplus.o (atan2f)
c:/program files (x86)/gnu tools arm embedded/4.9 2014q4/bin/../lib/gcc/arm-none-eabi/4.9.3/../../../../arm-none-eabi/lib/armv7e-m\libm.a(lib_a-wf_pow.o)
                              ..\obj\utilplus.o (powf)
c:/program files (x86)/gnu tools arm embedded/4.9 2014q4/bin/../lib/gcc/arm-none-eabi/4.9.3/../../../../arm-none-eabi/lib/armv7e-m\libm.a(lib_a-wf_sqrt.o)
                              ..\obj\utilplus.o (sqrtf)
c:/program files (x86)/gnu tools arm embedded/4.9 2014q4/bin/../lib/gcc/arm-none-eabi/4.9.3/../../../../arm-none-eabi/lib/armv7e-m\libm.a(lib_a-e_pow.o)
                              c:/program files (x86)/gnu tools arm embedded/4.9 2014q4/bin/../lib/gcc/arm-none-eabi/4.9.3/../../../../arm-none-eabi/lib/armv7e-m\libm.a(lib_a-w_pow.o) (__ieee754_pow)
c:/program files (x86)/gnu tools arm embedded/4.9 2014q4/bin/../lib/gcc/arm-none-eabi/4.9.3/../../../../arm-none-eabi/lib/armv7e-m\libm.a(lib_a-e_rem_pio2.o)
                              c:/program files (x86)/gnu tools arm embedded/4.9 2014q4/bin/../lib/gcc/arm-none-eabi/4.9.3/../../../../arm-none-eabi/lib/armv7e-m\libm.a(lib_a-s_cos.o) (__ieee754_rem_pio2)
c:/program files (x86)/gnu tools arm embedded/4.9 2014q4/bin/../lib/gcc/arm-none-eabi/4.9.3/../../../../arm-none-eabi/lib/armv7e-m\libm.a(lib_a-e_sqrt.o)
                              c:/program files (x86)/gnu tools arm embedded/4.9 2014q4/bin/../lib/gcc/arm-none-eabi/4.9.3/../../../../arm-none-eabi/lib/armv7e-m\libm.a(lib_a-e_pow.o) (__ieee754_sqrt)
c:/program files (x86)/gnu tools arm embedded/4.9 2014q4/bin/../lib/gcc/arm-none-eabi/4.9.3/../../../../arm-none-eabi/lib/armv7e-m\libm.a(lib_a-ef_acos.o)
                              c:/program files (x86)/gnu tools arm embedded/4.9 2014q4/bin/../lib/gcc/arm-none-eabi/4.9.3/../../../../arm-none-eabi/lib/armv7e-m\libm.a(lib_a-wf_acos.o) (__ieee754_acosf)
c:/program files (x86)/gnu tools arm embedded/4.9 2014q4/bin/../lib/gcc/arm-none-eabi/4.9.3/../../../../arm-none-eabi/lib/armv7e-m\libm.a(lib_a-ef_atan2.o)
                              c:/program files (x86)/gnu tools arm embedded/4.9 2014q4/bin/../lib/gcc/arm-none-eabi/4.9.3/../../../../arm-none-eabi/lib/armv7e-m\libm.a(lib_a-wf_atan2.o) (__ieee754_atan2f)
c:/program files (x86)/gnu tools arm embedded/4.9 2014q4/bin/../lib/gcc/arm-none-eabi/4.9.3/../../../../arm-none-eabi/lib/armv7e-m\libm.a(lib_a-ef_pow.o)
                              c:/program files (x86)/gnu tools arm embedded/4.9 2014q4/bin/../lib/gcc/arm-none-eabi/4.9.3/../../../../arm-none-eabi/lib/armv7e-m\libm.a(lib_a-wf_pow.o) (__ieee754_powf)
c:/program files (x86)/gnu tools arm embedded/4.9 2014q4/bin/../lib/gcc/arm-none-eabi/4.9.3/../../../../arm-none-eabi/lib/armv7e-m\libm.a(lib_a-ef_rem_pio2.o)
                              c:/program files (x86)/gnu tools arm embedded/4.9 2014q4/bin/../lib/gcc/arm-none-eabi/4.9.3/../../../../arm-none-eabi/lib/armv7e-m\libm.a(lib_a-sf_cos.o) (__ieee754_rem_pio2f)
c:/program files (x86)/gnu tools arm embedded/4.9 2014q4/bin/../lib/gcc/arm-none-eabi/4.9.3/../../../../arm-none-eabi/lib/armv7e-m\libm.a(lib_a-ef_sqrt.o)
                              c:/program files (x86)/gnu tools arm embedded/4.9 2014q4/bin/../lib/gcc/arm-none-eabi/4.9.3/../../../../arm-none-eabi/lib/armv7e-m\libm.a(lib_a-wf_sqrt.o) (__ieee754_sqrtf)
c:/program files (x86)/gnu tools arm embedded/4.9 2014q4/bin/../lib/gcc/arm-none-eabi/4.9.3/../../../../arm-none-eabi/lib/armv7e-m\libm.a(lib_a-k_cos.o)
[...]
Memory Configuration

Name             Origin             Length             Attributes
rom              0x08000000         0x00100000         xr
ram              0x20000000         0x00020000         xrw
ram1             0x10000000         0x00010000         xrw
*default*        0x00000000         0xffffffff

Linker script and memory map

LOAD c:/program files (x86)/gnu tools arm embedded/4.9 2014q4/bin/../lib/gcc/arm-none-eabi/4.9.3/armv7e-m/crti.o
LOAD c:/program files (x86)/gnu tools arm embedded/4.9 2014q4/bin/../lib/gcc/arm-none-eabi/4.9.3/armv7e-m/crtbegin.o
LOAD c:/program files (x86)/gnu tools arm embedded/4.9 2014q4/bin/../lib/gcc/arm-none-eabi/4.9.3/../../../../arm-none-eabi/lib/armv7e-m/crt0.o
                0x20020000                _eram = 0x20020000

.text           0x08000000    0x1f150
 *(.isr_vector)
 .isr_vector    0x08000000      0x188 ..\obj\startup_stm32f4xx.o
                0x08000000                g_pfnVectors
 *(.text*)
 .text          0x08000188       0x5c c:/program files (x86)/gnu tools arm embedded/4.9 2014q4/bin/../lib/gcc/arm-none-eabi/4.9.3/armv7e-m/crtbegin.o
 .text.Set_duty
                0x080001e4       0xc4 ..\obj\config_pwm.o
                0x080001e4                Set_duty
 .text.Read_duty
                0x080002a8       0x68 ..\obj\config_pwm.o
                0x080002a8                Read_duty
 .text.Init_PWM
                0x08000310      0x2b4 ..\obj\config_pwm.o
                0x08000310                Init_PWM
 .text.USB_OTG_WritePacket
                0x080005c4       0x78 ..\obj\usb_core.o
                0x080005c4                USB_OTG_WritePacket
 .text.USB_OTG_ReadPacket
                0x0800063c       0x58 ..\obj\usb_core.o
                0x0800063c                USB_OTG_ReadPacket
 .text.USB_OTG_FlushTxFifo
                0x08000694       0x7c ..\obj\usb_core.o
                0x08000694                USB_OTG_FlushTxFifo
 .text.USB_OTG_GetMode
                0x08000710       0x20 ..\obj\usb_core.o
                0x08000710                USB_OTG_GetMode
 .text.USB_OTG_IsDeviceMode
                0x08000730       0x24 ..\obj\usb_core.o
                0x08000730                USB_OTG_IsDeviceMode
 .text.USB_OTG_ReadCoreItr
                0x08000754       0x30 ..\obj\usb_core.o
                0x08000754                USB_OTG_ReadCoreItr
 .text.USB_OTG_GetDeviceSpeed
                0x08000784       0x48 ..\obj\usb_core.o
                0x08000784                USB_OTG_GetDeviceSpeed
 .text.USB_OTG_EP0Activate
                0x080007cc       0x78 ..\obj\usb_core.o
                0x080007cc                USB_OTG_EP0Activate
 .text.USB_OTG_EPActivate
                0x08000844       0xdc ..\obj\usb_core.o
                0x08000844                USB_OTG_EPActivate
 .text.USB_OTG_EPStartXfer
                0x08000920      0x280 ..\obj\usb_core.o
                0x08000920                USB_OTG_EPStartXfer
 .text.USB_OTG_EP0StartXfer
                0x08000ba0      0x1d4 ..\obj\usb_core.o
                0x08000ba0                USB_OTG_EP0StartXfer
 .text.USB_OTG_EPSetStall
                0x08000d74       0x88 ..\obj\usb_core.o
                0x08000d74                USB_OTG_EPSetStall
 .text.USB_OTG_EPClearStall
                0x08000dfc       0x78 ..\obj\usb_core.o
                0x08000dfc                USB_OTG_EPClearStall
 .text.USB_OTG_ReadDevAllOutEp_itr
                0x08000e74       0x2c ..\obj\usb_core.o
                0x08000e74                USB_OTG_ReadDevAllOutEp_itr
 .text.USB_OTG_ReadDevOutEP_itr
                0x08000ea0       0x38 ..\obj\usb_core.o
                0x08000ea0                USB_OTG_ReadDevOutEP_itr
 .text.USB_OTG_ReadDevAllInEPItr
                0x08000ed8       0x2c ..\obj\usb_core.o
                0x08000ed8                USB_OTG_ReadDevAllInEPItr
 .text.USB_OTG_EP0_OutStart
                0x08000f04       0x70 ..\obj\usb_core.o
                0x08000f04                USB_OTG_EP0_OutStart
 .text.USB_OTG_UngateClock
                0x08000f74       0x54 ..\obj\usb_core.o
                0x08000f74                USB_OTG_UngateClock
 .text.Init_port
                0x08000fc8       0xc4 ..\obj\config_port.o
                0x08000fc8                Init_port
 .text.SDIO_ITConfig
                0x0800108c       0x3c ..\obj\stm32f4xx_sdio.o
                0x0800108c                SDIO_ITConfig
 .text.SDIO_GetITStatus
                0x080010c8       0x34 ..\obj\stm32f4xx_sdio.o
                0x080010c8                SDIO_GetITStatus
 .text.SDIO_ClearITPendingBit
                0x080010fc       0x1c ..\obj\stm32f4xx_sdio.o
                0x080010fc                SDIO_ClearITPendingBit
 .text.TIM1_UP_TIM10_IRQHandler
                0x08001118       0x48 ..\obj\config_encoder.o
                0x08001118                TIM1_UP_TIM10_IRQHandler
 .text.TIM2_IRQHandler
                0x08001160       0x4c ..\obj\config_encoder.o
                0x08001160                TIM2_IRQHandler
 .text.TIM3_IRQHandler
                0x080011ac       0x48 ..\obj\config_encoder.o
                0x080011ac                TIM3_IRQHandler
 .text.TIM4_IRQHandler
                0x080011f4       0x48 ..\obj\config_encoder.o
                0x080011f4                TIM4_IRQHandler
 .text.TIM5_IRQHandler
                0x0800123c       0x48 ..\obj\config_encoder.o
                0x0800123c                TIM5_IRQHandler
 .text.TIM8_UP_TIM13_IRQHandler
                0x08001284       0x48 ..\obj\config_encoder.o
                0x08001284                TIM8_UP_TIM13_IRQHandler
 .text.TIM8_BRK_TIM12_IRQHandler
                0x080012cc       0x48 ..\obj\config_encoder.o
                0x080012cc                TIM8_BRK_TIM12_IRQHandler
 .text.tim1_count
                0x08001314       0x20 ..\obj\config_encoder.o
                0x08001314                tim1_count
 .text.tim2_count
                0x08001334       0x20 ..\obj\config_encoder.o
                0x08001334                tim2_count
 .text.tim3_count
                0x08001354       0x20 ..\obj\config_encoder.o
                0x08001354                tim3_count
 .text.tim4_count
                0x08001374       0x20 ..\obj\config_encoder.o
                0x08001374                tim4_count
 .text.tim5_count
                0x08001394       0x20 ..\obj\config_encoder.o
                0x08001394                tim5_count
 .text.tim8_count
                0x080013b4       0x20 ..\obj\config_encoder.o
                0x080013b4                tim8_count
 .text.tim12_count
                0x080013d4       0x20 ..\obj\config_encoder.o
                0x080013d4                tim12_count
 .text.Init_encoder
                0x080013f4      0x118 ..\obj\config_encoder.o
                0x080013f4                Init_encoder
 .text.Select_encoder_count
                0x0800150c       0x9c ..\obj\config_encoder.o
                0x0800150c                Select_encoder_count
 .text.Reset_encoder_over_under_flow
                0x080015a8       0xa0 ..\obj\config_encoder.o
                0x080015a8                Reset_encoder_over_under_flow
 .text.OTG_FS_IRQHandler
                0x08001648       0x10 ..\obj\config_usb.o
                0x08001648                OTG_FS_IRQHandler
 .text.OTG_FS_WKUP_IRQHandler
                0x08001658       0x34 ..\obj\config_usb.o
                0x08001658                OTG_FS_WKUP_IRQHandler
 .text.USART_Init
                0x0800168c      0x178 ..\obj\stm32f4xx_usart.o
                0x0800168c                USART_Init
 .text.USART_Cmd
                0x08001804       0x40 ..\obj\stm32f4xx_usart.o
                0x08001804                USART_Cmd
 .text.USART_SendData
                0x08001844       0x24 ..\obj\stm32f4xx_usart.o
                0x08001844                USART_SendData
 .text.USART_ITConfig
                0x08001868       0x90 ..\obj\stm32f4xx_usart.o
                0x08001868                USART_ITConfig
 .text.USART_GetFlagStatus
                0x080018f8       0x38 ..\obj\stm32f4xx_usart.o
                0x080018f8                USART_GetFlagStatus
 .text.SysTick_Handler
                0x08001930       0x24 ..\obj\mcutime.o
                0x08001930                SysTick_Handler
 .text.millis   0x08001954       0x28 ..\obj\mcutime.o
                0x08001954                millis
 .text.micros   0x0800197c       0x30 ..\obj\mcutime.o
                0x0800197c                micros
 .text.timer_setup
                0x080019ac       0x10 ..\obj\mcutime.o
                0x080019ac                timer_setup
 .text.delay_ms
                0x080019bc       0x40 ..\obj\mcutime.o
                0x080019bc                delay_ms
 .text.wait     0x080019fc       0x18 ..\obj\mcutime.o
                0x080019fc                wait
 .text.Default_Reset_Handler
                0x08001a14       0x58 ..\obj\startup_stm32f4xx.o
                0x08001a14                Default_Reset_Handler
                0x08001a14                Reset_Handler
 .text.Default_Handler
                0x08001a6c        0x8 ..\obj\startup_stm32f4xx.o
                0x08001a6c                RTC_Alarm_IRQHandler
                0x08001a6c                HASH_RNG_IRQHandler
                0x08001a6c                EXTI2_IRQHandler
                0x08001a6c                TIM8_CC_IRQHandler
                0x08001a6c                TIM1_CC_IRQHandler
                0x08001a6c                DMA2_Stream5_IRQHandler
                0x08001a6c                DMA1_Stream5_IRQHandler
                0x08001a6c                PVD_IRQHandler
                0x08001a6c                TAMP_STAMP_IRQHandler
                0x08001a6c                CAN2_RX1_IRQHandler
                0x08001a6c                EXTI3_IRQHandler
                0x08001a6c                TIM8_TRG_COM_TIM14_IRQHandler
                0x08001a6c                I2C3_ER_IRQHandler
                0x08001a6c                EXTI0_IRQHandler
                0x08001a6c                I2C2_EV_IRQHandler
                0x08001a6c                DMA1_Stream2_IRQHandler
                0x08001a6c                CAN1_RX0_IRQHandler
                0x08001a6c                FPU_IRQHandler
                0x08001a6c                OTG_HS_WKUP_IRQHandler
                0x08001a6c                CAN2_SCE_IRQHandler
                0x08001a6c                DMA2_Stream2_IRQHandler
                0x08001a6c                SPI1_IRQHandler
                0x08001a6c                TIM6_DAC_IRQHandler
                0x08001a6c                TIM1_BRK_TIM9_IRQHandler
                0x08001a6c                DCMI_IRQHandler
                0x08001a6c                CAN2_RX0_IRQHandler
                0x08001a6c                USART6_IRQHandler
                0x08001a6c                USART3_IRQHandler
                0x08001a6c                CRYP_IRQHandler
                0x08001a6c                CAN1_RX1_IRQHandler
                0x08001a6c                UART5_IRQHandler
                0x08001a6c                DMA2_Stream0_IRQHandler
                0x08001a6c                I2C1_EV_IRQHandler
                0x08001a6c                DMA1_Stream6_IRQHandler
                0x08001a6c                DMA1_Stream1_IRQHandler
                0x08001a6c                UART4_IRQHandler
                0x08001a6c                RCC_IRQHandler
                0x08001a6c                EXTI15_10_IRQHandler
                0x08001a6c                ADC_IRQHandler
                0x08001a6c                DMA1_Stream7_IRQHandler
                0x08001a6c                TIM7_IRQHandler
                0x08001a6c                CAN2_TX_IRQHandler
                0x08001a6c                DMA2_Stream7_IRQHandler
                0x08001a6c                I2C3_EV_IRQHandler
                0x08001a6c                EXTI9_5_IRQHandler
                0x08001a6c                RTC_WKUP_IRQHandler
                0x08001a6c                ETH_WKUP_IRQHandler
                0x08001a6c                SPI2_IRQHandler
                0x08001a6c                OTG_HS_EP1_IN_IRQHandler
                0x08001a6c                DMA1_Stream0_IRQHandler
                0x08001a6c                CAN1_TX_IRQHandler
                0x08001a6c                EXTI4_IRQHandler
                0x08001a6c                FSMC_IRQHandler
                0x08001a6c                ETH_IRQHandler
                0x08001a6c                OTG_HS_EP1_OUT_IRQHandler
                0x08001a6c                WWDG_IRQHandler
                0x08001a6c                TIM1_TRG_COM_TIM11_IRQHandler
                0x08001a6c                OTG_HS_IRQHandler
                0x08001a6c                EXTI1_IRQHandler
                0x08001a6c                USART2_IRQHandler
                0x08001a6c                I2C2_ER_IRQHandler
                0x08001a6c                DMA2_Stream1_IRQHandler
                0x08001a6c                CAN1_SCE_IRQHandler
                0x08001a6c                FLASH_IRQHandler
                0x08001a6c                DMA2_Stream4_IRQHandler
                0x08001a6c                USART1_IRQHandler
                0x08001a6c                SPI3_IRQHandler
                0x08001a6c                DMA1_Stream4_IRQHandler
                0x08001a6c                I2C1_ER_IRQHandler
                0x08001a6c                DMA2_Stream6_IRQHandler
                0x08001a6c                DMA1_Stream3_IRQHandler
 .text.USBD_SetupStage
                0x08001a74       0x6c ..\obj\usbd_core.o
 .text.USBD_DataOutStage
                0x08001ae0       0xcc ..\obj\usbd_core.o
 .text.USBD_DataInStage
                0x08001bac      0x104 ..\obj\usbd_core.o
 .text.USBD_Reset
                0x08001cb0       0x44 ..\obj\usbd_core.o
 .text.USBD_Resume
                0x08001cf4       0x24 ..\obj\usbd_core.o
 .text.USBD_Suspend
                0x08001d18       0x24 ..\obj\usbd_core.o
 .text.USBD_SOF
                0x08001d3c       0x2c ..\obj\usbd_core.o
 .text.USBD_SetCfg
                0x08001d68       0x30 ..\obj\usbd_core.o
                0x08001d68                USBD_SetCfg
 .text.USBD_ClrCfg
                0x08001d98       0x28 ..\obj\usbd_core.o
                0x08001d98                USBD_ClrCfg
 .text.USBD_IsoINIncomplete
                0x08001dc0       0x20 ..\obj\usbd_core.o
 .text.USBD_IsoOUTIncomplete
                0x08001de0       0x20 ..\obj\usbd_core.o
 .text._ZN15SerialInterface16serialReadStringEPc
                0x08001e00       0x14 ..\obj\pin.o
                0x08001e00                SerialInterface::serialReadString(char*)
 .text._ZN15SerialInterfaceC2Ev
                0x08001e14       0x28 ..\obj\pin.o
                0x08001e14                SerialInterface::SerialInterface()
                0x08001e14                SerialInterface::SerialInterface()
 .text._ZN6Serial8ReceiverC2EPS_
                0x08001e3c       0x38 ..\obj\pin.o
                0x08001e3c                Serial::Receiver::Receiver(Serial*)
                0x08001e3c                Serial::Receiver::Receiver(Serial*)
 .text._ZN6Serial8Receiver14serialReadCharEc
                0x08001e74       0x60 ..\obj\pin.o
                0x08001e74                Serial::Receiver::serialReadChar(char)
 .text._ZN6Serial8Receiver13charAvailableEv
                0x08001ed4       0x28 ..\obj\pin.o
                0x08001ed4                Serial::Receiver::charAvailable()
 .text._ZN6Serial8Receiver15stringAvailableEv
                0x08001efc       0x1c ..\obj\pin.o
                0x08001efc                Serial::Receiver::stringAvailable()
 .text._ZN6Serial8Receiver8readCharEv
                0x08001f18       0x1c ..\obj\pin.o
                0x08001f18                Serial::Receiver::readChar()
 .text._ZN6Serial8Receiver10readStringEPc
                0x08001f34       0xe8 ..\obj\pin.o
                0x08001f34                Serial::Receiver::readString(char*)
 .text._ZN6Serial15stringAvailableEv
                0x0800201c       0x28 ..\obj\pin.o
                0x0800201c                Serial::stringAvailable()
 .text._ZN6Serial10readStringEPc
                0x08002044       0x34 ..\obj\pin.o
                0x08002044                Serial::readString(char*)
 .text._ZN6Serial13charAvailableEv
                0x08002078       0x28 ..\obj\pin.o
                0x08002078                Serial::charAvailable()
 .text._ZN6Serial8readCharEv
                0x080020a0       0x28 ..\obj\pin.o
                0x080020a0                Serial::readChar()
 .text._ZN6Serial11stringWriteEPc
                0x080020c8       0x40 ..\obj\pin.o
                0x080020c8                Serial::stringWrite(char*)
 .text._ZN6Serial5setupEiR15SerialInterfaceii
                0x08002108       0x34 ..\obj\pin.o
                0x08002108                Serial::setup(int, SerialInterface&, int, int)
 .text._ZN6Serial5setupEiii
                0x0800213c       0x4c ..\obj\pin.o
                0x0800213c                Serial::setup(int, int, int)
 .text._ZN7Digital14setupDigitalInEv
                0x08002188       0x34 ..\obj\pin.o
                0x08002188                Digital::setupDigitalIn()
 .text._ZN7Digital15setupDigitalOutEv
                0x080021bc       0x34 ..\obj\pin.o
                0x080021bc                Digital::setupDigitalOut()
 .text._ZN7Digital20setupDigitalInPullUpEv
                0x080021f0       0x34 ..\obj\pin.o
                0x080021f0                Digital::setupDigitalInPullUp()
 .text._ZN7Digital22setupDigitalInPullDownEv
                0x08002224       0x34 ..\obj\pin.o
                0x08002224                Digital::setupDigitalInPullDown()
 .text._ZN7Digital12digitalWriteEi
                0x08002258       0x68 ..\obj\pin.o
                0x08002258                Digital::digitalWrite(int)
 .text._ZN7Digital11digitalReadEv
                0x080022c0       0x40 ..\obj\pin.o
                0x080022c0                Digital::digitalRead()
 .text._ZN7Digital11digitalHighEv
                0x08002300       0x1c ..\obj\pin.o
                0x08002300                Digital::digitalHigh()
 .text._ZN7Digital10digitalLowEv
                0x0800231c       0x1c ..\obj\pin.o
                0x0800231c                Digital::digitalLow()
 .text._ZN7Digital13digitalToggleEv
                0x08002338       0x34 ..\obj\pin.o
                0x08002338                Digital::digitalToggle()
 .text._ZN6Analog13setupAnalogInEv
                0x0800236c       0x1c ..\obj\pin.o
                0x0800236c                Analog::setupAnalogIn()
 .text._ZN6Analog10analogReadEv
                0x08002388       0x20 ..\obj\pin.o
                0x08002388                Analog::analogRead()
 .text._ZN3Pwm11setupPwmOutEff
                0x080023a8       0x24 ..\obj\pin.o
                0x080023a8                Pwm::setupPwmOut(float, float)
 .text._ZN3Pwm8pwmWriteEf
                0x080023cc       0x20 ..\obj\pin.o
                0x080023cc                Pwm::pwmWrite(float)
 .text._ZN3Pwm8pwmWriteEv
                0x080023ec       0x20 ..\obj\pin.o
                0x080023ec                Pwm::pwmWrite()
 .text._ZN2A016analogResolutionEv
                0x0800240c       0x20 ..\obj\pin.o
                0x0800240c                A0::analogResolution()
                0x08002424                non-virtual thunk to A0::analogResolution()
 .text._ZN2A013analogVoltageEv
                0x0800242c       0x24 ..\obj\pin.o
                0x0800242c                A0::analogVoltage()
                0x08002448                non-virtual thunk to A0::analogVoltage()
 .text._ZN2A116analogResolutionEv
                0x08002450       0x20 ..\obj\pin.o
                0x08002450                A1::analogResolution()
                0x08002468                non-virtual thunk to A1::analogResolution()
 .text._ZN2A113analogVoltageEv
                0x08002470       0x24 ..\obj\pin.o
                0x08002470                A1::analogVoltage()
                0x0800248c                non-virtual thunk to A1::analogVoltage()
 .text._ZN2A216analogResolutionEv
                0x08002494       0x20 ..\obj\pin.o
                0x08002494                A2::analogResolution()
                0x080024ac                non-virtual thunk to A2::analogResolution()
 .text._ZN2A213analogVoltageEv
                0x080024b4       0x24 ..\obj\pin.o
                0x080024b4                A2::analogVoltage()
                0x080024d0                non-virtual thunk to A2::analogVoltage()
 .text._ZN2A316analogResolutionEv
                0x080024d8       0x20 ..\obj\pin.o
                0x080024d8                A3::analogResolution()
                0x080024f0                non-virtual thunk to A3::analogResolution()
 .text._ZN2A313analogVoltageEv
                0x080024f8       0x24 ..\obj\pin.o
                0x080024f8                A3::analogVoltage()
                0x08002514                non-virtual thunk to A3::analogVoltage()
 .text._ZN2A416analogResolutionEv
                0x0800251c       0x20 ..\obj\pin.o
                0x0800251c                A4::analogResolution()
                0x08002534                non-virtual thunk to A4::analogResolution()
 .text._ZN2A413analogVoltageEv
                0x0800253c       0x24 ..\obj\pin.o
                0x0800253c                A4::analogVoltage()
                0x08002558                non-virtual thunk to A4::analogVoltage()
 .text._ZN4Led013_digitalWriteEv
                0x08002560       0x20 ..\obj\pin.o
                0x08002560                Led0::_digitalWrite()
 .text._ZN4Led013_digitalWriteEi
                0x08002580       0x30 ..\obj\pin.o
                0x08002580                Led0::_digitalWrite(int)
 .text._ZN4Led012_digitalReadEv
                0x080025b0       0x20 ..\obj\pin.o
                0x080025b0                Led0::_digitalRead()
 .text._ZN4Led015_setupDigitalInEv
                0x080025d0       0x28 ..\obj\pin.o
                0x080025d0                Led0::_setupDigitalIn()
 .text._ZN4Led016_setupDigitalOutEv
                0x080025f8       0x28 ..\obj\pin.o
                0x080025f8                Led0::_setupDigitalOut()
 .text._ZN4Led021_setupDigitalInPullUpEv
                0x08002620       0x28 ..\obj\pin.o
                0x08002620                Led0::_setupDigitalInPullUp()
 .text._ZN4Led023_setupDigitalInPullDownEv
                0x08002648       0x28 ..\obj\pin.o
                0x08002648                Led0::_setupDigitalInPullDown()
 .text._ZN4Led113_digitalWriteEv
                0x08002670       0x20 ..\obj\pin.o
                0x08002670                Led1::_digitalWrite()
 .text._ZN4Led113_digitalWriteEi
                0x08002690       0x30 ..\obj\pin.o
                0x08002690                Led1::_digitalWrite(int)
 .text._ZN4Led112_digitalReadEv
                0x080026c0       0x20 ..\obj\pin.o
                0x080026c0                Led1::_digitalRead()
 .text._ZN4Led115_setupDigitalInEv
                0x080026e0       0x28 ..\obj\pin.o
                0x080026e0                Led1::_setupDigitalIn()
 .text._ZN4Led116_setupDigitalOutEv
                0x08002708       0x28 ..\obj\pin.o
                0x08002708                Led1::_setupDigitalOut()
 .text._ZN4Led121_setupDigitalInPullUpEv
                0x08002730       0x28 ..\obj\pin.o
                0x08002730                Led1::_setupDigitalInPullUp()
 .text._ZN4Led123_setupDigitalInPullDownEv
                0x08002758       0x28 ..\obj\pin.o
                0x08002758                Led1::_setupDigitalInPullDown()
 .text._ZN4Led213_digitalWriteEv
                0x08002780       0x20 ..\obj\pin.o
                0x08002780                Led2::_digitalWrite()
 .text._ZN4Led213_digitalWriteEi
                0x080027a0       0x30 ..\obj\pin.o
                0x080027a0                Led2::_digitalWrite(int)
 .text._ZN4Led212_digitalReadEv
                0x080027d0       0x20 ..\obj\pin.o
                0x080027d0                Led2::_digitalRead()
 .text._ZN4Led215_setupDigitalInEv
                0x080027f0       0x28 ..\obj\pin.o
                0x080027f0                Led2::_setupDigitalIn()
 .text._ZN4Led216_setupDigitalOutEv
                0x08002818       0x28 ..\obj\pin.o
                0x08002818                Led2::_setupDigitalOut()
 .text._ZN4Led221_setupDigitalInPullUpEv
                0x08002840       0x28 ..\obj\pin.o
                0x08002840                Led2::_setupDigitalInPullUp()
 .text._ZN4Led223_setupDigitalInPullDownEv
                0x08002868       0x28 ..\obj\pin.o
                0x08002868                Led2::_setupDigitalInPullDown()
 .text._ZN4Led313_digitalWriteEv
                0x08002890       0x20 ..\obj\pin.o
                0x08002890                Led3::_digitalWrite()
 .text._ZN4Led313_digitalWriteEi
                0x080028b0       0x30 ..\obj\pin.o
                0x080028b0                Led3::_digitalWrite(int)
 .text._ZN4Led312_digitalReadEv
                0x080028e0       0x20 ..\obj\pin.o
                0x080028e0                Led3::_digitalRead()
 .text._ZN4Led315_setupDigitalInEv
                0x08002900       0x28 ..\obj\pin.o
                0x08002900                Led3::_setupDigitalIn()
 .text._ZN4Led316_setupDigitalOutEv
                0x08002928       0x28 ..\obj\pin.o
                0x08002928                Led3::_setupDigitalOut()
 .text._ZN4Led321_setupDigitalInPullUpEv
                0x08002950       0x28 ..\obj\pin.o
                0x08002950                Led3::_setupDigitalInPullUp()
 .text._ZN4Led323_setupDigitalInPullDownEv
                0x08002978       0x28 ..\obj\pin.o
                0x08002978                Led3::_setupDigitalInPullDown()
 .text._ZN3Sw013_digitalWriteEv
                0x080029a0       0x20 ..\obj\pin.o
                0x080029a0                Sw0::_digitalWrite()
 .text._ZN3Sw013_digitalWriteEi
                0x080029c0       0x30 ..\obj\pin.o
                0x080029c0                Sw0::_digitalWrite(int)
 .text._ZN3Sw012_digitalReadEv
                0x080029f0       0x20 ..\obj\pin.o
                0x080029f0                Sw0::_digitalRead()
 .text._ZN3Sw015_setupDigitalInEv
                0x08002a10       0x28 ..\obj\pin.o
                0x08002a10                Sw0::_setupDigitalIn()
 .text._ZN3Sw016_setupDigitalOutEv
                0x08002a38       0x18 ..\obj\pin.o
                0x08002a38                Sw0::_setupDigitalOut()
 .text._ZN3Sw021_setupDigitalInPullUpEv
                0x08002a50       0x28 ..\obj\pin.o
                0x08002a50                Sw0::_setupDigitalInPullUp()
 .text._ZN3Sw023_setupDigitalInPullDownEv
                0x08002a78       0x28 ..\obj\pin.o
                0x08002a78                Sw0::_setupDigitalInPullDown()
 .text._ZN3Sw113_digitalWriteEv
                0x08002aa0       0x20 ..\obj\pin.o
                0x08002aa0                Sw1::_digitalWrite()
 .text._ZN3Sw113_digitalWriteEi
                0x08002ac0       0x30 ..\obj\pin.o
                0x08002ac0                Sw1::_digitalWrite(int)
 .text._ZN3Sw112_digitalReadEv
                0x08002af0       0x20 ..\obj\pin.o
                0x08002af0                Sw1::_digitalRead()
 .text._ZN3Sw115_setupDigitalInEv
                0x08002b10       0x28 ..\obj\pin.o
                0x08002b10                Sw1::_setupDigitalIn()
 .text._ZN3Sw116_setupDigitalOutEv
                0x08002b38       0x18 ..\obj\pin.o
                0x08002b38                Sw1::_setupDigitalOut()
 .text._ZN3Sw121_setupDigitalInPullUpEv
                0x08002b50       0x28 ..\obj\pin.o
                0x08002b50                Sw1::_setupDigitalInPullUp()
 .text._ZN3Sw123_setupDigitalInPullDownEv
                0x08002b78       0x28 ..\obj\pin.o
                0x08002b78                Sw1::_setupDigitalInPullDown()
 .text._ZN3Sw213_digitalWriteEv
                0x08002ba0       0x20 ..\obj\pin.o
                0x08002ba0                Sw2::_digitalWrite()
 .text._ZN3Sw213_digitalWriteEi
                0x08002bc0       0x30 ..\obj\pin.o
                0x08002bc0                Sw2::_digitalWrite(int)
 .text._ZN3Sw212_digitalReadEv
                0x08002bf0       0x20 ..\obj\pin.o
                0x08002bf0                Sw2::_digitalRead()
 .text._ZN3Sw215_setupDigitalInEv
                0x08002c10       0x28 ..\obj\pin.o
                0x08002c10                Sw2::_setupDigitalIn()
 .text._ZN3Sw216_setupDigitalOutEv
                0x08002c38       0x18 ..\obj\pin.o
                0x08002c38                Sw2::_setupDigitalOut()
 .text._ZN3Sw221_setupDigitalInPullUpEv
                0x08002c50       0x28 ..\obj\pin.o
                0x08002c50                Sw2::_setupDigitalInPullUp()
 .text._ZN3Sw223_setupDigitalInPullDownEv
                0x08002c78       0x28 ..\obj\pin.o
                0x08002c78                Sw2::_setupDigitalInPullDown()
 .text._ZN3Sw313_digitalWriteEv
                0x08002ca0       0x20 ..\obj\pin.o
                0x08002ca0                Sw3::_digitalWrite()
 .text._ZN3Sw313_digitalWriteEi
                0x08002cc0       0x30 ..\obj\pin.o
                0x08002cc0                Sw3::_digitalWrite(int)
 .text._ZN3Sw312_digitalReadEv
                0x08002cf0       0x20 ..\obj\pin.o
                0x08002cf0                Sw3::_digitalRead()
 .text._ZN3Sw315_setupDigitalInEv
                0x08002d10       0x28 ..\obj\pin.o
                0x08002d10                Sw3::_setupDigitalIn()
 .text._ZN3Sw316_setupDigitalOutEv
                0x08002d38       0x18 ..\obj\pin.o
                0x08002d38                Sw3::_setupDigitalOut()
 .text._ZN3Sw321_setupDigitalInPullUpEv
                0x08002d50       0x28 ..\obj\pin.o
                0x08002d50                Sw3::_setupDigitalInPullUp()
 .text._ZN3Sw323_setupDigitalInPullDownEv
                0x08002d78       0x28 ..\obj\pin.o
                0x08002d78                Sw3::_setupDigitalInPullDown()
 .text._ZN6Buzzer13_digitalWriteEv
                0x08002da0       0x20 ..\obj\pin.o
                0x08002da0                Buzzer::_digitalWrite()
 .text._ZN6Buzzer13_digitalWriteEi
                0x08002dc0       0x2c ..\obj\pin.o
                0x08002dc0                Buzzer::_digitalWrite(int)
 .text._ZN6Buzzer12_digitalReadEv
                0x08002dec       0x20 ..\obj\pin.o
                0x08002dec                Buzzer::_digitalRead()
 .text._ZN6Buzzer15_setupDigitalInEv
                0x08002e0c       0x28 ..\obj\pin.o
                0x08002e0c                Buzzer::_setupDigitalIn()
 .text._ZN6Buzzer16_setupDigitalOutEv
                0x08002e34       0x28 ..\obj\pin.o
                0x08002e34                Buzzer::_setupDigitalOut()
 .text._ZN6Buzzer21_setupDigitalInPullUpEv
                0x08002e5c       0x28 ..\obj\pin.o
                0x08002e5c                Buzzer::_setupDigitalInPullUp()
 .text._ZN6Buzzer23_setupDigitalInPullDownEv
                0x08002e84       0x28 ..\obj\pin.o
                0x08002e84                Buzzer::_setupDigitalInPullDown()
 .text._ZN3CW013_digitalWriteEv
                0x08002eac       0x20 ..\obj\pin.o
                0x08002eac                CW0::_digitalWrite()
 .text._ZN3CW013_digitalWriteEi
                0x08002ecc       0x2c ..\obj\pin.o
                0x08002ecc                CW0::_digitalWrite(int)
 .text._ZN3CW012_digitalReadEv
                0x08002ef8       0x20 ..\obj\pin.o
                0x08002ef8                CW0::_digitalRead()
 .text._ZN3CW015_setupDigitalInEv
                0x08002f18       0x28 ..\obj\pin.o
                0x08002f18                CW0::_setupDigitalIn()
 .text._ZN3CW016_setupDigitalOutEv
                0x08002f40       0x28 ..\obj\pin.o
                0x08002f40                CW0::_setupDigitalOut()
 .text._ZN3CW021_setupDigitalInPullUpEv
                0x08002f68       0x28 ..\obj\pin.o
                0x08002f68                CW0::_setupDigitalInPullUp()
 .text._ZN3CW023_setupDigitalInPullDownEv
                0x08002f90       0x28 ..\obj\pin.o
                0x08002f90                CW0::_setupDigitalInPullDown()
 .text._ZN4CCW013_digitalWriteEv
                0x08002fb8       0x20 ..\obj\pin.o
                0x08002fb8                CCW0::_digitalWrite()
 .text._ZN4CCW013_digitalWriteEi
                0x08002fd8       0x2c ..\obj\pin.o
                0x08002fd8                CCW0::_digitalWrite(int)
 .text._ZN4CCW012_digitalReadEv
                0x08003004       0x20 ..\obj\pin.o
                0x08003004                CCW0::_digitalRead()
 .text._ZN4CCW015_setupDigitalInEv
                0x08003024       0x28 ..\obj\pin.o
                0x08003024                CCW0::_setupDigitalIn()
 .text._ZN4CCW016_setupDigitalOutEv
                0x0800304c       0x28 ..\obj\pin.o
                0x0800304c                CCW0::_setupDigitalOut()
 .text._ZN4CCW021_setupDigitalInPullUpEv
                0x08003074       0x28 ..\obj\pin.o
                0x08003074                CCW0::_setupDigitalInPullUp()
 .text._ZN4CCW023_setupDigitalInPullDownEv
                0x0800309c       0x28 ..\obj\pin.o
                0x0800309c                CCW0::_setupDigitalInPullDown()
 .text._ZN3CW113_digitalWriteEv
                0x080030c4       0x20 ..\obj\pin.o
                0x080030c4                CW1::_digitalWrite()
 .text._ZN3CW113_digitalWriteEi
                0x080030e4       0x30 ..\obj\pin.o
                0x080030e4                CW1::_digitalWrite(int)
 .text._ZN3CW112_digitalReadEv
                0x08003114       0x20 ..\obj\pin.o
                0x08003114                CW1::_digitalRead()
 .text._ZN3CW115_setupDigitalInEv
                0x08003134       0x28 ..\obj\pin.o
                0x08003134                CW1::_setupDigitalIn()
 .text._ZN3CW116_setupDigitalOutEv
                0x0800315c       0x28 ..\obj\pin.o
                0x0800315c                CW1::_setupDigitalOut()
 .text._ZN3CW121_setupDigitalInPullUpEv
                0x08003184       0x28 ..\obj\pin.o
                0x08003184                CW1::_setupDigitalInPullUp()
 .text._ZN3CW123_setupDigitalInPullDownEv
                0x080031ac       0x28 ..\obj\pin.o
                0x080031ac                CW1::_setupDigitalInPullDown()
 .text._ZN4CCW113_digitalWriteEv
                0x080031d4       0x20 ..\obj\pin.o
                0x080031d4                CCW1::_digitalWrite()
 .text._ZN4CCW113_digitalWriteEi
                0x080031f4       0x2c ..\obj\pin.o
                0x080031f4                CCW1::_digitalWrite(int)
 .text._ZN4CCW112_digitalReadEv
                0x08003220       0x20 ..\obj\pin.o
                0x08003220                CCW1::_digitalRead()
 .text._ZN4CCW115_setupDigitalInEv
                0x08003240       0x28 ..\obj\pin.o
                0x08003240                CCW1::_setupDigitalIn()
 .text._ZN4CCW116_setupDigitalOutEv
                0x08003268       0x28 ..\obj\pin.o
                0x08003268                CCW1::_setupDigitalOut()
 .text._ZN4CCW121_setupDigitalInPullUpEv
                0x08003290       0x28 ..\obj\pin.o
                0x08003290                CCW1::_setupDigitalInPullUp()
 .text._ZN4CCW123_setupDigitalInPullDownEv
                0x080032b8       0x28 ..\obj\pin.o
                0x080032b8                CCW1::_setupDigitalInPullDown()
 .text._ZN3CW213_digitalWriteEv
                0x080032e0       0x20 ..\obj\pin.o
                0x080032e0                CW2::_digitalWrite()
 .text._ZN3CW213_digitalWriteEi
                0x08003300       0x2c ..\obj\pin.o
                0x08003300                CW2::_digitalWrite(int)
 .text._ZN3CW212_digitalReadEv
                0x0800332c       0x20 ..\obj\pin.o
                0x0800332c                CW2::_digitalRead()
 .text._ZN3CW215_setupDigitalInEv
                0x0800334c       0x28 ..\obj\pin.o
                0x0800334c                CW2::_setupDigitalIn()
 .text._ZN3CW216_setupDigitalOutEv
                0x08003374       0x28 ..\obj\pin.o
                0x08003374                CW2::_setupDigitalOut()
 .text._ZN3CW221_setupDigitalInPullUpEv
                0x0800339c       0x28 ..\obj\pin.o
                0x0800339c                CW2::_setupDigitalInPullUp()
 .text._ZN3CW223_setupDigitalInPullDownEv
                0x080033c4       0x28 ..\obj\pin.o
                0x080033c4                CW2::_setupDigitalInPullDown()
 .text._ZN4CCW213_digitalWriteEv
                0x080033ec       0x20 ..\obj\pin.o
                0x080033ec                CCW2::_digitalWrite()
 .text._ZN4CCW213_digitalWriteEi
                0x0800340c       0x2c ..\obj\pin.o
                0x0800340c                CCW2::_digitalWrite(int)
 .text._ZN4CCW212_digitalReadEv
                0x08003438       0x20 ..\obj\pin.o
                0x08003438                CCW2::_digitalRead()
 .text._ZN4CCW215_setupDigitalInEv
                0x08003458       0x28 ..\obj\pin.o
                0x08003458                CCW2::_setupDigitalIn()
 .text._ZN4CCW216_setupDigitalOutEv
                0x08003480       0x28 ..\obj\pin.o
                0x08003480                CCW2::_setupDigitalOut()
 .text._ZN4CCW221_setupDigitalInPullUpEv
                0x080034a8       0x28 ..\obj\pin.o
                0x080034a8                CCW2::_setupDigitalInPullUp()
 .text._ZN4CCW223_setupDigitalInPullDownEv
                0x080034d0       0x28 ..\obj\pin.o
                0x080034d0                CCW2::_setupDigitalInPullDown()
 .text._ZN3CW313_digitalWriteEv
                0x080034f8       0x20 ..\obj\pin.o
                0x080034f8                CW3::_digitalWrite()
 .text._ZN3CW313_digitalWriteEi
                0x08003518       0x30 ..\obj\pin.o
                0x08003518                CW3::_digitalWrite(int)
 .text._ZN3CW312_digitalReadEv
                0x08003548       0x20 ..\obj\pin.o
                0x08003548                CW3::_digitalRead()
 .text._ZN3CW315_setupDigitalInEv
                0x08003568       0x28 ..\obj\pin.o
                0x08003568                CW3::_setupDigitalIn()
 .text._ZN3CW316_setupDigitalOutEv
                0x08003590       0x28 ..\obj\pin.o
                0x08003590                CW3::_setupDigitalOut()
 .text._ZN3CW321_setupDigitalInPullUpEv
                0x080035b8       0x28 ..\obj\pin.o
                0x080035b8                CW3::_setupDigitalInPullUp()
 .text._ZN3CW323_setupDigitalInPullDownEv
                0x080035e0       0x28 ..\obj\pin.o
                0x080035e0                CW3::_setupDigitalInPullDown()
 .text._ZN4CCW313_digitalWriteEv
                0x08003608       0x20 ..\obj\pin.o
                0x08003608                CCW3::_digitalWrite()
 .text._ZN4CCW313_digitalWriteEi
                0x08003628       0x2c ..\obj\pin.o
                0x08003628                CCW3::_digitalWrite(int)
 .text._ZN4CCW312_digitalReadEv
                0x08003654       0x20 ..\obj\pin.o
                0x08003654                CCW3::_digitalRead()
 .text._ZN4CCW315_setupDigitalInEv
                0x08003674       0x28 ..\obj\pin.o
                0x08003674                CCW3::_setupDigitalIn()
 .text._ZN4CCW316_setupDigitalOutEv
                0x0800369c       0x28 ..\obj\pin.o
                0x0800369c                CCW3::_setupDigitalOut()
 .text._ZN4CCW321_setupDigitalInPullUpEv
                0x080036c4       0x28 ..\obj\pin.o
                0x080036c4                CCW3::_setupDigitalInPullUp()
 .text._ZN4CCW323_setupDigitalInPullDownEv
                0x080036ec       0x28 ..\obj\pin.o
                0x080036ec                CCW3::_setupDigitalInPullDown()
 .text._ZN3CW413_digitalWriteEv
                0x08003714       0x20 ..\obj\pin.o
                0x08003714                CW4::_digitalWrite()
 .text._ZN3CW413_digitalWriteEi
                0x08003734       0x2c ..\obj\pin.o
                0x08003734                CW4::_digitalWrite(int)
 .text._ZN3CW412_digitalReadEv
                0x08003760       0x20 ..\obj\pin.o
                0x08003760                CW4::_digitalRead()
 .text._ZN3CW415_setupDigitalInEv
                0x08003780       0x28 ..\obj\pin.o
                0x08003780                CW4::_setupDigitalIn()
 .text._ZN3CW416_setupDigitalOutEv
                0x080037a8       0x28 ..\obj\pin.o
                0x080037a8                CW4::_setupDigitalOut()
 .text._ZN3CW421_setupDigitalInPullUpEv
                0x080037d0       0x28 ..\obj\pin.o
                0x080037d0                CW4::_setupDigitalInPullUp()
 .text._ZN3CW423_setupDigitalInPullDownEv
                0x080037f8       0x28 ..\obj\pin.o
                0x080037f8                CW4::_setupDigitalInPullDown()
 .text._ZN4CCW413_digitalWriteEv
                0x08003820       0x20 ..\obj\pin.o
                0x08003820                CCW4::_digitalWrite()
 .text._ZN4CCW413_digitalWriteEi
                0x08003840       0x2c ..\obj\pin.o
                0x08003840                CCW4::_digitalWrite(int)
 .text._ZN4CCW412_digitalReadEv
                0x0800386c       0x20 ..\obj\pin.o
                0x0800386c                CCW4::_digitalRead()
 .text._ZN4CCW415_setupDigitalInEv
                0x0800388c       0x28 ..\obj\pin.o
                0x0800388c                CCW4::_setupDigitalIn()
 .text._ZN4CCW416_setupDigitalOutEv
                0x080038b4       0x28 ..\obj\pin.o
                0x080038b4                CCW4::_setupDigitalOut()
 .text._ZN4CCW421_setupDigitalInPullUpEv
                0x080038dc       0x28 ..\obj\pin.o
                0x080038dc                CCW4::_setupDigitalInPullUp()
 .text._ZN4CCW423_setupDigitalInPullDownEv
                0x08003904       0x28 ..\obj\pin.o
                0x08003904                CCW4::_setupDigitalInPullDown()
 .text._ZN3CW513_digitalWriteEv
                0x0800392c       0x20 ..\obj\pin.o
                0x0800392c                CW5::_digitalWrite()
 .text._ZN3CW513_digitalWriteEi
                0x0800394c       0x30 ..\obj\pin.o
                0x0800394c                CW5::_digitalWrite(int)
 .text._ZN3CW512_digitalReadEv
                0x0800397c       0x20 ..\obj\pin.o
                0x0800397c                CW5::_digitalRead()
 .text._ZN3CW515_setupDigitalInEv
                0x0800399c       0x28 ..\obj\pin.o
                0x0800399c                CW5::_setupDigitalIn()
 .text._ZN3CW516_setupDigitalOutEv
                0x080039c4       0x28 ..\obj\pin.o
                0x080039c4                CW5::_setupDigitalOut()
 .text._ZN3CW521_setupDigitalInPullUpEv
                0x080039ec       0x28 ..\obj\pin.o
                0x080039ec                CW5::_setupDigitalInPullUp()
 .text._ZN3CW523_setupDigitalInPullDownEv
                0x08003a14       0x28 ..\obj\pin.o
                0x08003a14                CW5::_setupDigitalInPullDown()
 .text._ZN4CCW513_digitalWriteEv
                0x08003a3c       0x20 ..\obj\pin.o
                0x08003a3c                CCW5::_digitalWrite()
 .text._ZN4CCW513_digitalWriteEi
                0x08003a5c       0x2c ..\obj\pin.o
                0x08003a5c                CCW5::_digitalWrite(int)
 .text._ZN4CCW512_digitalReadEv
                0x08003a88       0x20 ..\obj\pin.o
                0x08003a88                CCW5::_digitalRead()
 .text._ZN4CCW515_setupDigitalInEv
                0x08003aa8       0x28 ..\obj\pin.o
                0x08003aa8                CCW5::_setupDigitalIn()
 .text._ZN4CCW516_setupDigitalOutEv
                0x08003ad0       0x28 ..\obj\pin.o
                0x08003ad0                CCW5::_setupDigitalOut()
 .text._ZN4CCW521_setupDigitalInPullUpEv
                0x08003af8       0x28 ..\obj\pin.o
                0x08003af8                CCW5::_setupDigitalInPullUp()
 .text._ZN4CCW523_setupDigitalInPullDownEv
                0x08003b20       0x28 ..\obj\pin.o
                0x08003b20                CCW5::_setupDigitalInPullDown()
 .text._ZN2A013_digitalWriteEv
                0x08003b48       0x20 ..\obj\pin.o
                0x08003b48                A0::_digitalWrite()
 .text._ZN2A013_digitalWriteEi
                0x08003b68       0x2c ..\obj\pin.o
                0x08003b68                A0::_digitalWrite(int)
 .text._ZN2A012_digitalReadEv
                0x08003b94       0x20 ..\obj\pin.o
                0x08003b94                A0::_digitalRead()
 .text._ZN2A015_setupDigitalInEv
                0x08003bb4       0x28 ..\obj\pin.o
                0x08003bb4                A0::_setupDigitalIn()
 .text._ZN2A016_setupDigitalOutEv
                0x08003bdc       0x2c ..\obj\pin.o
                0x08003bdc                A0::_setupDigitalOut()
 .text._ZN2A021_setupDigitalInPullUpEv
                0x08003c08       0x28 ..\obj\pin.o
                0x08003c08                A0::_setupDigitalInPullUp()
 .text._ZN2A023_setupDigitalInPullDownEv
                0x08003c30       0x28 ..\obj\pin.o
                0x08003c30                A0::_setupDigitalInPullDown()
 .text._ZN2A113_digitalWriteEv
                0x08003c58       0x20 ..\obj\pin.o
                0x08003c58                A1::_digitalWrite()
 .text._ZN2A113_digitalWriteEi
                0x08003c78       0x2c ..\obj\pin.o
                0x08003c78                A1::_digitalWrite(int)
 .text._ZN2A112_digitalReadEv
                0x08003ca4       0x20 ..\obj\pin.o
                0x08003ca4                A1::_digitalRead()
 .text._ZN2A115_setupDigitalInEv
                0x08003cc4       0x28 ..\obj\pin.o
                0x08003cc4                A1::_setupDigitalIn()
 .text._ZN2A116_setupDigitalOutEv
                0x08003cec       0x2c ..\obj\pin.o
                0x08003cec                A1::_setupDigitalOut()
 .text._ZN2A121_setupDigitalInPullUpEv
                0x08003d18       0x28 ..\obj\pin.o
                0x08003d18                A1::_setupDigitalInPullUp()
 .text._ZN2A123_setupDigitalInPullDownEv
                0x08003d40       0x28 ..\obj\pin.o
                0x08003d40                A1::_setupDigitalInPullDown()
 .text._ZN2A213_digitalWriteEv
                0x08003d68       0x20 ..\obj\pin.o
                0x08003d68                A2::_digitalWrite()
 .text._ZN2A213_digitalWriteEi
                0x08003d88       0x2c ..\obj\pin.o
                0x08003d88                A2::_digitalWrite(int)
 .text._ZN2A212_digitalReadEv
                0x08003db4       0x20 ..\obj\pin.o
                0x08003db4                A2::_digitalRead()
 .text._ZN2A215_setupDigitalInEv
                0x08003dd4       0x28 ..\obj\pin.o
                0x08003dd4                A2::_setupDigitalIn()
 .text._ZN2A216_setupDigitalOutEv
                0x08003dfc       0x2c ..\obj\pin.o
                0x08003dfc                A2::_setupDigitalOut()
 .text._ZN2A221_setupDigitalInPullUpEv
                0x08003e28       0x28 ..\obj\pin.o
                0x08003e28                A2::_setupDigitalInPullUp()
 .text._ZN2A223_setupDigitalInPullDownEv
                0x08003e50       0x28 ..\obj\pin.o
                0x08003e50                A2::_setupDigitalInPullDown()
 .text._ZN2A313_digitalWriteEv
                0x08003e78       0x20 ..\obj\pin.o
                0x08003e78                A3::_digitalWrite()
 .text._ZN2A313_digitalWriteEi
                0x08003e98       0x2c ..\obj\pin.o
                0x08003e98                A3::_digitalWrite(int)
 .text._ZN2A312_digitalReadEv
                0x08003ec4       0x20 ..\obj\pin.o
                0x08003ec4                A3::_digitalRead()
 .text._ZN2A315_setupDigitalInEv
                0x08003ee4       0x28 ..\obj\pin.o
                0x08003ee4                A3::_setupDigitalIn()
 .text._ZN2A316_setupDigitalOutEv
                0x08003f0c       0x2c ..\obj\pin.o
                0x08003f0c                A3::_setupDigitalOut()
 .text._ZN2A321_setupDigitalInPullUpEv
                0x08003f38       0x28 ..\obj\pin.o
                0x08003f38                A3::_setupDigitalInPullUp()
 .text._ZN2A323_setupDigitalInPullDownEv
                0x08003f60       0x28 ..\obj\pin.o
                0x08003f60                A3::_setupDigitalInPullDown()
 .text._ZN2A413_digitalWriteEv
                0x08003f88       0x20 ..\obj\pin.o
                0x08003f88                A4::_digitalWrite()
 .text._ZN2A413_digitalWriteEi
                0x08003fa8       0x2c ..\obj\pin.o
                0x08003fa8                A4::_digitalWrite(int)
 .text._ZN2A412_digitalReadEv
                0x08003fd4       0x20 ..\obj\pin.o
                0x08003fd4                A4::_digitalRead()
 .text._ZN2A415_setupDigitalInEv
                0x08003ff4       0x28 ..\obj\pin.o
                0x08003ff4                A4::_setupDigitalIn()
 .text._ZN2A416_setupDigitalOutEv
                0x0800401c       0x2c ..\obj\pin.o
                0x0800401c                A4::_setupDigitalOut()
 .text._ZN2A421_setupDigitalInPullUpEv
                0x08004048       0x28 ..\obj\pin.o
                0x08004048                A4::_setupDigitalInPullUp()
 .text._ZN2A423_setupDigitalInPullDownEv
                0x08004070       0x28 ..\obj\pin.o
                0x08004070                A4::_setupDigitalInPullDown()
 .text._ZN4Pwm013_digitalWriteEv
                0x08004098       0x20 ..\obj\pin.o
                0x08004098                Pwm0::_digitalWrite()
 .text._ZN4Pwm013_digitalWriteEi
                0x080040b8       0x30 ..\obj\pin.o
                0x080040b8                Pwm0::_digitalWrite(int)
 .text._ZN4Pwm012_digitalReadEv
                0x080040e8       0x20 ..\obj\pin.o
                0x080040e8                Pwm0::_digitalRead()
 .text._ZN4Pwm015_setupDigitalInEv
                0x08004108       0x28 ..\obj\pin.o
                0x08004108                Pwm0::_setupDigitalIn()
 .text._ZN4Pwm016_setupDigitalOutEv
                0x08004130       0x30 ..\obj\pin.o
                0x08004130                Pwm0::_setupDigitalOut()
 .text._ZN4Pwm021_setupDigitalInPullUpEv
                0x08004160       0x28 ..\obj\pin.o
                0x08004160                Pwm0::_setupDigitalInPullUp()
 .text._ZN4Pwm023_setupDigitalInPullDownEv
                0x08004188       0x28 ..\obj\pin.o
                0x08004188                Pwm0::_setupDigitalInPullDown()
 .text._ZN4Pwm113_digitalWriteEv
                0x080041b0       0x20 ..\obj\pin.o
                0x080041b0                Pwm1::_digitalWrite()
 .text._ZN4Pwm113_digitalWriteEi
                0x080041d0       0x2c ..\obj\pin.o
                0x080041d0                Pwm1::_digitalWrite(int)
 .text._ZN4Pwm112_digitalReadEv
                0x080041fc       0x20 ..\obj\pin.o
                0x080041fc                Pwm1::_digitalRead()
 .text._ZN4Pwm115_setupDigitalInEv
                0x0800421c       0x28 ..\obj\pin.o
                0x0800421c                Pwm1::_setupDigitalIn()
 .text._ZN4Pwm116_setupDigitalOutEv
                0x08004244       0x2c ..\obj\pin.o
                0x08004244                Pwm1::_setupDigitalOut()
 .text._ZN4Pwm121_setupDigitalInPullUpEv
                0x08004270       0x28 ..\obj\pin.o
                0x08004270                Pwm1::_setupDigitalInPullUp()
 .text._ZN4Pwm123_setupDigitalInPullDownEv
                0x08004298       0x28 ..\obj\pin.o
                0x08004298                Pwm1::_setupDigitalInPullDown()
 .text._ZN4Pwm213_digitalWriteEv
                0x080042c0       0x20 ..\obj\pin.o
                0x080042c0                Pwm2::_digitalWrite()
 .text._ZN4Pwm213_digitalWriteEi
                0x080042e0       0x2c ..\obj\pin.o
                0x080042e0                Pwm2::_digitalWrite(int)
 .text._ZN4Pwm212_digitalReadEv
                0x0800430c       0x20 ..\obj\pin.o
                0x0800430c                Pwm2::_digitalRead()
 .text._ZN4Pwm215_setupDigitalInEv
                0x0800432c       0x28 ..\obj\pin.o
                0x0800432c                Pwm2::_setupDigitalIn()
 .text._ZN4Pwm216_setupDigitalOutEv
                0x08004354       0x2c ..\obj\pin.o
                0x08004354                Pwm2::_setupDigitalOut()
 .text._ZN4Pwm221_setupDigitalInPullUpEv
                0x08004380       0x28 ..\obj\pin.o
                0x08004380                Pwm2::_setupDigitalInPullUp()
 .text._ZN4Pwm223_setupDigitalInPullDownEv
                0x080043a8       0x28 ..\obj\pin.o
                0x080043a8                Pwm2::_setupDigitalInPullDown()
 .text._ZN4Pwm313_digitalWriteEv
                0x080043d0       0x20 ..\obj\pin.o
                0x080043d0                Pwm3::_digitalWrite()
 .text._ZN4Pwm313_digitalWriteEi
                0x080043f0       0x30 ..\obj\pin.o
                0x080043f0                Pwm3::_digitalWrite(int)
 .text._ZN4Pwm312_digitalReadEv
                0x08004420       0x20 ..\obj\pin.o
                0x08004420                Pwm3::_digitalRead()
 .text._ZN4Pwm315_setupDigitalInEv
                0x08004440       0x28 ..\obj\pin.o
                0x08004440                Pwm3::_setupDigitalIn()
 .text._ZN4Pwm316_setupDigitalOutEv
                0x08004468       0x30 ..\obj\pin.o
                0x08004468                Pwm3::_setupDigitalOut()
 .text._ZN4Pwm321_setupDigitalInPullUpEv
                0x08004498       0x28 ..\obj\pin.o
                0x08004498                Pwm3::_setupDigitalInPullUp()
 .text._ZN4Pwm323_setupDigitalInPullDownEv
                0x080044c0       0x28 ..\obj\pin.o
                0x080044c0                Pwm3::_setupDigitalInPullDown()
 .text._ZN4Pwm413_digitalWriteEv
                0x080044e8       0x20 ..\obj\pin.o
                0x080044e8                Pwm4::_digitalWrite()
 .text._ZN4Pwm413_digitalWriteEi
                0x08004508       0x30 ..\obj\pin.o
                0x08004508                Pwm4::_digitalWrite(int)
 .text._ZN4Pwm412_digitalReadEv
                0x08004538       0x20 ..\obj\pin.o
                0x08004538                Pwm4::_digitalRead()
 .text._ZN4Pwm415_setupDigitalInEv
                0x08004558       0x28 ..\obj\pin.o
                0x08004558                Pwm4::_setupDigitalIn()
 .text._ZN4Pwm416_setupDigitalOutEv
                0x08004580       0x30 ..\obj\pin.o
                0x08004580                Pwm4::_setupDigitalOut()
 .text._ZN4Pwm421_setupDigitalInPullUpEv
                0x080045b0       0x28 ..\obj\pin.o
                0x080045b0                Pwm4::_setupDigitalInPullUp()
 .text._ZN4Pwm423_setupDigitalInPullDownEv
                0x080045d8       0x28 ..\obj\pin.o
                0x080045d8                Pwm4::_setupDigitalInPullDown()
 .text._ZN4Pwm513_digitalWriteEv
                0x08004600       0x20 ..\obj\pin.o
                0x08004600                Pwm5::_digitalWrite()
 .text._ZN4Pwm513_digitalWriteEi
                0x08004620       0x30 ..\obj\pin.o
                0x08004620                Pwm5::_digitalWrite(int)
 .text._ZN4Pwm512_digitalReadEv
                0x08004650       0x20 ..\obj\pin.o
                0x08004650                Pwm5::_digitalRead()
 .text._ZN4Pwm515_setupDigitalInEv
                0x08004670       0x28 ..\obj\pin.o
                0x08004670                Pwm5::_setupDigitalIn()
 .text._ZN4Pwm516_setupDigitalOutEv
                0x08004698       0x30 ..\obj\pin.o
                0x08004698                Pwm5::_setupDigitalOut()
 .text._ZN4Pwm521_setupDigitalInPullUpEv
                0x080046c8       0x28 ..\obj\pin.o
                0x080046c8                Pwm5::_setupDigitalInPullUp()
 .text._ZN4Pwm523_setupDigitalInPullDownEv
                0x080046f0       0x28 ..\obj\pin.o
                0x080046f0                Pwm5::_setupDigitalInPullDown()
 .text._ZN2A014_setupAnalogInEv
                0x08004718       0x24 ..\obj\pin.o
                0x08004718                A0::_setupAnalogIn()
 .text._ZThn8_N2A014_setupAnalogInEv
                0x0800473c        0x8 ..\obj\pin.o
                0x0800473c                non-virtual thunk to A0::_setupAnalogIn()
 .text._ZN2A011_analogReadEv
                0x08004744       0x40 ..\obj\pin.o
                0x08004744                A0::_analogRead()
 .text._ZThn8_N2A011_analogReadEv
                0x08004784        0x8 ..\obj\pin.o
                0x08004784                non-virtual thunk to A0::_analogRead()
 .text._ZN2A114_setupAnalogInEv
                0x0800478c       0x24 ..\obj\pin.o
                0x0800478c                A1::_setupAnalogIn()
 .text._ZThn8_N2A114_setupAnalogInEv
                0x080047b0        0x8 ..\obj\pin.o
                0x080047b0                non-virtual thunk to A1::_setupAnalogIn()
 .text._ZN2A111_analogReadEv
                0x080047b8       0x40 ..\obj\pin.o
                0x080047b8                A1::_analogRead()
 .text._ZThn8_N2A111_analogReadEv
                0x080047f8        0x8 ..\obj\pin.o
                0x080047f8                non-virtual thunk to A1::_analogRead()
 .text._ZN2A214_setupAnalogInEv
                0x08004800       0x24 ..\obj\pin.o
                0x08004800                A2::_setupAnalogIn()
 .text._ZThn8_N2A214_setupAnalogInEv
                0x08004824        0x8 ..\obj\pin.o
                0x08004824                non-virtual thunk to A2::_setupAnalogIn()
 .text._ZN2A211_analogReadEv
                0x0800482c       0x40 ..\obj\pin.o
                0x0800482c                A2::_analogRead()
 .text._ZThn8_N2A211_analogReadEv
                0x0800486c        0x8 ..\obj\pin.o
                0x0800486c                non-virtual thunk to A2::_analogRead()
 .text._ZN2A314_setupAnalogInEv
                0x08004874       0x24 ..\obj\pin.o
                0x08004874                A3::_setupAnalogIn()
 .text._ZThn8_N2A314_setupAnalogInEv
                0x08004898        0x8 ..\obj\pin.o
                0x08004898                non-virtual thunk to A3::_setupAnalogIn()
 .text._ZN2A311_analogReadEv
                0x080048a0       0x40 ..\obj\pin.o
                0x080048a0                A3::_analogRead()
 .text._ZThn8_N2A311_analogReadEv
                0x080048e0        0x8 ..\obj\pin.o
                0x080048e0                non-virtual thunk to A3::_analogRead()
 .text._ZN2A414_setupAnalogInEv
                0x080048e8       0x24 ..\obj\pin.o
                0x080048e8                A4::_setupAnalogIn()
 .text._ZThn8_N2A414_setupAnalogInEv
                0x0800490c        0x8 ..\obj\pin.o
                0x0800490c                non-virtual thunk to A4::_setupAnalogIn()
 .text._ZN2A411_analogReadEv
                0x08004914       0x40 ..\obj\pin.o
                0x08004914                A4::_analogRead()
 .text._ZThn8_N2A411_analogReadEv
                0x08004954        0x8 ..\obj\pin.o
                0x08004954                non-virtual thunk to A4::_analogRead()
 .text._ZN4Enc05setupEv
                0x0800495c       0x28 ..\obj\pin.o
                0x0800495c                Enc0::setup()
 .text._ZN4Enc05countEv
                0x08004984       0x30 ..\obj\pin.o
                0x08004984                Enc0::count()
 .text._ZN4Enc15setupEv
                0x080049b4       0x24 ..\obj\pin.o
                0x080049b4                Enc1::setup()
 .text._ZN4Enc15countEv
                0x080049d8       0x30 ..\obj\pin.o
                0x080049d8                Enc1::count()
 .text._ZN4Enc25setupEv
                0x08004a08       0x24 ..\obj\pin.o
                0x08004a08                Enc2::setup()
 .text._ZN4Enc25countEv
                0x08004a2c       0x30 ..\obj\pin.o
                0x08004a2c                Enc2::count()
 .text._ZN4Pwm012_setupPwmOutEff
                0x08004a5c       0x48 ..\obj\pin.o
                0x08004a5c                Pwm0::_setupPwmOut(float, float)
 .text._ZThn8_N4Pwm012_setupPwmOutEff
                0x08004aa4        0x8 ..\obj\pin.o
                0x08004aa4                non-virtual thunk to Pwm0::_setupPwmOut(float, float)
 .text._ZN4Pwm09_pwmWriteEf
                0x08004aac       0x20 ..\obj\pin.o
                0x08004aac                Pwm0::_pwmWrite(float)
 .text._ZThn8_N4Pwm09_pwmWriteEf
                0x08004acc        0x8 ..\obj\pin.o
                0x08004acc                non-virtual thunk to Pwm0::_pwmWrite(float)
 .text._ZN4Pwm09_pwmWriteEv
                0x08004ad4       0x20 ..\obj\pin.o
                0x08004ad4                Pwm0::_pwmWrite()
 .text._ZThn8_N4Pwm09_pwmWriteEv
                0x08004af4        0x8 ..\obj\pin.o
                0x08004af4                non-virtual thunk to Pwm0::_pwmWrite()
 .text._ZN4Pwm112_setupPwmOutEff
                0x08004afc       0x44 ..\obj\pin.o
                0x08004afc                Pwm1::_setupPwmOut(float, float)
 .text._ZThn8_N4Pwm112_setupPwmOutEff
                0x08004b40        0x8 ..\obj\pin.o
                0x08004b40                non-virtual thunk to Pwm1::_setupPwmOut(float, float)
 .text._ZN4Pwm19_pwmWriteEf
                0x08004b48       0x20 ..\obj\pin.o
                0x08004b48                Pwm1::_pwmWrite(float)
 .text._ZThn8_N4Pwm19_pwmWriteEf
                0x08004b68        0x8 ..\obj\pin.o
                0x08004b68                non-virtual thunk to Pwm1::_pwmWrite(float)
 .text._ZN4Pwm19_pwmWriteEv
                0x08004b70       0x20 ..\obj\pin.o
                0x08004b70                Pwm1::_pwmWrite()
 .text._ZThn8_N4Pwm19_pwmWriteEv
                0x08004b90        0x8 ..\obj\pin.o
                0x08004b90                non-virtual thunk to Pwm1::_pwmWrite()
 .text._ZN4Pwm212_setupPwmOutEff
                0x08004b98       0x44 ..\obj\pin.o
                0x08004b98                Pwm2::_setupPwmOut(float, float)
 .text._ZThn8_N4Pwm212_setupPwmOutEff
                0x08004bdc        0x8 ..\obj\pin.o
                0x08004bdc                non-virtual thunk to Pwm2::_setupPwmOut(float, float)
 .text._ZN4Pwm29_pwmWriteEf
                0x08004be4       0x20 ..\obj\pin.o
                0x08004be4                Pwm2::_pwmWrite(float)
 .text._ZThn8_N4Pwm29_pwmWriteEf
                0x08004c04        0x8 ..\obj\pin.o
                0x08004c04                non-virtual thunk to Pwm2::_pwmWrite(float)
 .text._ZN4Pwm29_pwmWriteEv
                0x08004c0c       0x20 ..\obj\pin.o
                0x08004c0c                Pwm2::_pwmWrite()
 .text._ZThn8_N4Pwm29_pwmWriteEv
                0x08004c2c        0x8 ..\obj\pin.o
                0x08004c2c                non-virtual thunk to Pwm2::_pwmWrite()
 .text._ZN4Pwm312_setupPwmOutEff
                0x08004c34       0x48 ..\obj\pin.o
                0x08004c34                Pwm3::_setupPwmOut(float, float)
 .text._ZThn8_N4Pwm312_setupPwmOutEff
                0x08004c7c        0x8 ..\obj\pin.o
                0x08004c7c                non-virtual thunk to Pwm3::_setupPwmOut(float, float)
 .text._ZN4Pwm39_pwmWriteEf
                0x08004c84       0x20 ..\obj\pin.o
                0x08004c84                Pwm3::_pwmWrite(float)
 .text._ZThn8_N4Pwm39_pwmWriteEf
                0x08004ca4        0x8 ..\obj\pin.o
                0x08004ca4                non-virtual thunk to Pwm3::_pwmWrite(float)
 .text._ZN4Pwm39_pwmWriteEv
                0x08004cac       0x20 ..\obj\pin.o
                0x08004cac                Pwm3::_pwmWrite()
 .text._ZThn8_N4Pwm39_pwmWriteEv
                0x08004ccc        0x8 ..\obj\pin.o
                0x08004ccc                non-virtual thunk to Pwm3::_pwmWrite()
 .text._ZN4Pwm412_setupPwmOutEff
                0x08004cd4       0x48 ..\obj\pin.o
                0x08004cd4                Pwm4::_setupPwmOut(float, float)
 .text._ZThn8_N4Pwm412_setupPwmOutEff
                0x08004d1c        0x8 ..\obj\pin.o
                0x08004d1c                non-virtual thunk to Pwm4::_setupPwmOut(float, float)
 .text._ZN4Pwm49_pwmWriteEf
                0x08004d24       0x20 ..\obj\pin.o
                0x08004d24                Pwm4::_pwmWrite(float)
 .text._ZThn8_N4Pwm49_pwmWriteEf
                0x08004d44        0x8 ..\obj\pin.o
                0x08004d44                non-virtual thunk to Pwm4::_pwmWrite(float)
 .text._ZN4Pwm49_pwmWriteEv
                0x08004d4c       0x20 ..\obj\pin.o
                0x08004d4c                Pwm4::_pwmWrite()
 .text._ZThn8_N4Pwm49_pwmWriteEv
                0x08004d6c        0x8 ..\obj\pin.o
                0x08004d6c                non-virtual thunk to Pwm4::_pwmWrite()
 .text._ZN4Pwm512_setupPwmOutEff
                0x08004d74       0x48 ..\obj\pin.o
                0x08004d74                Pwm5::_setupPwmOut(float, float)
 .text._ZThn8_N4Pwm512_setupPwmOutEff
                0x08004dbc        0x8 ..\obj\pin.o
                0x08004dbc                non-virtual thunk to Pwm5::_setupPwmOut(float, float)
 .text._ZN4Pwm59_pwmWriteEf
                0x08004dc4       0x20 ..\obj\pin.o
                0x08004dc4                Pwm5::_pwmWrite(float)
 .text._ZThn8_N4Pwm59_pwmWriteEf
                0x08004de4        0x8 ..\obj\pin.o
                0x08004de4                non-virtual thunk to Pwm5::_pwmWrite(float)
 .text._ZN4Pwm59_pwmWriteEv
                0x08004dec       0x20 ..\obj\pin.o
                0x08004dec                Pwm5::_pwmWrite()
 .text._ZThn8_N4Pwm59_pwmWriteEv
                0x08004e0c        0x8 ..\obj\pin.o
                0x08004e0c                non-virtual thunk to Pwm5::_pwmWrite()
 .text._ZN4Led212_setupPwmOutEff
                0x08004e14       0x48 ..\obj\pin.o
                0x08004e14                Led2::_setupPwmOut(float, float)
 .text._ZThn8_N4Led212_setupPwmOutEff
                0x08004e5c        0x8 ..\obj\pin.o
                0x08004e5c                non-virtual thunk to Led2::_setupPwmOut(float, float)
 .text._ZN4Led29_pwmWriteEf
                0x08004e64       0x20 ..\obj\pin.o
                0x08004e64                Led2::_pwmWrite(float)
 .text._ZThn8_N4Led29_pwmWriteEf
                0x08004e84        0x8 ..\obj\pin.o
                0x08004e84                non-virtual thunk to Led2::_pwmWrite(float)
 .text._ZN4Led29_pwmWriteEv
                0x08004e8c       0x20 ..\obj\pin.o
                0x08004e8c                Led2::_pwmWrite()
 .text._ZThn8_N4Led29_pwmWriteEv
                0x08004eac        0x8 ..\obj\pin.o
                0x08004eac                non-virtual thunk to Led2::_pwmWrite()
 .text._ZN4Led312_setupPwmOutEff
                0x08004eb4       0x48 ..\obj\pin.o
                0x08004eb4                Led3::_setupPwmOut(float, float)
 .text._ZThn8_N4Led312_setupPwmOutEff
                0x08004efc        0x8 ..\obj\pin.o
                0x08004efc                non-virtual thunk to Led3::_setupPwmOut(float, float)
 .text._ZN4Led39_pwmWriteEf
                0x08004f04       0x20 ..\obj\pin.o
                0x08004f04                Led3::_pwmWrite(float)
 .text._ZThn8_N4Led39_pwmWriteEf
                0x08004f24        0x8 ..\obj\pin.o
                0x08004f24                non-virtual thunk to Led3::_pwmWrite(float)
 .text._ZN4Led39_pwmWriteEv
                0x08004f2c       0x20 ..\obj\pin.o
                0x08004f2c                Led3::_pwmWrite()
 .text._ZThn8_N4Led39_pwmWriteEv
                0x08004f4c        0x8 ..\obj\pin.o
                0x08004f4c                non-virtual thunk to Led3::_pwmWrite()
 .text._ZN6Buzzer12_setupPwmOutEff
                0x08004f54       0x44 ..\obj\pin.o
                0x08004f54                Buzzer::_setupPwmOut(float, float)
 .text._ZThn8_N6Buzzer12_setupPwmOutEff
                0x08004f98        0x8 ..\obj\pin.o
                0x08004f98                non-virtual thunk to Buzzer::_setupPwmOut(float, float)
 .text._ZN6Buzzer9_pwmWriteEf
                0x08004fa0       0x20 ..\obj\pin.o
                0x08004fa0                Buzzer::_pwmWrite(float)
 .text._ZThn8_N6Buzzer9_pwmWriteEf
                0x08004fc0        0x8 ..\obj\pin.o
                0x08004fc0                non-virtual thunk to Buzzer::_pwmWrite(float)
 .text._ZN6Buzzer9_pwmWriteEv
                0x08004fc8       0x20 ..\obj\pin.o
                0x08004fc8                Buzzer::_pwmWrite()
 .text._ZThn8_N6Buzzer9_pwmWriteEv
                0x08004fe8        0x8 ..\obj\pin.o
                0x08004fe8                non-virtual thunk to Buzzer::_pwmWrite()
 .text._ZN7Serial06_setupEiR15SerialInterfaceii
                0x08004ff0       0x4c ..\obj\pin.o
                0x08004ff0                Serial0::_setup(int, SerialInterface&, int, int)
 .text._ZN7Serial09charWriteEc
                0x0800503c       0x3c ..\obj\pin.o
                0x0800503c                Serial0::charWrite(char)
 .text._ZN7Serial16_setupEiR15SerialInterfaceii
                0x08005078       0x50 ..\obj\pin.o
                0x08005078                Serial1::_setup(int, SerialInterface&, int, int)
 .text._ZN7Serial19charWriteEc
                0x080050c8       0x3c ..\obj\pin.o
                0x080050c8                Serial1::charWrite(char)
 .text.std_char_out
                0x08005104       0x3c ..\obj\pin.o
                0x08005104                std_char_out
 .text._ZN10RingBufferIcLi256EEC2Ev
                0x08005140       0x28 ..\obj\pin.o
                0x08005140                RingBuffer<char, 256>::RingBuffer()
                0x08005140                RingBuffer<char, 256>::RingBuffer()
 .text._ZN10RingBufferIcLi256EE5writeEc
                0x08005168       0x60 ..\obj\pin.o
                0x08005168                RingBuffer<char, 256>::write(char)
 .text._ZN10RingBufferIcLi256EE7isEmptyEv
                0x080051c8       0x2c ..\obj\pin.o
                0x080051c8                RingBuffer<char, 256>::isEmpty()
 .text._ZN10RingBufferIcLi256EE4readEv
                0x080051f4       0x5c ..\obj\pin.o
                0x080051f4                RingBuffer<char, 256>::read()
 .text._ZN5BlinkC2ER7Digital
                0x08005250       0x20 ..\obj\main.o
                0x08005250                Blink::Blink(Digital&)
                0x08005250                Blink::Blink(Digital&)
 .text._ZN7DigitalC2Ev
                0x08005270       0x20 ..\obj\main.o
                0x08005270                Digital::Digital()
                0x08005270                Digital::Digital()
 .text._ZN6AnalogC2Ev
                0x08005290       0x20 ..\obj\main.o
                0x08005290                Analog::Analog()
                0x08005290                Analog::Analog()
 .text._ZN2A2C2Ev
                0x080052b0       0x40 ..\obj\main.o
                0x080052b0                A2::A2()
                0x080052b0                A2::A2()
 .text._ZN3PwmC2Ev
                0x080052f0       0x20 ..\obj\main.o
                0x080052f0                Pwm::Pwm()
                0x080052f0                Pwm::Pwm()
 .text._ZN4Led0C2Ev
                0x08005310       0x24 ..\obj\main.o
                0x08005310                Led0::Led0()
                0x08005310                Led0::Led0()
 .text._ZN4Led1C2Ev
                0x08005334       0x24 ..\obj\main.o
                0x08005334                Led1::Led1()
                0x08005334                Led1::Led1()
 .text._ZN4Led2C2Ev
                0x08005358       0x38 ..\obj\main.o
                0x08005358                Led2::Led2()
                0x08005358                Led2::Led2()
 .text._ZN3Sw0C2Ev
                0x08005390       0x24 ..\obj\main.o
                0x08005390                Sw0::Sw0()
                0x08005390                Sw0::Sw0()
 .text.main     0x080053b4      0x1d4 ..\obj\main.o
                0x080053b4                main
 .text.RCC_GetClocksFreq
                0x08005588      0x154 ..\obj\stm32f4xx_rcc.o
                0x08005588                RCC_GetClocksFreq
 .text.RCC_AHB1PeriphClockCmd
                0x080056dc       0x3c ..\obj\stm32f4xx_rcc.o
                0x080056dc                RCC_AHB1PeriphClockCmd
 .text.RCC_APB1PeriphClockCmd
                0x08005718       0x3c ..\obj\stm32f4xx_rcc.o
                0x08005718                RCC_APB1PeriphClockCmd
 .text.RCC_APB2PeriphClockCmd
                0x08005754       0x3c ..\obj\stm32f4xx_rcc.o
                0x08005754                RCC_APB2PeriphClockCmd
 .text.RCC_APB2PeriphResetCmd
                0x08005790       0x3c ..\obj\stm32f4xx_rcc.o
                0x08005790                RCC_APB2PeriphResetCmd
 .text.system_setup
                0x080057cc       0x28 ..\obj\system.o
                0x080057cc                system_setup
 .text.ADC_DeInit
                0x080057f4       0x1c ..\obj\stm32f4xx_adc.o
                0x080057f4                ADC_DeInit
 .text.ADC_Init
                0x08005810       0xa8 ..\obj\stm32f4xx_adc.o
                0x08005810                ADC_Init
 .text.ADC_StructInit
                0x080058b8       0x3c ..\obj\stm32f4xx_adc.o
                0x080058b8                ADC_StructInit
 .text.ADC_CommonInit
                0x080058f4       0x50 ..\obj\stm32f4xx_adc.o
                0x080058f4                ADC_CommonInit
 .text.ADC_CommonStructInit
                0x08005944       0x2c ..\obj\stm32f4xx_adc.o
                0x08005944                ADC_CommonStructInit
 .text.ADC_Cmd  0x08005970       0x38 ..\obj\stm32f4xx_adc.o
                0x08005970                ADC_Cmd
 .text.ADC_RegularChannelConfig
                0x080059a8      0x194 ..\obj\stm32f4xx_adc.o
                0x080059a8                ADC_RegularChannelConfig
 .text.ADC_SoftwareStartConv
                0x08005b3c       0x20 ..\obj\stm32f4xx_adc.o
                0x08005b3c                ADC_SoftwareStartConv
 .text.ADC_DMACmd
                0x08005b5c       0x38 ..\obj\stm32f4xx_adc.o
                0x08005b5c                ADC_DMACmd
 .text.ADC_DMARequestAfterLastTransferCmd
                0x08005b94       0x38 ..\obj\stm32f4xx_adc.o
                0x08005b94                ADC_DMARequestAfterLastTransferCmd
 .text.Select_ADC_channel
                0x08005bcc      0x100 ..\obj\config_adc.o
                0x08005bcc                Select_ADC_channel
 .text.Init_ADC1
                0x08005ccc      0x1d0 ..\obj\config_adc.o
                0x08005ccc                Init_ADC1
 .text.get_ADC1_value
                0x08005e9c       0x64 ..\obj\config_adc.o
                0x08005e9c                get_ADC1_value
 .text.NMI_Handler
                0x08005f00       0x1c ..\obj\error.o
                0x08005f00                NMI_Handler
 .text.HardFault_Handler
                0x08005f1c       0x1c ..\obj\error.o
                0x08005f1c                HardFault_Handler
 .text.MemManage_Handler
                0x08005f38       0x1c ..\obj\error.o
                0x08005f38                MemManage_Handler
 .text.BusFault_Handler
                0x08005f54       0x1c ..\obj\error.o
                0x08005f54                BusFault_Handler
 .text.UsageFault_Handler
                0x08005f70       0x1c ..\obj\error.o
                0x08005f70                UsageFault_Handler
 .text.SVC_Handler
                0x08005f8c       0x1c ..\obj\error.o
                0x08005f8c                SVC_Handler
 .text.DebugMon_Handler
                0x08005fa8       0x1c ..\obj\error.o
                0x08005fa8                DebugMon_Handler
 .text.PendSV_Handler
                0x08005fc4       0x1c ..\obj\error.o
                0x08005fc4                PendSV_Handler
 .text.NVIC_SetPriority
                0x08005fe0       0x54 ..\obj\config_systick.o
 .text.SysTick_Config
                0x08006034       0x44 ..\obj\config_systick.o
 .text.Init_SysTick
                0x08006078       0x44 ..\obj\config_systick.o
                0x08006078                Init_SysTick
 .text.SD_ProcessIRQSrc
                0x080060bc       0xc8 ..\obj\stm32_ub_sdcard.o
                0x080060bc                SD_ProcessIRQSrc
 .text.SD_ProcessDMAIRQ
                0x08006184       0x30 ..\obj\stm32_ub_sdcard.o
                0x08006184                SD_ProcessDMAIRQ
 .text.SDIO_IRQHandler
                0x080061b4        0xc ..\obj\stm32_ub_sdcard.o
                0x080061b4                SDIO_IRQHandler
 .text.DMA2_Stream3_IRQHandler
                0x080061c0        0xc ..\obj\stm32_ub_sdcard.o
                0x080061c0                DMA2_Stream3_IRQHandler
 .text.GPIO_Init
                0x080061cc      0x11c ..\obj\stm32f4xx_gpio.o
                0x080061cc                GPIO_Init
 .text.GPIO_StructInit
                0x080062e8       0x34 ..\obj\stm32f4xx_gpio.o
                0x080062e8                GPIO_StructInit
 .text.GPIO_ReadInputDataBit
                0x0800631c       0x34 ..\obj\stm32f4xx_gpio.o
                0x0800631c                GPIO_ReadInputDataBit
 .text.GPIO_ReadOutputDataBit
                0x08006350       0x34 ..\obj\stm32f4xx_gpio.o
                0x08006350                GPIO_ReadOutputDataBit
 .text.GPIO_SetBits
                0x08006384       0x1c ..\obj\stm32f4xx_gpio.o
                0x08006384                GPIO_SetBits
 .text.GPIO_ResetBits
                0x080063a0       0x1c ..\obj\stm32f4xx_gpio.o
                0x080063a0                GPIO_ResetBits
 .text.GPIO_PinAFConfig
                0x080063bc       0x90 ..\obj\stm32f4xx_gpio.o
                0x080063bc                GPIO_PinAFConfig
 .text.SystemInit
                0x0800644c       0x58 ..\obj\system_stm32f4xx.o
                0x0800644c                SystemInit
 .text.SystemCoreClockUpdate
                0x080064a4       0xf8 ..\obj\system_stm32f4xx.o
                0x080064a4                SystemCoreClockUpdate
 .text.SetSysClock
                0x0800659c       0xf4 ..\obj\system_stm32f4xx.o
 .text._sbrk    0x08006690       0x40 ..\obj\syscalls.o
                0x08006690                _sbrk
 .text._close   0x080066d0       0x18 ..\obj\syscalls.o
                0x080066d0                _close
 .text._fstat   0x080066e8       0x20 ..\obj\syscalls.o
                0x080066e8                _fstat
 .text._isatty  0x08006708       0x18 ..\obj\syscalls.o
                0x08006708                _isatty
 .text._lseek   0x08006720       0x1c ..\obj\syscalls.o
                0x08006720                _lseek
 .text._read    0x0800673c       0x1c ..\obj\syscalls.o
                0x0800673c                _read
 .text._write   0x08006758       0x38 ..\obj\syscalls.o
                0x08006758                _write
 .text.abort    0x08006790        0x8 ..\obj\syscalls.o
                0x08006790                abort
 .text.DMA_DeInit
                0x08006798      0x1a4 ..\obj\stm32f4xx_dma.o
                0x08006798                DMA_DeInit
 .text.DMA_Init
                0x0800693c       0xac ..\obj\stm32f4xx_dma.o
                0x0800693c                DMA_Init
 .text.DMA_StructInit
                0x080069e8       0x6c ..\obj\stm32f4xx_dma.o
                0x080069e8                DMA_StructInit
 .text.DMA_Cmd  0x08006a54       0x38 ..\obj\stm32f4xx_dma.o
                0x08006a54                DMA_Cmd
 .text.DMA_ClearFlag
                0x08006a8c       0x5c ..\obj\stm32f4xx_dma.o
                0x08006a8c                DMA_ClearFlag
 .text.USB_OTG_BSP_uDelay
                0x08006ae8       0x48 ..\obj\usb_bsp.o
                0x08006ae8                USB_OTG_BSP_uDelay
 .text.USBD_StdDevReq
                0x08006b30       0xa0 ..\obj\usbd_req.o
                0x08006b30                USBD_StdDevReq
 .text.USBD_StdItfReq
                0x08006bd0       0x68 ..\obj\usbd_req.o
                0x08006bd0                USBD_StdItfReq
 .text.USBD_StdEPReq
                0x08006c38      0x1b0 ..\obj\usbd_req.o
                0x08006c38                USBD_StdEPReq
 .text.USBD_GetDescriptor
                0x08006de8      0x1b8 ..\obj\usbd_req.o
 .text.USBD_SetAddress
                0x08006fa0       0x7c ..\obj\usbd_req.o
 .text.USBD_SetConfig
                0x0800701c       0xf4 ..\obj\usbd_req.o
 .text.USBD_GetConfig
                0x08007110       0x60 ..\obj\usbd_req.o
 .text.USBD_GetStatus
                0x08007170       0x50 ..\obj\usbd_req.o
 .text.USBD_SetFeature
                0x080071c0       0xcc ..\obj\usbd_req.o
 .text.USBD_ClrFeature
                0x0800728c       0x50 ..\obj\usbd_req.o
 .text.USBD_ParseSetupRequest
                0x080072dc       0x90 ..\obj\usbd_req.o
                0x080072dc                USBD_ParseSetupRequest
 .text.USBD_CtlError
                0x0800736c       0x48 ..\obj\usbd_req.o
                0x0800736c                USBD_CtlError
 .text.USBD_OTG_ISR_Handler
                0x080073b4      0x15c ..\obj\usb_dcd_int.o
                0x080073b4                USBD_OTG_ISR_Handler
 .text.DCD_HandleResume_ISR
                0x08007510       0x80 ..\obj\usb_dcd_int.o
 .text.DCD_HandleUSBSuspend_ISR
                0x08007590       0x9c ..\obj\usb_dcd_int.o
 .text.DCD_HandleInEP_ISR
                0x0800762c      0x1ec ..\obj\usb_dcd_int.o
 .text.DCD_HandleOutEP_ISR
                0x08007818      0x178 ..\obj\usb_dcd_int.o
 .text.DCD_HandleSof_ISR
                0x08007990       0x34 ..\obj\usb_dcd_int.o
 .text.DCD_HandleRxStatusQueueLevel_ISR
                0x080079c4      0x104 ..\obj\usb_dcd_int.o
 .text.DCD_WriteEmptyTxFifo
                0x08007ac8       0xe4 ..\obj\usb_dcd_int.o
 .text.DCD_HandleUsbReset_ISR
                0x08007bac      0x138 ..\obj\usb_dcd_int.o
 .text.DCD_HandleEnumDone_ISR
                0x08007ce4       0x78 ..\obj\usb_dcd_int.o
 .text.DCD_IsoINIncomplete_ISR
                0x08007d5c       0x34 ..\obj\usb_dcd_int.o
 .text.DCD_IsoOUTIncomplete_ISR
                0x08007d90       0x34 ..\obj\usb_dcd_int.o
 .text.DCD_ReadDevInEP
                0x08007dc4       0x50 ..\obj\usb_dcd_int.o
 .text.EXTI_ClearITPendingBit
                0x08007e14       0x1c ..\obj\stm32f4xx_exti.o
                0x08007e14                EXTI_ClearITPendingBit
 .text.Analysis_GPIO_Pin
                0x08007e30      0x168 ..\obj\name_converter.o
                0x08007e30                Analysis_GPIO_Pin
 .text.GPIO_af_USART_select
                0x08007f98       0x84 ..\obj\name_converter.o
                0x08007f98                GPIO_af_USART_select
 .text.USART_irqn_select
                0x0800801c       0x84 ..\obj\name_converter.o
                0x0800801c                USART_irqn_select
 .text.Tim_irqn_select
                0x080080a0       0x94 ..\obj\name_converter.o
                0x080080a0                Tim_irqn_select
 .text.RCC_PeriphClock_TIM
                0x08008134      0x1b0 ..\obj\name_converter.o
                0x08008134                RCC_PeriphClock_TIM
 .text.RCC_PeriphClock_USART
                0x080082e4      0x12c ..\obj\name_converter.o
                0x080082e4                RCC_PeriphClock_USART
 .text.NVIC_Configuration
                0x08008410       0x2c ..\obj\name_converter.o
                0x08008410                NVIC_Configuration
 .text.Pin_select_source
                0x0800843c       0xec ..\obj\name_converter.o
                0x0800843c                Pin_select_source
 .text.Tim_select_af
                0x08008528       0xb8 ..\obj\name_converter.o
                0x08008528                Tim_select_af
 .text.NVIC_PriorityGroupConfig
                0x080085e0       0x24 ..\obj\misc.o
                0x080085e0                NVIC_PriorityGroupConfig
 .text.NVIC_Init
                0x08008604       0xc0 ..\obj\misc.o
                0x08008604                NVIC_Init
 .text.DCD_EP_Open
                0x080086c4       0xa8 ..\obj\usb_dcd.o
                0x080086c4                DCD_EP_Open
 .text.DCD_EP_PrepareRx
                0x0800876c       0x84 ..\obj\usb_dcd.o
                0x0800876c                DCD_EP_PrepareRx
 .text.DCD_EP_Tx
                0x080087f0       0x78 ..\obj\usb_dcd.o
                0x080087f0                DCD_EP_Tx
 .text.DCD_EP_Stall
                0x08008868       0x74 ..\obj\usb_dcd.o
                0x08008868                DCD_EP_Stall
 .text.DCD_EP_ClrStall
                0x080088dc       0x74 ..\obj\usb_dcd.o
                0x080088dc                DCD_EP_ClrStall
 .text.DCD_EP_SetAddress
                0x08008950       0x3c ..\obj\usb_dcd.o
                0x08008950                DCD_EP_SetAddress
 .text._ZN15SerialInterface14serialReadCharEc
                0x0800898c       0xd4 ..\obj\serial.o
                0x0800898c                SerialInterface::serialReadChar(char)
 .text._ZN6Serial6printfEPKcz
                0x08008a60       0x48 ..\obj\serial.o
                0x08008a60                Serial::printf(char const*, ...)
 .text.USBD_CtlSendData
                0x08008aa8       0x40 ..\obj\usbd_ioreq.o
                0x08008aa8                USBD_CtlSendData
 .text.USBD_CtlContinueSendData
                0x08008ae8       0x28 ..\obj\usbd_ioreq.o
                0x08008ae8                USBD_CtlContinueSendData
 .text.USBD_CtlContinueRx
                0x08008b10       0x28 ..\obj\usbd_ioreq.o
                0x08008b10                USBD_CtlContinueRx
 .text.USBD_CtlSendStatus
                0x08008b38       0x30 ..\obj\usbd_ioreq.o
                0x08008b38                USBD_CtlSendStatus
 .text.USBD_CtlReceiveStatus
                0x08008b68       0x30 ..\obj\usbd_ioreq.o
                0x08008b68                USBD_CtlReceiveStatus
 .text.Init_USART
                0x08008b98       0xdc ..\obj\config_usart.o
                0x08008b98                Init_USART
 .text.TIM_TimeBaseInit
                0x08008c74       0xd4 ..\obj\stm32f4xx_tim.o
                0x08008c74                TIM_TimeBaseInit
 .text.TIM_PrescalerConfig
                0x08008d48       0x28 ..\obj\stm32f4xx_tim.o
                0x08008d48                TIM_PrescalerConfig
 .text.TIM_SetCounter
                0x08008d70       0x1c ..\obj\stm32f4xx_tim.o
                0x08008d70                TIM_SetCounter
 .text.TIM_GetCounter
                0x08008d8c       0x18 ..\obj\stm32f4xx_tim.o
                0x08008d8c                TIM_GetCounter
 .text.TIM_ARRPreloadConfig
                0x08008da4       0x40 ..\obj\stm32f4xx_tim.o
                0x08008da4                TIM_ARRPreloadConfig
 .text.TIM_Cmd  0x08008de4       0x40 ..\obj\stm32f4xx_tim.o
                0x08008de4                TIM_Cmd
 .text.TIM_OC1Init
                0x08008e24       0xf4 ..\obj\stm32f4xx_tim.o
                0x08008e24                TIM_OC1Init
 .text.TIM_OC2Init
                0x08008f18      0x110 ..\obj\stm32f4xx_tim.o
                0x08008f18                TIM_OC2Init
 .text.TIM_OC3Init
                0x08009028      0x10c ..\obj\stm32f4xx_tim.o
                0x08009028                TIM_OC3Init
 .text.TIM_OC4Init
                0x08009134       0xcc ..\obj\stm32f4xx_tim.o
                0x08009134                TIM_OC4Init
 .text.TIM_OC1PreloadConfig
                0x08009200       0x38 ..\obj\stm32f4xx_tim.o
                0x08009200                TIM_OC1PreloadConfig
 .text.TIM_OC2PreloadConfig
                0x08009238       0x3c ..\obj\stm32f4xx_tim.o
                0x08009238                TIM_OC2PreloadConfig
 .text.TIM_OC3PreloadConfig
                0x08009274       0x38 ..\obj\stm32f4xx_tim.o
                0x08009274                TIM_OC3PreloadConfig
 .text.TIM_OC4PreloadConfig
                0x080092ac       0x3c ..\obj\stm32f4xx_tim.o
                0x080092ac                TIM_OC4PreloadConfig
 .text.TIM_BDTRConfig
                0x080092e8       0x50 ..\obj\stm32f4xx_tim.o
                0x080092e8                TIM_BDTRConfig
 .text.TIM_BDTRStructInit
                0x08009338       0x3c ..\obj\stm32f4xx_tim.o
                0x08009338                TIM_BDTRStructInit
 .text.TIM_CtrlPWMOutputs
                0x08009374       0x4c ..\obj\stm32f4xx_tim.o
                0x08009374                TIM_CtrlPWMOutputs
 .text.TIM_ITConfig
                0x080093c0       0x48 ..\obj\stm32f4xx_tim.o
                0x080093c0                TIM_ITConfig
 .text.TIM_ClearITPendingBit
                0x08009408       0x20 ..\obj\stm32f4xx_tim.o
                0x08009408                TIM_ClearITPendingBit
 .text.TIM_EncoderInterfaceConfig
                0x08009428       0x98 ..\obj\stm32f4xx_tim.o
                0x08009428                TIM_EncoderInterfaceConfig
 .text.pow      0x080094c0      0x2ec c:/program files (x86)/gnu tools arm embedded/4.9 2014q4/bin/../lib/gcc/arm-none-eabi/4.9.3/../../../../arm-none-eabi/lib/armv7e-m\libm.a(lib_a-w_pow.o)
                0x080094c0                pow
 *fill*         0x080097ac        0x4 
 .text.__ieee754_pow
                0x080097b0      0xaa8 c:/program files (x86)/gnu tools arm embedded/4.9 2014q4/bin/../lib/gcc/arm-none-eabi/4.9.3/../../../../arm-none-eabi/lib/armv7e-m\libm.a(lib_a-e_pow.o)
                0x080097b0                __ieee754_pow
 .text.__ieee754_sqrt
                0x0800a258      0x188 c:/program files (x86)/gnu tools arm embedded/4.9 2014q4/bin/../lib/gcc/arm-none-eabi/4.9.3/../../../../arm-none-eabi/lib/armv7e-m\libm.a(lib_a-e_sqrt.o)
                0x0800a258                __ieee754_sqrt
 .text.fabs     0x0800a3e0        0x8 c:/program files (x86)/gnu tools arm embedded/4.9 2014q4/bin/../lib/gcc/arm-none-eabi/4.9.3/../../../../arm-none-eabi/lib/armv7e-m\libm.a(lib_a-s_fabs.o)
                0x0800a3e0                fabs
 .text.finite   0x0800a3e8        0xc c:/program files (x86)/gnu tools arm embedded/4.9 2014q4/bin/../lib/gcc/arm-none-eabi/4.9.3/../../../../arm-none-eabi/lib/armv7e-m\libm.a(lib_a-s_finite.o)
                0x0800a3e8                finite
 .text.__fpclassifyd
                0x0800a3f4       0x58 c:/program files (x86)/gnu tools arm embedded/4.9 2014q4/bin/../lib/gcc/arm-none-eabi/4.9.3/../../../../arm-none-eabi/lib/armv7e-m\libm.a(lib_a-s_fpclassify.o)
                0x0800a3f4                __fpclassifyd
 .text.matherr  0x0800a44c        0x4 c:/program files (x86)/gnu tools arm embedded/4.9 2014q4/bin/../lib/gcc/arm-none-eabi/4.9.3/../../../../arm-none-eabi/lib/armv7e-m\libm.a(lib_a-s_matherr.o)
                0x0800a44c                matherr
 .text.nan      0x0800a450        0xc c:/program files (x86)/gnu tools arm embedded/4.9 2014q4/bin/../lib/gcc/arm-none-eabi/4.9.3/../../../../arm-none-eabi/lib/armv7e-m\libm.a(lib_a-s_nan.o)
                0x0800a450                nan
 .text.rint     0x0800a45c      0x11c c:/program files (x86)/gnu tools arm embedded/4.9 2014q4/bin/../lib/gcc/arm-none-eabi/4.9.3/../../../../arm-none-eabi/lib/armv7e-m\libm.a(lib_a-s_rint.o)
                0x0800a45c                rint
 .text.scalbn   0x0800a578      0x108 c:/program files (x86)/gnu tools arm embedded/4.9 2014q4/bin/../lib/gcc/arm-none-eabi/4.9.3/../../../../arm-none-eabi/lib/armv7e-m\libm.a(lib_a-s_scalbn.o)
                0x0800a578                scalbn
 .text.copysign
                0x0800a680       0x10 c:/program files (x86)/gnu tools arm embedded/4.9 2014q4/bin/../lib/gcc/arm-none-eabi/4.9.3/../../../../arm-none-eabi/lib/armv7e-m\libm.a(lib_a-s_copysign.o)
                0x0800a680                copysign
 .text          0x0800a690      0x370 c:/program files (x86)/gnu tools arm embedded/4.9 2014q4/bin/../lib/gcc/arm-none-eabi/4.9.3/armv7e-m\libgcc.a(_arm_addsubdf3.o)
                0x0800a690                __aeabi_drsub
                0x0800a698                __aeabi_dsub
                0x0800a698                __subdf3
                0x0800a69c                __aeabi_dadd
                0x0800a69c                __adddf3
                0x0800a914                __floatunsidf
                0x0800a914                __aeabi_ui2d
                0x0800a934                __floatsidf
                0x0800a934                __aeabi_i2d
                0x0800a958                __aeabi_f2d
                0x0800a958                __extendsfdf2
                0x0800a994                __floatundidf
                0x0800a994                __aeabi_ul2d
                0x0800a9a4                __floatdidf
                0x0800a9a4                __aeabi_l2d
 .text          0x0800aa00      0x424 c:/program files (x86)/gnu tools arm embedded/4.9 2014q4/bin/../lib/gcc/arm-none-eabi/4.9.3/armv7e-m\libgcc.a(_arm_muldivdf3.o)
                0x0800aa00                __aeabi_dmul
                0x0800aa00                __muldf3
                0x0800ac54                __divdf3
                0x0800ac54                __aeabi_ddiv
 .text          0x0800ae24      0x110 c:/program files (x86)/gnu tools arm embedded/4.9 2014q4/bin/../lib/gcc/arm-none-eabi/4.9.3/armv7e-m\libgcc.a(_arm_cmpdf2.o)
                0x0800ae24                __gtdf2
                0x0800ae24                __gedf2
                0x0800ae2c                __ltdf2
                0x0800ae2c                __ledf2
                0x0800ae34                __nedf2
                0x0800ae34                __eqdf2
                0x0800ae34                __cmpdf2
                0x0800aeb0                __aeabi_cdrcmple
                0x0800aec0                __aeabi_cdcmpeq
                0x0800aec0                __aeabi_cdcmple
                0x0800aed0                __aeabi_dcmpeq
                0x0800aee4                __aeabi_dcmplt
                0x0800aef8                __aeabi_dcmple
                0x0800af0c                __aeabi_dcmpge
                0x0800af20                __aeabi_dcmpgt
 .text          0x0800af34       0x50 c:/program files (x86)/gnu tools arm embedded/4.9 2014q4/bin/../lib/gcc/arm-none-eabi/4.9.3/armv7e-m\libgcc.a(_arm_fixdfsi.o)
                0x0800af34                __aeabi_d2iz
                0x0800af34                __fixdfsi
 .text          0x0800af84       0x40 c:/program files (x86)/gnu tools arm embedded/4.9 2014q4/bin/../lib/gcc/arm-none-eabi/4.9.3/armv7e-m\libgcc.a(_arm_fixunsdfsi.o)
                0x0800af84                __aeabi_d2uiz
                0x0800af84                __fixunsdfsi
 .text          0x0800afc4      0x21c c:/program files (x86)/gnu tools arm embedded/4.9 2014q4/bin/../lib/gcc/arm-none-eabi/4.9.3/armv7e-m\libgcc.a(_arm_addsubsf3.o)
                0x0800afc4                __aeabi_frsub
                0x0800afcc                __subsf3
                0x0800afcc                __aeabi_fsub
                0x0800afd0                __aeabi_fadd
                0x0800afd0                __addsf3
                0x0800b130                __aeabi_ui2f
                0x0800b130                __floatunsisf
                0x0800b138                __aeabi_i2f