Archive member included because of file (symbol)

c:/program files (x86)/gnu tools arm embedded/4.9 2014q4/bin/../lib/gcc/arm-none-eabi/4.9.3/../../../../arm-none-eabi/lib/armv7e-m\libm.a(lib_a-s_cos.o)
                              ..\obj\utilplus.o (cos)
c:/program files (x86)/gnu tools arm embedded/4.9 2014q4/bin/../lib/gcc/arm-none-eabi/4.9.3/../../../../arm-none-eabi/lib/armv7e-m\libm.a(lib_a-s_sin.o)
                              ..\obj\utilplus.o (sin)
c:/program files (x86)/gnu tools arm embedded/4.9 2014q4/bin/../lib/gcc/arm-none-eabi/4.9.3/../../../../arm-none-eabi/lib/armv7e-m\libm.a(lib_a-s_tan.o)
                              ..\obj\motor.o (tan)
c:/program files (x86)/gnu tools arm embedded/4.9 2014q4/bin/../lib/gcc/arm-none-eabi/4.9.3/../../../../arm-none-eabi/lib/armv7e-m\libm.a(lib_a-sf_cos.o)
                              ..\obj\utilplus.o (cosf)
c:/program files (x86)/gnu tools arm embedded/4.9 2014q4/bin/../lib/gcc/arm-none-eabi/4.9.3/../../../../arm-none-eabi/lib/armv7e-m\libm.a(lib_a-sf_sin.o)
                              ..\obj\utilplus.o (sinf)
c:/program files (x86)/gnu tools arm embedded/4.9 2014q4/bin/../lib/gcc/arm-none-eabi/4.9.3/../../../../arm-none-eabi/lib/armv7e-m\libm.a(lib_a-w_atan2.o)
                              ..\obj\odometry.o (atan2)
c:/program files (x86)/gnu tools arm embedded/4.9 2014q4/bin/../lib/gcc/arm-none-eabi/4.9.3/../../../../arm-none-eabi/lib/armv7e-m\libm.a(lib_a-w_pow.o)
                              ..\obj\name_converter.o (pow)
c:/program files (x86)/gnu tools arm embedded/4.9 2014q4/bin/../lib/gcc/arm-none-eabi/4.9.3/../../../../arm-none-eabi/lib/armv7e-m\libm.a(lib_a-wf_acos.o)
                              ..\obj\utilplus.o (acosf)
c:/program files (x86)/gnu tools arm embedded/4.9 2014q4/bin/../lib/gcc/arm-none-eabi/4.9.3/../../../../arm-none-eabi/lib/armv7e-m\libm.a(lib_a-wf_atan2.o)
                              ..\obj\utilplus.o (atan2f)
c:/program files (x86)/gnu tools arm embedded/4.9 2014q4/bin/../lib/gcc/arm-none-eabi/4.9.3/../../../../arm-none-eabi/lib/armv7e-m\libm.a(lib_a-wf_pow.o)
                              ..\obj\utilplus.o (powf)
c:/program files (x86)/gnu tools arm embedded/4.9 2014q4/bin/../lib/gcc/arm-none-eabi/4.9.3/../../../../arm-none-eabi/lib/armv7e-m\libm.a(lib_a-wf_sqrt.o)
                              ..\obj\utilplus.o (sqrtf)
c:/program files (x86)/gnu tools arm embedded/4.9 2014q4/bin/../lib/gcc/arm-none-eabi/4.9.3/../../../../arm-none-eabi/lib/armv7e-m\libm.a(lib_a-e_atan2.o)
                              c:/program files (x86)/gnu tools arm embedded/4.9 2014q4/bin/../lib/gcc/arm-none-eabi/4.9.3/../../../../arm-none-eabi/lib/armv7e-m\libm.a(lib_a-w_atan2.o) (__ieee754_atan2)
c:/program files (x86)/gnu tools arm embedded/4.9 2014q4/bin/../lib/gcc/arm-none-eabi/4.9.3/../../../../arm-none-eabi/lib/armv7e-m\libm.a(lib_a-e_pow.o)
                              c:/program files (x86)/gnu tools arm embedded/4.9 2014q4/bin/../lib/gcc/arm-none-eabi/4.9.3/../../../../arm-none-eabi/lib/armv7e-m\libm.a(lib_a-w_pow.o) (__ieee754_pow)
c:/program files (x86)/gnu tools arm embedded/4.9 2014q4/bin/../lib/gcc/arm-none-eabi/4.9.3/../../../../arm-none-eabi/lib/armv7e-m\libm.a(lib_a-e_rem_pio2.o)
                              c:/program files (x86)/gnu tools arm embedded/4.9 2014q4/bin/../lib/gcc/arm-none-eabi/4.9.3/../../../../arm-none-eabi/lib/armv7e-m\libm.a(lib_a-s_cos.o) (__ieee754_rem_pio2)
c:/program files (x86)/gnu tools arm embedded/4.9 2014q4/bin/../lib/gcc/arm-none-eabi/4.9.3/../../../../arm-none-eabi/lib/armv7e-m\libm.a(lib_a-e_sqrt.o)
                              c:/program files (x86)/gnu tools arm embedded/4.9 2014q4/bin/../lib/gcc/arm-none-eabi/4.9.3/../../../../arm-none-eabi/lib/armv7e-m\libm.a(lib_a-e_pow.o) (__ieee754_sqrt)
c:/program files (x86)/gnu tools arm embedded/4.9 2014q4/bin/../lib/gcc/arm-none-eabi/4.9.3/../../../../arm-none-eabi/lib/armv7e-m\libm.a(lib_a-ef_acos.o)
                              c:/program files (x86)/gnu tools arm embedded/4.9 2014q4/bin/../lib/gcc/arm-none-eabi/4.9.3/../../../../arm-none-eabi/lib/armv7e-m\libm.a(lib_a-wf_acos.o) (__ieee754_acosf)
c:/program files (x86)/gnu tools arm embedded/4.9 2014q4/bin/../lib/gcc/arm-none-eabi/4.9.3/../../../../arm-none-eabi/lib/armv7e-m\libm.a(lib_a-ef_atan2.o)
                              c:/program files (x86)/gnu tools arm embedded/4.9 2014q4/bin/../lib/gcc/arm-none-eabi/4.9.3/../../../../arm-none-eabi/lib/armv7e-m\libm.a(lib_a-wf_atan2.o) (__ieee754_atan2f)
c:/program files (x86)/gnu tools arm embedded/4.9 2014q4/bin/../lib/gcc/arm-none-eabi/4.9.3/../../../../arm-none-eabi/lib/armv7e-m\libm.a(lib_a-ef_pow.o)
                              c:/program files (x86)/gnu tools arm embedded/4.9 2014q4/bin/../lib/gcc/arm-none-eabi/4.9.3/../../../../arm-none-eabi/lib/armv7e-m\libm.a(lib_a-wf_pow.o) (__ieee754_powf)
[...]
Memory Configuration

Name             Origin             Length             Attributes
rom              0x08000000         0x00100000         xr
ram              0x20000000         0x00020000         xrw
ram1             0x10000000         0x00010000         xrw
*default*        0x00000000         0xffffffff

Linker script and memory map

LOAD c:/program files (x86)/gnu tools arm embedded/4.9 2014q4/bin/../lib/gcc/arm-none-eabi/4.9.3/armv7e-m/crti.o
LOAD c:/program files (x86)/gnu tools arm embedded/4.9 2014q4/bin/../lib/gcc/arm-none-eabi/4.9.3/armv7e-m/crtbegin.o
LOAD c:/program files (x86)/gnu tools arm embedded/4.9 2014q4/bin/../lib/gcc/arm-none-eabi/4.9.3/../../../../arm-none-eabi/lib/armv7e-m/crt0.o
                0x20020000                _eram = 0x20020000

.text           0x08000000    0x20558
 *(.isr_vector)
 .isr_vector    0x08000000      0x188 ..\obj\startup_stm32f4xx.o
                0x08000000                g_pfnVectors
 *(.text*)
 .text          0x08000188       0x5c c:/program files (x86)/gnu tools arm embedded/4.9 2014q4/bin/../lib/gcc/arm-none-eabi/4.9.3/armv7e-m/crtbegin.o
 .text.Set_duty
                0x080001e4       0xc4 ..\obj\config_pwm.o
                0x080001e4                Set_duty
 .text.Read_duty
                0x080002a8       0x68 ..\obj\config_pwm.o
                0x080002a8                Read_duty
 .text.Init_PWM
                0x08000310      0x2b4 ..\obj\config_pwm.o
                0x08000310                Init_PWM
 .text.USB_OTG_WritePacket
                0x080005c4       0x78 ..\obj\usb_core.o
                0x080005c4                USB_OTG_WritePacket
 .text.USB_OTG_ReadPacket
                0x0800063c       0x58 ..\obj\usb_core.o
                0x0800063c                USB_OTG_ReadPacket
 .text.USB_OTG_FlushTxFifo
                0x08000694       0x7c ..\obj\usb_core.o
                0x08000694                USB_OTG_FlushTxFifo
 .text.USB_OTG_GetMode
                0x08000710       0x20 ..\obj\usb_core.o
                0x08000710                USB_OTG_GetMode
 .text.USB_OTG_IsDeviceMode
                0x08000730       0x24 ..\obj\usb_core.o
                0x08000730                USB_OTG_IsDeviceMode
 .text.USB_OTG_ReadCoreItr
                0x08000754       0x30 ..\obj\usb_core.o
                0x08000754                USB_OTG_ReadCoreItr
 .text.USB_OTG_GetDeviceSpeed
                0x08000784       0x48 ..\obj\usb_core.o
                0x08000784                USB_OTG_GetDeviceSpeed
 .text.USB_OTG_EP0Activate
                0x080007cc       0x78 ..\obj\usb_core.o
                0x080007cc                USB_OTG_EP0Activate
 .text.USB_OTG_EPActivate
                0x08000844       0xdc ..\obj\usb_core.o
                0x08000844                USB_OTG_EPActivate
 .text.USB_OTG_EPStartXfer
                0x08000920      0x280 ..\obj\usb_core.o
                0x08000920                USB_OTG_EPStartXfer
 .text.USB_OTG_EP0StartXfer
                0x08000ba0      0x1d4 ..\obj\usb_core.o
                0x08000ba0                USB_OTG_EP0StartXfer
 .text.USB_OTG_EPSetStall
                0x08000d74       0x88 ..\obj\usb_core.o
                0x08000d74                USB_OTG_EPSetStall
 .text.USB_OTG_EPClearStall
                0x08000dfc       0x78 ..\obj\usb_core.o
                0x08000dfc                USB_OTG_EPClearStall
 .text.USB_OTG_ReadDevAllOutEp_itr
                0x08000e74       0x2c ..\obj\usb_core.o
                0x08000e74                USB_OTG_ReadDevAllOutEp_itr
 .text.USB_OTG_ReadDevOutEP_itr
                0x08000ea0       0x38 ..\obj\usb_core.o
                0x08000ea0                USB_OTG_ReadDevOutEP_itr
 .text.USB_OTG_ReadDevAllInEPItr
                0x08000ed8       0x2c ..\obj\usb_core.o
                0x08000ed8                USB_OTG_ReadDevAllInEPItr
 .text.USB_OTG_EP0_OutStart
                0x08000f04       0x70 ..\obj\usb_core.o
                0x08000f04                USB_OTG_EP0_OutStart
 .text.USB_OTG_UngateClock
                0x08000f74       0x54 ..\obj\usb_core.o
                0x08000f74                USB_OTG_UngateClock
 .text.Init_port
                0x08000fc8       0xc4 ..\obj\config_port.o
                0x08000fc8                Init_port
 .text.SDIO_ITConfig
                0x0800108c       0x3c ..\obj\stm32f4xx_sdio.o
                0x0800108c                SDIO_ITConfig
 .text.SDIO_GetITStatus
                0x080010c8       0x34 ..\obj\stm32f4xx_sdio.o
                0x080010c8                SDIO_GetITStatus
 .text.SDIO_ClearITPendingBit
                0x080010fc       0x1c ..\obj\stm32f4xx_sdio.o
                0x080010fc                SDIO_ClearITPendingBit
 .text.TIM1_UP_TIM10_IRQHandler
                0x08001118       0x48 ..\obj\config_encoder.o
                0x08001118                TIM1_UP_TIM10_IRQHandler
 .text.TIM2_IRQHandler
                0x08001160       0x4c ..\obj\config_encoder.o
                0x08001160                TIM2_IRQHandler
 .text.TIM3_IRQHandler
                0x080011ac       0x48 ..\obj\config_encoder.o
                0x080011ac                TIM3_IRQHandler
 .text.TIM4_IRQHandler
                0x080011f4       0x48 ..\obj\config_encoder.o
                0x080011f4                TIM4_IRQHandler
 .text.TIM5_IRQHandler
                0x0800123c       0x48 ..\obj\config_encoder.o
                0x0800123c                TIM5_IRQHandler
 .text.TIM8_UP_TIM13_IRQHandler
                0x08001284       0x48 ..\obj\config_encoder.o
                0x08001284                TIM8_UP_TIM13_IRQHandler
 .text.TIM8_BRK_TIM12_IRQHandler
                0x080012cc       0x48 ..\obj\config_encoder.o
                0x080012cc                TIM8_BRK_TIM12_IRQHandler
 .text.tim1_count
                0x08001314       0x20 ..\obj\config_encoder.o
                0x08001314                tim1_count
 .text.tim2_count
                0x08001334       0x20 ..\obj\config_encoder.o
                0x08001334                tim2_count
 .text.tim3_count
                0x08001354       0x20 ..\obj\config_encoder.o
                0x08001354                tim3_count
 .text.tim4_count
                0x08001374       0x20 ..\obj\config_encoder.o
                0x08001374                tim4_count
 .text.tim5_count
                0x08001394       0x20 ..\obj\config_encoder.o
                0x08001394                tim5_count
 .text.tim8_count
                0x080013b4       0x20 ..\obj\config_encoder.o
                0x080013b4                tim8_count
 .text.tim12_count
                0x080013d4       0x20 ..\obj\config_encoder.o
                0x080013d4                tim12_count
 .text.Init_encoder
                0x080013f4      0x118 ..\obj\config_encoder.o
                0x080013f4                Init_encoder
 .text.Select_encoder_count
                0x0800150c       0x9c ..\obj\config_encoder.o
                0x0800150c                Select_encoder_count
 .text.Reset_encoder_over_under_flow
                0x080015a8       0xa0 ..\obj\config_encoder.o
                0x080015a8                Reset_encoder_over_under_flow
 .text.OTG_FS_IRQHandler
                0x08001648       0x10 ..\obj\config_usb.o
                0x08001648                OTG_FS_IRQHandler
 .text.OTG_FS_WKUP_IRQHandler
                0x08001658       0x34 ..\obj\config_usb.o
                0x08001658                OTG_FS_WKUP_IRQHandler
 .text.USART_Init
                0x0800168c      0x178 ..\obj\stm32f4xx_usart.o
                0x0800168c                USART_Init
 .text.USART_Cmd
                0x08001804       0x40 ..\obj\stm32f4xx_usart.o
                0x08001804                USART_Cmd
 .text.USART_SendData
                0x08001844       0x24 ..\obj\stm32f4xx_usart.o
                0x08001844                USART_SendData
 .text.USART_ReceiveData
                0x08001868       0x20 ..\obj\stm32f4xx_usart.o
                0x08001868                USART_ReceiveData
 .text.USART_ITConfig
                0x08001888       0x90 ..\obj\stm32f4xx_usart.o
                0x08001888                USART_ITConfig
 .text.USART_GetFlagStatus
                0x08001918       0x38 ..\obj\stm32f4xx_usart.o
                0x08001918                USART_GetFlagStatus
 .text.CAN_DeInit
                0x08001950       0x44 ..\obj\stm32f4xx_can.o
                0x08001950                CAN_DeInit
 .text.CAN_Init
                0x08001994      0x1a4 ..\obj\stm32f4xx_can.o
                0x08001994                CAN_Init
 .text.CAN_FilterInit
                0x08001b38      0x174 ..\obj\stm32f4xx_can.o
                0x08001b38                CAN_FilterInit
 .text.CAN_StructInit
                0x08001cac       0x54 ..\obj\stm32f4xx_can.o
                0x08001cac                CAN_StructInit
 .text.CAN_Transmit
                0x08001d00      0x190 ..\obj\stm32f4xx_can.o
                0x08001d00                CAN_Transmit
 .text.CAN_TransmitStatus
                0x08001e90       0xd4 ..\obj\stm32f4xx_can.o
                0x08001e90                CAN_TransmitStatus
 .text.CAN_Receive
                0x08001f64      0x170 ..\obj\stm32f4xx_can.o
                0x08001f64                CAN_Receive
 .text.CAN_ITConfig
                0x080020d4       0x3c ..\obj\stm32f4xx_can.o
                0x080020d4                CAN_ITConfig
 .text.CAN_GetITStatus
                0x08002110      0x194 ..\obj\stm32f4xx_can.o
                0x08002110                CAN_GetITStatus
 .text.CheckITStatus
                0x080022a4       0x30 ..\obj\stm32f4xx_can.o
 .text.SysTick_Handler
                0x080022d4       0x24 ..\obj\mcutime.o
                0x080022d4                SysTick_Handler
 .text.millis   0x080022f8       0x28 ..\obj\mcutime.o
                0x080022f8                millis
 .text.micros   0x08002320       0x30 ..\obj\mcutime.o
                0x08002320                micros
 .text.timer_setup
                0x08002350       0x10 ..\obj\mcutime.o
                0x08002350                timer_setup
 .text.Init_CAN
                0x08002360      0x168 ..\obj\config_can.o
                0x08002360                Init_CAN
 .text.Init_CANfilter
                0x080024c8       0xe4 ..\obj\config_can.o
                0x080024c8                Init_CANfilter
 .text.send_can1
                0x080025ac       0x2c ..\obj\config_can.o
                0x080025ac                send_can1
 .text.Default_Reset_Handler
                0x080025d8       0x5c ..\obj\startup_stm32f4xx.o
                0x080025d8                Default_Reset_Handler
                0x080025d8                Reset_Handler
 .text.Default_Handler
                0x08002634        0x8 ..\obj\startup_stm32f4xx.o
                0x08002634                RTC_Alarm_IRQHandler
                0x08002634                HASH_RNG_IRQHandler
                0x08002634                EXTI2_IRQHandler
                0x08002634                TIM8_CC_IRQHandler
                0x08002634                TIM1_CC_IRQHandler
                0x08002634                DMA2_Stream5_IRQHandler
                0x08002634                DMA1_Stream5_IRQHandler
                0x08002634                PVD_IRQHandler
                0x08002634                TAMP_STAMP_IRQHandler
                0x08002634                CAN2_RX1_IRQHandler
                0x08002634                EXTI3_IRQHandler
                0x08002634                TIM8_TRG_COM_TIM14_IRQHandler
                0x08002634                I2C3_ER_IRQHandler
                0x08002634                EXTI0_IRQHandler
                0x08002634                I2C2_EV_IRQHandler
                0x08002634                DMA1_Stream2_IRQHandler
                0x08002634                FPU_IRQHandler
                0x08002634                OTG_HS_WKUP_IRQHandler
                0x08002634                CAN2_SCE_IRQHandler
                0x08002634                DMA2_Stream2_IRQHandler
                0x08002634                SPI1_IRQHandler
                0x08002634                TIM6_DAC_IRQHandler
                0x08002634                TIM1_BRK_TIM9_IRQHandler
                0x08002634                DCMI_IRQHandler
                0x08002634                CAN2_RX0_IRQHandler
                0x08002634                USART6_IRQHandler
                0x08002634                CRYP_IRQHandler
                0x08002634                CAN1_RX1_IRQHandler
                0x08002634                UART5_IRQHandler
                0x08002634                DMA2_Stream0_IRQHandler
                0x08002634                I2C1_EV_IRQHandler
                0x08002634                DMA1_Stream6_IRQHandler
                0x08002634                DMA1_Stream1_IRQHandler
                0x08002634                UART4_IRQHandler
                0x08002634                RCC_IRQHandler
                0x08002634                EXTI15_10_IRQHandler
                0x08002634                ADC_IRQHandler
                0x08002634                DMA1_Stream7_IRQHandler
                0x08002634                TIM7_IRQHandler
                0x08002634                CAN2_TX_IRQHandler
                0x08002634                DMA2_Stream7_IRQHandler
                0x08002634                I2C3_EV_IRQHandler
                0x08002634                EXTI9_5_IRQHandler
                0x08002634                RTC_WKUP_IRQHandler
                0x08002634                ETH_WKUP_IRQHandler
                0x08002634                SPI2_IRQHandler
                0x08002634                OTG_HS_EP1_IN_IRQHandler
                0x08002634                DMA1_Stream0_IRQHandler
                0x08002634                CAN1_TX_IRQHandler
                0x08002634                EXTI4_IRQHandler
                0x08002634                FSMC_IRQHandler
                0x08002634                ETH_IRQHandler
                0x08002634                OTG_HS_EP1_OUT_IRQHandler
                0x08002634                WWDG_IRQHandler
                0x08002634                TIM1_TRG_COM_TIM11_IRQHandler
                0x08002634                OTG_HS_IRQHandler
                0x08002634                EXTI1_IRQHandler
                0x08002634                I2C2_ER_IRQHandler
                0x08002634                DMA2_Stream1_IRQHandler
                0x08002634                CAN1_SCE_IRQHandler
                0x08002634                FLASH_IRQHandler
                0x08002634                DMA2_Stream4_IRQHandler
                0x08002634                USART1_IRQHandler
                0x08002634                SPI3_IRQHandler
                0x08002634                DMA1_Stream4_IRQHandler
                0x08002634                I2C1_ER_IRQHandler
                0x08002634                DMA2_Stream6_IRQHandler
                0x08002634                DMA1_Stream3_IRQHandler
 .text.USBD_SetupStage
                0x0800263c       0x6c ..\obj\usbd_core.o
 .text.USBD_DataOutStage
                0x080026a8       0xcc ..\obj\usbd_core.o
 .text.USBD_DataInStage
                0x08002774      0x104 ..\obj\usbd_core.o
 .text.USBD_Reset
                0x08002878       0x44 ..\obj\usbd_core.o
 .text.USBD_Resume
                0x080028bc       0x24 ..\obj\usbd_core.o
 .text.USBD_Suspend
                0x080028e0       0x24 ..\obj\usbd_core.o
 .text.USBD_SOF
                0x08002904       0x2c ..\obj\usbd_core.o
 .text.USBD_SetCfg
                0x08002930       0x30 ..\obj\usbd_core.o
                0x08002930                USBD_SetCfg
 .text.USBD_ClrCfg
                0x08002960       0x28 ..\obj\usbd_core.o
                0x08002960                USBD_ClrCfg
 .text.USBD_IsoINIncomplete
                0x08002988       0x20 ..\obj\usbd_core.o
 .text.USBD_IsoOUTIncomplete
                0x080029a8       0x20 ..\obj\usbd_core.o
 .text._ZN15SerialInterface20serialInterfaceSetupEPFvcE
                0x080029c8       0x24 ..\obj\pin.o
                0x080029c8                SerialInterface::serialInterfaceSetup(void (*)(char))
 .text._ZN15SerialInterface16serialReadStringEPc
                0x080029ec       0x14 ..\obj\pin.o
                0x080029ec                SerialInterface::serialReadString(char*)
 .text._ZN15SerialInterfaceC2Ev
                0x08002a00       0x28 ..\obj\pin.o
                0x08002a00                SerialInterface::SerialInterface()
                0x08002a00                SerialInterface::SerialInterface()
 .text._ZN6Serial8ReceiverC2EPS_
                0x08002a28       0x38 ..\obj\pin.o
                0x08002a28                Serial::Receiver::Receiver(Serial*)
                0x08002a28                Serial::Receiver::Receiver(Serial*)
 .text._ZN6Serial8Receiver14serialReadCharEc
                0x08002a60       0x60 ..\obj\pin.o
                0x08002a60                Serial::Receiver::serialReadChar(char)
 .text._ZN6Serial8Receiver13charAvailableEv
                0x08002ac0       0x28 ..\obj\pin.o
                0x08002ac0                Serial::Receiver::charAvailable()
 .text._ZN6Serial8Receiver15stringAvailableEv
                0x08002ae8       0x1c ..\obj\pin.o
                0x08002ae8                Serial::Receiver::stringAvailable()
 .text._ZN6Serial8Receiver8readCharEv
                0x08002b04       0x1c ..\obj\pin.o
                0x08002b04                Serial::Receiver::readChar()
 .text._ZN6Serial8Receiver10readStringEPc
                0x08002b20       0xe8 ..\obj\pin.o
                0x08002b20                Serial::Receiver::readString(char*)
 .text._ZN6Serial15stringAvailableEv
                0x08002c08       0x28 ..\obj\pin.o
                0x08002c08                Serial::stringAvailable()
 .text._ZN6Serial10readStringEPc
                0x08002c30       0x34 ..\obj\pin.o
                0x08002c30                Serial::readString(char*)
 .text._ZN6Serial13charAvailableEv
                0x08002c64       0x28 ..\obj\pin.o
                0x08002c64                Serial::charAvailable()
 .text._ZN6Serial8readCharEv
                0x08002c8c       0x28 ..\obj\pin.o
                0x08002c8c                Serial::readChar()
 .text._ZN6Serial11stringWriteEPc
                0x08002cb4       0x40 ..\obj\pin.o
                0x08002cb4                Serial::stringWrite(char*)
 .text._ZN6Serial5setupEiR15SerialInterfaceii
                0x08002cf4       0x34 ..\obj\pin.o
                0x08002cf4                Serial::setup(int, SerialInterface&, int, int)
 .text._ZN6Serial5setupEiii
                0x08002d28       0x4c ..\obj\pin.o
                0x08002d28                Serial::setup(int, int, int)
 .text._ZN7Digital14setupDigitalInEv
                0x08002d74       0x34 ..\obj\pin.o
                0x08002d74                Digital::setupDigitalIn()
 .text._ZN7Digital15setupDigitalOutEv
                0x08002da8       0x34 ..\obj\pin.o
                0x08002da8                Digital::setupDigitalOut()
 .text._ZN7Digital20setupDigitalInPullUpEv
                0x08002ddc       0x34 ..\obj\pin.o
                0x08002ddc                Digital::setupDigitalInPullUp()
 .text._ZN7Digital22setupDigitalInPullDownEv
                0x08002e10       0x34 ..\obj\pin.o
                0x08002e10                Digital::setupDigitalInPullDown()
 .text._ZN7Digital12digitalWriteEi
                0x08002e44       0x68 ..\obj\pin.o
                0x08002e44                Digital::digitalWrite(int)
 .text._ZN7Digital11digitalReadEv
                0x08002eac       0x40 ..\obj\pin.o
                0x08002eac                Digital::digitalRead()
 .text._ZN7Digital11digitalHighEv
                0x08002eec       0x1c ..\obj\pin.o
                0x08002eec                Digital::digitalHigh()
 .text._ZN7Digital10digitalLowEv
                0x08002f08       0x1c ..\obj\pin.o
                0x08002f08                Digital::digitalLow()
 .text._ZN7Digital13digitalToggleEv
                0x08002f24       0x34 ..\obj\pin.o
                0x08002f24                Digital::digitalToggle()
 .text._ZN6Analog13setupAnalogInEv
                0x08002f58       0x1c ..\obj\pin.o
                0x08002f58                Analog::setupAnalogIn()
 .text._ZN6Analog10analogReadEv
                0x08002f74       0x20 ..\obj\pin.o
                0x08002f74                Analog::analogRead()
 .text._ZN3Pwm11setupPwmOutEff
                0x08002f94       0x24 ..\obj\pin.o
                0x08002f94                Pwm::setupPwmOut(float, float)
 .text._ZN3Pwm8pwmWriteEf
                0x08002fb8       0x20 ..\obj\pin.o
                0x08002fb8                Pwm::pwmWrite(float)
 .text._ZN3Pwm8pwmWriteEv
                0x08002fd8       0x20 ..\obj\pin.o
                0x08002fd8                Pwm::pwmWrite()
 .text._ZN2A016analogResolutionEv
                0x08002ff8       0x20 ..\obj\pin.o
                0x08002ff8                A0::analogResolution()
                0x08003010                non-virtual thunk to A0::analogResolution()
 .text._ZN2A013analogVoltageEv
                0x08003018       0x24 ..\obj\pin.o
                0x08003018                A0::analogVoltage()
                0x08003034                non-virtual thunk to A0::analogVoltage()
 .text._ZN2A116analogResolutionEv
                0x0800303c       0x20 ..\obj\pin.o
                0x0800303c                A1::analogResolution()
                0x08003054                non-virtual thunk to A1::analogResolution()
 .text._ZN2A113analogVoltageEv
                0x0800305c       0x24 ..\obj\pin.o
                0x0800305c                A1::analogVoltage()
                0x08003078                non-virtual thunk to A1::analogVoltage()
 .text._ZN2A216analogResolutionEv
                0x08003080       0x20 ..\obj\pin.o
                0x08003080                A2::analogResolution()
                0x08003098                non-virtual thunk to A2::analogResolution()
 .text._ZN2A213analogVoltageEv
                0x080030a0       0x24 ..\obj\pin.o
                0x080030a0                A2::analogVoltage()
                0x080030bc                non-virtual thunk to A2::analogVoltage()
 .text._ZN2A316analogResolutionEv
                0x080030c4       0x20 ..\obj\pin.o
                0x080030c4                A3::analogResolution()
                0x080030dc                non-virtual thunk to A3::analogResolution()
 .text._ZN2A313analogVoltageEv
                0x080030e4       0x24 ..\obj\pin.o
                0x080030e4                A3::analogVoltage()
                0x08003100                non-virtual thunk to A3::analogVoltage()
 .text._ZN2A416analogResolutionEv
                0x08003108       0x20 ..\obj\pin.o
                0x08003108                A4::analogResolution()
                0x08003120                non-virtual thunk to A4::analogResolution()
 .text._ZN2A413analogVoltageEv
                0x08003128       0x24 ..\obj\pin.o
                0x08003128                A4::analogVoltage()
                0x08003144                non-virtual thunk to A4::analogVoltage()
 .text._ZN4Led013_digitalWriteEv
                0x0800314c       0x20 ..\obj\pin.o
                0x0800314c                Led0::_digitalWrite()
 .text._ZN4Led013_digitalWriteEi
                0x0800316c       0x30 ..\obj\pin.o
                0x0800316c                Led0::_digitalWrite(int)
 .text._ZN4Led012_digitalReadEv
                0x0800319c       0x20 ..\obj\pin.o
                0x0800319c                Led0::_digitalRead()
 .text._ZN4Led015_setupDigitalInEv
                0x080031bc       0x28 ..\obj\pin.o
                0x080031bc                Led0::_setupDigitalIn()
 .text._ZN4Led016_setupDigitalOutEv
                0x080031e4       0x28 ..\obj\pin.o
                0x080031e4                Led0::_setupDigitalOut()
 .text._ZN4Led021_setupDigitalInPullUpEv
                0x0800320c       0x28 ..\obj\pin.o
                0x0800320c                Led0::_setupDigitalInPullUp()
 .text._ZN4Led023_setupDigitalInPullDownEv
                0x08003234       0x28 ..\obj\pin.o
                0x08003234                Led0::_setupDigitalInPullDown()
 .text._ZN4Led113_digitalWriteEv
                0x0800325c       0x20 ..\obj\pin.o
                0x0800325c                Led1::_digitalWrite()
 .text._ZN4Led113_digitalWriteEi
                0x0800327c       0x30 ..\obj\pin.o
                0x0800327c                Led1::_digitalWrite(int)
 .text._ZN4Led112_digitalReadEv
                0x080032ac       0x20 ..\obj\pin.o
                0x080032ac                Led1::_digitalRead()
 .text._ZN4Led115_setupDigitalInEv
                0x080032cc       0x28 ..\obj\pin.o
                0x080032cc                Led1::_setupDigitalIn()
 .text._ZN4Led116_setupDigitalOutEv
                0x080032f4       0x28 ..\obj\pin.o
                0x080032f4                Led1::_setupDigitalOut()
 .text._ZN4Led121_setupDigitalInPullUpEv
                0x0800331c       0x28 ..\obj\pin.o
                0x0800331c                Led1::_setupDigitalInPullUp()
 .text._ZN4Led123_setupDigitalInPullDownEv
                0x08003344       0x28 ..\obj\pin.o
                0x08003344                Led1::_setupDigitalInPullDown()
 .text._ZN4Led213_digitalWriteEv
                0x0800336c       0x20 ..\obj\pin.o
                0x0800336c                Led2::_digitalWrite()
 .text._ZN4Led213_digitalWriteEi
                0x0800338c       0x30 ..\obj\pin.o
                0x0800338c                Led2::_digitalWrite(int)
 .text._ZN4Led212_digitalReadEv
                0x080033bc       0x20 ..\obj\pin.o
                0x080033bc                Led2::_digitalRead()
 .text._ZN4Led215_setupDigitalInEv
                0x080033dc       0x28 ..\obj\pin.o
                0x080033dc                Led2::_setupDigitalIn()
 .text._ZN4Led216_setupDigitalOutEv
                0x08003404       0x28 ..\obj\pin.o
                0x08003404                Led2::_setupDigitalOut()
 .text._ZN4Led221_setupDigitalInPullUpEv
                0x0800342c       0x28 ..\obj\pin.o
                0x0800342c                Led2::_setupDigitalInPullUp()
 .text._ZN4Led223_setupDigitalInPullDownEv
                0x08003454       0x28 ..\obj\pin.o
                0x08003454                Led2::_setupDigitalInPullDown()
 .text._ZN4Led313_digitalWriteEv
                0x0800347c       0x20 ..\obj\pin.o
                0x0800347c                Led3::_digitalWrite()
 .text._ZN4Led313_digitalWriteEi
                0x0800349c       0x30 ..\obj\pin.o
                0x0800349c                Led3::_digitalWrite(int)
 .text._ZN4Led312_digitalReadEv
                0x080034cc       0x20 ..\obj\pin.o
                0x080034cc                Led3::_digitalRead()
 .text._ZN4Led315_setupDigitalInEv
                0x080034ec       0x28 ..\obj\pin.o
                0x080034ec                Led3::_setupDigitalIn()
 .text._ZN4Led316_setupDigitalOutEv
                0x08003514       0x28 ..\obj\pin.o
                0x08003514                Led3::_setupDigitalOut()
 .text._ZN4Led321_setupDigitalInPullUpEv
                0x0800353c       0x28 ..\obj\pin.o
                0x0800353c                Led3::_setupDigitalInPullUp()
 .text._ZN4Led323_setupDigitalInPullDownEv
                0x08003564       0x28 ..\obj\pin.o
                0x08003564                Led3::_setupDigitalInPullDown()
 .text._ZN3Sw013_digitalWriteEv
                0x0800358c       0x20 ..\obj\pin.o
                0x0800358c                Sw0::_digitalWrite()
 .text._ZN3Sw013_digitalWriteEi
                0x080035ac       0x30 ..\obj\pin.o
                0x080035ac                Sw0::_digitalWrite(int)
 .text._ZN3Sw012_digitalReadEv
                0x080035dc       0x20 ..\obj\pin.o
                0x080035dc                Sw0::_digitalRead()
 .text._ZN3Sw015_setupDigitalInEv
                0x080035fc       0x28 ..\obj\pin.o
                0x080035fc                Sw0::_setupDigitalIn()
 .text._ZN3Sw016_setupDigitalOutEv
                0x08003624       0x18 ..\obj\pin.o
                0x08003624                Sw0::_setupDigitalOut()
 .text._ZN3Sw021_setupDigitalInPullUpEv
                0x0800363c       0x28 ..\obj\pin.o
                0x0800363c                Sw0::_setupDigitalInPullUp()
 .text._ZN3Sw023_setupDigitalInPullDownEv
                0x08003664       0x28 ..\obj\pin.o
                0x08003664                Sw0::_setupDigitalInPullDown()
 .text._ZN3Sw113_digitalWriteEv
                0x0800368c       0x20 ..\obj\pin.o
                0x0800368c                Sw1::_digitalWrite()
 .text._ZN3Sw113_digitalWriteEi
                0x080036ac       0x30 ..\obj\pin.o
                0x080036ac                Sw1::_digitalWrite(int)
 .text._ZN3Sw112_digitalReadEv
                0x080036dc       0x20 ..\obj\pin.o
                0x080036dc                Sw1::_digitalRead()
 .text._ZN3Sw115_setupDigitalInEv
                0x080036fc       0x28 ..\obj\pin.o
                0x080036fc                Sw1::_setupDigitalIn()
 .text._ZN3Sw116_setupDigitalOutEv
                0x08003724       0x18 ..\obj\pin.o
                0x08003724                Sw1::_setupDigitalOut()
 .text._ZN3Sw121_setupDigitalInPullUpEv
                0x0800373c       0x28 ..\obj\pin.o
                0x0800373c                Sw1::_setupDigitalInPullUp()
 .text._ZN3Sw123_setupDigitalInPullDownEv
                0x08003764       0x28 ..\obj\pin.o
                0x08003764                Sw1::_setupDigitalInPullDown()
 .text._ZN3Sw213_digitalWriteEv
                0x0800378c       0x20 ..\obj\pin.o
                0x0800378c                Sw2::_digitalWrite()
 .text._ZN3Sw213_digitalWriteEi
                0x080037ac       0x30 ..\obj\pin.o
                0x080037ac                Sw2::_digitalWrite(int)
 .text._ZN3Sw212_digitalReadEv
                0x080037dc       0x20 ..\obj\pin.o
                0x080037dc                Sw2::_digitalRead()
 .text._ZN3Sw215_setupDigitalInEv
                0x080037fc       0x28 ..\obj\pin.o
                0x080037fc                Sw2::_setupDigitalIn()
 .text._ZN3Sw216_setupDigitalOutEv
                0x08003824       0x18 ..\obj\pin.o
                0x08003824                Sw2::_setupDigitalOut()
 .text._ZN3Sw221_setupDigitalInPullUpEv
                0x0800383c       0x28 ..\obj\pin.o
                0x0800383c                Sw2::_setupDigitalInPullUp()
 .text._ZN3Sw223_setupDigitalInPullDownEv
                0x08003864       0x28 ..\obj\pin.o
                0x08003864                Sw2::_setupDigitalInPullDown()
 .text._ZN3Sw313_digitalWriteEv
                0x0800388c       0x20 ..\obj\pin.o
                0x0800388c                Sw3::_digitalWrite()
 .text._ZN3Sw313_digitalWriteEi
                0x080038ac       0x30 ..\obj\pin.o
                0x080038ac                Sw3::_digitalWrite(int)
 .text._ZN3Sw312_digitalReadEv
                0x080038dc       0x20 ..\obj\pin.o
                0x080038dc                Sw3::_digitalRead()
 .text._ZN3Sw315_setupDigitalInEv
                0x080038fc       0x28 ..\obj\pin.o
                0x080038fc                Sw3::_setupDigitalIn()
 .text._ZN3Sw316_setupDigitalOutEv
                0x08003924       0x18 ..\obj\pin.o
                0x08003924                Sw3::_setupDigitalOut()
 .text._ZN3Sw321_setupDigitalInPullUpEv
                0x0800393c       0x28 ..\obj\pin.o
                0x0800393c                Sw3::_setupDigitalInPullUp()
 .text._ZN3Sw323_setupDigitalInPullDownEv
                0x08003964       0x28 ..\obj\pin.o
                0x08003964                Sw3::_setupDigitalInPullDown()
 .text._ZN6Buzzer13_digitalWriteEv
                0x0800398c       0x20 ..\obj\pin.o
                0x0800398c                Buzzer::_digitalWrite()
 .text._ZN6Buzzer13_digitalWriteEi
                0x080039ac       0x2c ..\obj\pin.o
                0x080039ac                Buzzer::_digitalWrite(int)
 .text._ZN6Buzzer12_digitalReadEv
                0x080039d8       0x20 ..\obj\pin.o
                0x080039d8                Buzzer::_digitalRead()
 .text._ZN6Buzzer15_setupDigitalInEv
                0x080039f8       0x28 ..\obj\pin.o
                0x080039f8                Buzzer::_setupDigitalIn()
 .text._ZN6Buzzer16_setupDigitalOutEv
                0x08003a20       0x28 ..\obj\pin.o
                0x08003a20                Buzzer::_setupDigitalOut()
 .text._ZN6Buzzer21_setupDigitalInPullUpEv
                0x08003a48       0x28 ..\obj\pin.o
                0x08003a48                Buzzer::_setupDigitalInPullUp()
 .text._ZN6Buzzer23_setupDigitalInPullDownEv
                0x08003a70       0x28 ..\obj\pin.o
                0x08003a70                Buzzer::_setupDigitalInPullDown()
 .text._ZN3CW013_digitalWriteEv
                0x08003a98       0x20 ..\obj\pin.o
                0x08003a98                CW0::_digitalWrite()
 .text._ZN3CW013_digitalWriteEi
                0x08003ab8       0x2c ..\obj\pin.o
                0x08003ab8                CW0::_digitalWrite(int)
 .text._ZN3CW012_digitalReadEv
                0x08003ae4       0x20 ..\obj\pin.o
                0x08003ae4                CW0::_digitalRead()
 .text._ZN3CW015_setupDigitalInEv
                0x08003b04       0x28 ..\obj\pin.o
                0x08003b04                CW0::_setupDigitalIn()
 .text._ZN3CW016_setupDigitalOutEv
                0x08003b2c       0x28 ..\obj\pin.o
                0x08003b2c                CW0::_setupDigitalOut()
 .text._ZN3CW021_setupDigitalInPullUpEv
                0x08003b54       0x28 ..\obj\pin.o
                0x08003b54                CW0::_setupDigitalInPullUp()
 .text._ZN3CW023_setupDigitalInPullDownEv
                0x08003b7c       0x28 ..\obj\pin.o
                0x08003b7c                CW0::_setupDigitalInPullDown()
 .text._ZN4CCW013_digitalWriteEv
                0x08003ba4       0x20 ..\obj\pin.o
                0x08003ba4                CCW0::_digitalWrite()
 .text._ZN4CCW013_digitalWriteEi
                0x08003bc4       0x2c ..\obj\pin.o
                0x08003bc4                CCW0::_digitalWrite(int)
 .text._ZN4CCW012_digitalReadEv
                0x08003bf0       0x20 ..\obj\pin.o
                0x08003bf0                CCW0::_digitalRead()
 .text._ZN4CCW015_setupDigitalInEv
                0x08003c10       0x28 ..\obj\pin.o
                0x08003c10                CCW0::_setupDigitalIn()
 .text._ZN4CCW016_setupDigitalOutEv
                0x08003c38       0x28 ..\obj\pin.o
                0x08003c38                CCW0::_setupDigitalOut()
 .text._ZN4CCW021_setupDigitalInPullUpEv
                0x08003c60       0x28 ..\obj\pin.o
                0x08003c60                CCW0::_setupDigitalInPullUp()
 .text._ZN4CCW023_setupDigitalInPullDownEv
                0x08003c88       0x28 ..\obj\pin.o
                0x08003c88                CCW0::_setupDigitalInPullDown()
 .text._ZN3CW113_digitalWriteEv
                0x08003cb0       0x20 ..\obj\pin.o
                0x08003cb0                CW1::_digitalWrite()
 .text._ZN3CW113_digitalWriteEi
                0x08003cd0       0x30 ..\obj\pin.o
                0x08003cd0                CW1::_digitalWrite(int)
 .text._ZN3CW112_digitalReadEv
                0x08003d00       0x20 ..\obj\pin.o
                0x08003d00                CW1::_digitalRead()
 .text._ZN3CW115_setupDigitalInEv
                0x08003d20       0x28 ..\obj\pin.o
                0x08003d20                CW1::_setupDigitalIn()
 .text._ZN3CW116_setupDigitalOutEv
                0x08003d48       0x28 ..\obj\pin.o
                0x08003d48                CW1::_setupDigitalOut()
 .text._ZN3CW121_setupDigitalInPullUpEv
                0x08003d70       0x28 ..\obj\pin.o
                0x08003d70                CW1::_setupDigitalInPullUp()
 .text._ZN3CW123_setupDigitalInPullDownEv
                0x08003d98       0x28 ..\obj\pin.o
                0x08003d98                CW1::_setupDigitalInPullDown()
 .text._ZN4CCW113_digitalWriteEv
                0x08003dc0       0x20 ..\obj\pin.o
                0x08003dc0                CCW1::_digitalWrite()
 .text._ZN4CCW113_digitalWriteEi
                0x08003de0       0x2c ..\obj\pin.o
                0x08003de0                CCW1::_digitalWrite(int)
 .text._ZN4CCW112_digitalReadEv
                0x08003e0c       0x20 ..\obj\pin.o
                0x08003e0c                CCW1::_digitalRead()
 .text._ZN4CCW115_setupDigitalInEv
                0x08003e2c       0x28 ..\obj\pin.o
                0x08003e2c                CCW1::_setupDigitalIn()
 .text._ZN4CCW116_setupDigitalOutEv
                0x08003e54       0x28 ..\obj\pin.o
                0x08003e54                CCW1::_setupDigitalOut()
 .text._ZN4CCW121_setupDigitalInPullUpEv
                0x08003e7c       0x28 ..\obj\pin.o
                0x08003e7c                CCW1::_setupDigitalInPullUp()
 .text._ZN4CCW123_setupDigitalInPullDownEv
                0x08003ea4       0x28 ..\obj\pin.o
                0x08003ea4                CCW1::_setupDigitalInPullDown()
 .text._ZN3CW213_digitalWriteEv
                0x08003ecc       0x20 ..\obj\pin.o
                0x08003ecc                CW2::_digitalWrite()
 .text._ZN3CW213_digitalWriteEi
                0x08003eec       0x2c ..\obj\pin.o
                0x08003eec                CW2::_digitalWrite(int)
 .text._ZN3CW212_digitalReadEv
                0x08003f18       0x20 ..\obj\pin.o
                0x08003f18                CW2::_digitalRead()
 .text._ZN3CW215_setupDigitalInEv
                0x08003f38       0x28 ..\obj\pin.o
                0x08003f38                CW2::_setupDigitalIn()
 .text._ZN3CW216_setupDigitalOutEv
                0x08003f60       0x28 ..\obj\pin.o
                0x08003f60                CW2::_setupDigitalOut()
 .text._ZN3CW221_setupDigitalInPullUpEv
                0x08003f88       0x28 ..\obj\pin.o
                0x08003f88                CW2::_setupDigitalInPullUp()
 .text._ZN3CW223_setupDigitalInPullDownEv
                0x08003fb0       0x28 ..\obj\pin.o
                0x08003fb0                CW2::_setupDigitalInPullDown()
 .text._ZN4CCW213_digitalWriteEv
                0x08003fd8       0x20 ..\obj\pin.o
                0x08003fd8                CCW2::_digitalWrite()
 .text._ZN4CCW213_digitalWriteEi
                0x08003ff8       0x2c ..\obj\pin.o
                0x08003ff8                CCW2::_digitalWrite(int)
 .text._ZN4CCW212_digitalReadEv
                0x08004024       0x20 ..\obj\pin.o
                0x08004024                CCW2::_digitalRead()
 .text._ZN4CCW215_setupDigitalInEv
                0x08004044       0x28 ..\obj\pin.o
                0x08004044                CCW2::_setupDigitalIn()
 .text._ZN4CCW216_setupDigitalOutEv
                0x0800406c       0x28 ..\obj\pin.o
                0x0800406c                CCW2::_setupDigitalOut()
 .text._ZN4CCW221_setupDigitalInPullUpEv
                0x08004094       0x28 ..\obj\pin.o
                0x08004094                CCW2::_setupDigitalInPullUp()
 .text._ZN4CCW223_setupDigitalInPullDownEv
                0x080040bc       0x28 ..\obj\pin.o
                0x080040bc                CCW2::_setupDigitalInPullDown()
 .text._ZN3CW313_digitalWriteEv
                0x080040e4       0x20 ..\obj\pin.o
                0x080040e4                CW3::_digitalWrite()
 .text._ZN3CW313_digitalWriteEi
                0x08004104       0x30 ..\obj\pin.o
                0x08004104                CW3::_digitalWrite(int)
 .text._ZN3CW312_digitalReadEv
                0x08004134       0x20 ..\obj\pin.o
                0x08004134                CW3::_digitalRead()
 .text._ZN3CW315_setupDigitalInEv
                0x08004154       0x28 ..\obj\pin.o
                0x08004154                CW3::_setupDigitalIn()
 .text._ZN3CW316_setupDigitalOutEv
                0x0800417c       0x28 ..\obj\pin.o
                0x0800417c                CW3::_setupDigitalOut()
 .text._ZN3CW321_setupDigitalInPullUpEv
                0x080041a4       0x28 ..\obj\pin.o
                0x080041a4                CW3::_setupDigitalInPullUp()
 .text._ZN3CW323_setupDigitalInPullDownEv
                0x080041cc       0x28 ..\obj\pin.o
                0x080041cc                CW3::_setupDigitalInPullDown()
 .text._ZN4CCW313_digitalWriteEv
                0x080041f4       0x20 ..\obj\pin.o
                0x080041f4                CCW3::_digitalWrite()
 .text._ZN4CCW313_digitalWriteEi
                0x08004214       0x2c ..\obj\pin.o
                0x08004214                CCW3::_digitalWrite(int)
 .text._ZN4CCW312_digitalReadEv
                0x08004240       0x20 ..\obj\pin.o
                0x08004240                CCW3::_digitalRead()
 .text._ZN4CCW315_setupDigitalInEv
                0x08004260       0x28 ..\obj\pin.o
                0x08004260                CCW3::_setupDigitalIn()
 .text._ZN4CCW316_setupDigitalOutEv
                0x08004288       0x28 ..\obj\pin.o
                0x08004288                CCW3::_setupDigitalOut()
 .text._ZN4CCW321_setupDigitalInPullUpEv
                0x080042b0       0x28 ..\obj\pin.o
                0x080042b0                CCW3::_setupDigitalInPullUp()
 .text._ZN4CCW323_setupDigitalInPullDownEv
                0x080042d8       0x28 ..\obj\pin.o
                0x080042d8                CCW3::_setupDigitalInPullDown()
 .text._ZN3CW413_digitalWriteEv
                0x08004300       0x20 ..\obj\pin.o
                0x08004300                CW4::_digitalWrite()
 .text._ZN3CW413_digitalWriteEi
                0x08004320       0x2c ..\obj\pin.o
                0x08004320                CW4::_digitalWrite(int)
 .text._ZN3CW412_digitalReadEv
                0x0800434c       0x20 ..\obj\pin.o
                0x0800434c                CW4::_digitalRead()
 .text._ZN3CW415_setupDigitalInEv
                0x0800436c       0x28 ..\obj\pin.o
                0x0800436c                CW4::_setupDigitalIn()
 .text._ZN3CW416_setupDigitalOutEv
                0x08004394       0x28 ..\obj\pin.o
                0x08004394                CW4::_setupDigitalOut()
 .text._ZN3CW421_setupDigitalInPullUpEv
                0x080043bc       0x28 ..\obj\pin.o
                0x080043bc                CW4::_setupDigitalInPullUp()
 .text._ZN3CW423_setupDigitalInPullDownEv
                0x080043e4       0x28 ..\obj\pin.o
                0x080043e4                CW4::_setupDigitalInPullDown()
 .text._ZN4CCW413_digitalWriteEv
                0x0800440c       0x20 ..\obj\pin.o
                0x0800440c                CCW4::_digitalWrite()
 .text._ZN4CCW413_digitalWriteEi
                0x0800442c       0x2c ..\obj\pin.o
                0x0800442c                CCW4::_digitalWrite(int)
 .text._ZN4CCW412_digitalReadEv
                0x08004458       0x20 ..\obj\pin.o
                0x08004458                CCW4::_digitalRead()
 .text._ZN4CCW415_setupDigitalInEv
                0x08004478       0x28 ..\obj\pin.o
                0x08004478                CCW4::_setupDigitalIn()
 .text._ZN4CCW416_setupDigitalOutEv
                0x080044a0       0x28 ..\obj\pin.o
                0x080044a0                CCW4::_setupDigitalOut()
 .text._ZN4CCW421_setupDigitalInPullUpEv
                0x080044c8       0x28 ..\obj\pin.o
                0x080044c8                CCW4::_setupDigitalInPullUp()
 .text._ZN4CCW423_setupDigitalInPullDownEv
                0x080044f0       0x28 ..\obj\pin.o
                0x080044f0                CCW4::_setupDigitalInPullDown()
 .text._ZN3CW513_digitalWriteEv
                0x08004518       0x20 ..\obj\pin.o
                0x08004518                CW5::_digitalWrite()
 .text._ZN3CW513_digitalWriteEi
                0x08004538       0x30 ..\obj\pin.o
                0x08004538                CW5::_digitalWrite(int)
 .text._ZN3CW512_digitalReadEv
                0x08004568       0x20 ..\obj\pin.o
                0x08004568                CW5::_digitalRead()
 .text._ZN3CW515_setupDigitalInEv
                0x08004588       0x28 ..\obj\pin.o
                0x08004588                CW5::_setupDigitalIn()
 .text._ZN3CW516_setupDigitalOutEv
                0x080045b0       0x28 ..\obj\pin.o
                0x080045b0                CW5::_setupDigitalOut()
 .text._ZN3CW521_setupDigitalInPullUpEv
                0x080045d8       0x28 ..\obj\pin.o
                0x080045d8                CW5::_setupDigitalInPullUp()
 .text._ZN3CW523_setupDigitalInPullDownEv
                0x08004600       0x28 ..\obj\pin.o
                0x08004600                CW5::_setupDigitalInPullDown()
 .text._ZN4CCW513_digitalWriteEv
                0x08004628       0x20 ..\obj\pin.o
                0x08004628                CCW5::_digitalWrite()
 .text._ZN4CCW513_digitalWriteEi
                0x08004648       0x2c ..\obj\pin.o
                0x08004648                CCW5::_digitalWrite(int)
 .text._ZN4CCW512_digitalReadEv
                0x08004674       0x20 ..\obj\pin.o
                0x08004674                CCW5::_digitalRead()
 .text._ZN4CCW515_setupDigitalInEv
                0x08004694       0x28 ..\obj\pin.o
                0x08004694                CCW5::_setupDigitalIn()
 .text._ZN4CCW516_setupDigitalOutEv
                0x080046bc       0x28 ..\obj\pin.o
                0x080046bc                CCW5::_setupDigitalOut()
 .text._ZN4CCW521_setupDigitalInPullUpEv
                0x080046e4       0x28 ..\obj\pin.o
                0x080046e4                CCW5::_setupDigitalInPullUp()
 .text._ZN4CCW523_setupDigitalInPullDownEv
                0x0800470c       0x28 ..\obj\pin.o
                0x0800470c                CCW5::_setupDigitalInPullDown()
 .text._ZN2A013_digitalWriteEv
                0x08004734       0x20 ..\obj\pin.o
                0x08004734                A0::_digitalWrite()
 .text._ZN2A013_digitalWriteEi
                0x08004754       0x2c ..\obj\pin.o
                0x08004754                A0::_digitalWrite(int)
 .text._ZN2A012_digitalReadEv
                0x08004780       0x20 ..\obj\pin.o
                0x08004780                A0::_digitalRead()
 .text._ZN2A015_setupDigitalInEv
                0x080047a0       0x28 ..\obj\pin.o
                0x080047a0                A0::_setupDigitalIn()
 .text._ZN2A016_setupDigitalOutEv
                0x080047c8       0x2c ..\obj\pin.o
                0x080047c8                A0::_setupDigitalOut()
 .text._ZN2A021_setupDigitalInPullUpEv
                0x080047f4       0x28 ..\obj\pin.o
                0x080047f4                A0::_setupDigitalInPullUp()
 .text._ZN2A023_setupDigitalInPullDownEv
                0x0800481c       0x28 ..\obj\pin.o
                0x0800481c                A0::_setupDigitalInPullDown()
 .text._ZN2A113_digitalWriteEv
                0x08004844       0x20 ..\obj\pin.o
                0x08004844                A1::_digitalWrite()
 .text._ZN2A113_digitalWriteEi
                0x08004864       0x2c ..\obj\pin.o
                0x08004864                A1::_digitalWrite(int)
 .text._ZN2A112_digitalReadEv
                0x08004890       0x20 ..\obj\pin.o
                0x08004890                A1::_digitalRead()
 .text._ZN2A115_setupDigitalInEv
                0x080048b0       0x28 ..\obj\pin.o
                0x080048b0                A1::_setupDigitalIn()
 .text._ZN2A116_setupDigitalOutEv
                0x080048d8       0x2c ..\obj\pin.o
                0x080048d8                A1::_setupDigitalOut()
 .text._ZN2A121_setupDigitalInPullUpEv
                0x08004904       0x28 ..\obj\pin.o
                0x08004904                A1::_setupDigitalInPullUp()
 .text._ZN2A123_setupDigitalInPullDownEv
                0x0800492c       0x28 ..\obj\pin.o
                0x0800492c                A1::_setupDigitalInPullDown()
 .text._ZN2A213_digitalWriteEv
                0x08004954       0x20 ..\obj\pin.o
                0x08004954                A2::_digitalWrite()
 .text._ZN2A213_digitalWriteEi
                0x08004974       0x2c ..\obj\pin.o
                0x08004974                A2::_digitalWrite(int)
 .text._ZN2A212_digitalReadEv
                0x080049a0       0x20 ..\obj\pin.o
                0x080049a0                A2::_digitalRead()
 .text._ZN2A215_setupDigitalInEv
                0x080049c0       0x28 ..\obj\pin.o
                0x080049c0                A2::_setupDigitalIn()
 .text._ZN2A216_setupDigitalOutEv
                0x080049e8       0x2c ..\obj\pin.o
                0x080049e8                A2::_setupDigitalOut()
 .text._ZN2A221_setupDigitalInPullUpEv
                0x08004a14       0x28 ..\obj\pin.o
                0x08004a14                A2::_setupDigitalInPullUp()
 .text._ZN2A223_setupDigitalInPullDownEv
                0x08004a3c       0x28 ..\obj\pin.o
                0x08004a3c                A2::_setupDigitalInPullDown()
 .text._ZN2A313_digitalWriteEv
                0x08004a64       0x20 ..\obj\pin.o
                0x08004a64                A3::_digitalWrite()
 .text._ZN2A313_digitalWriteEi
                0x08004a84       0x2c ..\obj\pin.o
                0x08004a84                A3::_digitalWrite(int)
 .text._ZN2A312_digitalReadEv
                0x08004ab0       0x20 ..\obj\pin.o
                0x08004ab0                A3::_digitalRead()
 .text._ZN2A315_setupDigitalInEv
                0x08004ad0       0x28 ..\obj\pin.o
                0x08004ad0                A3::_setupDigitalIn()
 .text._ZN2A316_setupDigitalOutEv
                0x08004af8       0x2c ..\obj\pin.o
                0x08004af8                A3::_setupDigitalOut()
 .text._ZN2A321_setupDigitalInPullUpEv
                0x08004b24       0x28 ..\obj\pin.o
                0x08004b24                A3::_setupDigitalInPullUp()
 .text._ZN2A323_setupDigitalInPullDownEv
                0x08004b4c       0x28 ..\obj\pin.o
                0x08004b4c                A3::_setupDigitalInPullDown()
 .text._ZN2A413_digitalWriteEv
                0x08004b74       0x20 ..\obj\pin.o
                0x08004b74                A4::_digitalWrite()
 .text._ZN2A413_digitalWriteEi
                0x08004b94       0x2c ..\obj\pin.o
                0x08004b94                A4::_digitalWrite(int)
 .text._ZN2A412_digitalReadEv
                0x08004bc0       0x20 ..\obj\pin.o
                0x08004bc0                A4::_digitalRead()
 .text._ZN2A415_setupDigitalInEv
                0x08004be0       0x28 ..\obj\pin.o
                0x08004be0                A4::_setupDigitalIn()
 .text._ZN2A416_setupDigitalOutEv
                0x08004c08       0x2c ..\obj\pin.o
                0x08004c08                A4::_setupDigitalOut()
 .text._ZN2A421_setupDigitalInPullUpEv
                0x08004c34       0x28 ..\obj\pin.o
                0x08004c34                A4::_setupDigitalInPullUp()
 .text._ZN2A423_setupDigitalInPullDownEv
                0x08004c5c       0x28 ..\obj\pin.o
                0x08004c5c                A4::_setupDigitalInPullDown()
 .text._ZN4Pwm013_digitalWriteEv
                0x08004c84       0x20 ..\obj\pin.o
                0x08004c84                Pwm0::_digitalWrite()
 .text._ZN4Pwm013_digitalWriteEi
                0x08004ca4       0x30 ..\obj\pin.o
                0x08004ca4                Pwm0::_digitalWrite(int)
 .text._ZN4Pwm012_digitalReadEv
                0x08004cd4       0x20 ..\obj\pin.o
                0x08004cd4                Pwm0::_digitalRead()
 .text._ZN4Pwm015_setupDigitalInEv
                0x08004cf4       0x28 ..\obj\pin.o
                0x08004cf4                Pwm0::_setupDigitalIn()
 .text._ZN4Pwm016_setupDigitalOutEv
                0x08004d1c       0x30 ..\obj\pin.o
                0x08004d1c                Pwm0::_setupDigitalOut()
 .text._ZN4Pwm021_setupDigitalInPullUpEv
                0x08004d4c       0x28 ..\obj\pin.o
                0x08004d4c                Pwm0::_setupDigitalInPullUp()
 .text._ZN4Pwm023_setupDigitalInPullDownEv
                0x08004d74       0x28 ..\obj\pin.o
                0x08004d74                Pwm0::_setupDigitalInPullDown()
 .text._ZN4Pwm113_digitalWriteEv
                0x08004d9c       0x20 ..\obj\pin.o
                0x08004d9c                Pwm1::_digitalWrite()
 .text._ZN4Pwm113_digitalWriteEi
                0x08004dbc       0x2c ..\obj\pin.o
                0x08004dbc                Pwm1::_digitalWrite(int)
 .text._ZN4Pwm112_digitalReadEv
                0x08004de8       0x20 ..\obj\pin.o
                0x08004de8                Pwm1::_digitalRead()
 .text._ZN4Pwm115_setupDigitalInEv
                0x08004e08       0x28 ..\obj\pin.o
                0x08004e08                Pwm1::_setupDigitalIn()
 .text._ZN4Pwm116_setupDigitalOutEv
                0x08004e30       0x2c ..\obj\pin.o
                0x08004e30                Pwm1::_setupDigitalOut()
 .text._ZN4Pwm121_setupDigitalInPullUpEv
                0x08004e5c       0x28 ..\obj\pin.o
                0x08004e5c                Pwm1::_setupDigitalInPullUp()
 .text._ZN4Pwm123_setupDigitalInPullDownEv
                0x08004e84       0x28 ..\obj\pin.o
                0x08004e84                Pwm1::_setupDigitalInPullDown()
 .text._ZN4Pwm213_digitalWriteEv
                0x08004eac       0x20 ..\obj\pin.o
                0x08004eac                Pwm2::_digitalWrite()
 .text._ZN4Pwm213_digitalWriteEi
                0x08004ecc       0x2c ..\obj\pin.o
                0x08004ecc                Pwm2::_digitalWrite(int)
 .text._ZN4Pwm212_digitalReadEv
                0x08004ef8       0x20 ..\obj\pin.o
                0x08004ef8                Pwm2::_digitalRead()
 .text._ZN4Pwm215_setupDigitalInEv
                0x08004f18       0x28 ..\obj\pin.o
                0x08004f18                Pwm2::_setupDigitalIn()
 .text._ZN4Pwm216_setupDigitalOutEv
                0x08004f40       0x2c ..\obj\pin.o
                0x08004f40                Pwm2::_setupDigitalOut()
 .text._ZN4Pwm221_setupDigitalInPullUpEv
                0x08004f6c       0x28 ..\obj\pin.o
                0x08004f6c                Pwm2::_setupDigitalInPullUp()
 .text._ZN4Pwm223_setupDigitalInPullDownEv
                0x08004f94       0x28 ..\obj\pin.o
                0x08004f94                Pwm2::_setupDigitalInPullDown()
 .text._ZN4Pwm313_digitalWriteEv
                0x08004fbc       0x20 ..\obj\pin.o
                0x08004fbc                Pwm3::_digitalWrite()
 .text._ZN4Pwm313_digitalWriteEi
                0x08004fdc       0x30 ..\obj\pin.o
                0x08004fdc                Pwm3::_digitalWrite(int)
 .text._ZN4Pwm312_digitalReadEv
                0x0800500c       0x20 ..\obj\pin.o
                0x0800500c                Pwm3::_digitalRead()
 .text._ZN4Pwm315_setupDigitalInEv
                0x0800502c       0x28 ..\obj\pin.o
                0x0800502c                Pwm3::_setupDigitalIn()
 .text._ZN4Pwm316_setupDigitalOutEv
                0x08005054       0x30 ..\obj\pin.o
                0x08005054                Pwm3::_setupDigitalOut()
 .text._ZN4Pwm321_setupDigitalInPullUpEv
                0x08005084       0x28 ..\obj\pin.o
                0x08005084                Pwm3::_setupDigitalInPullUp()
 .text._ZN4Pwm323_setupDigitalInPullDownEv
                0x080050ac       0x28 ..\obj\pin.o
                0x080050ac                Pwm3::_setupDigitalInPullDown()
 .text._ZN4Pwm413_digitalWriteEv
                0x080050d4       0x20 ..\obj\pin.o
                0x080050d4                Pwm4::_digitalWrite()
 .text._ZN4Pwm413_digitalWriteEi
                0x080050f4       0x30 ..\obj\pin.o
                0x080050f4                Pwm4::_digitalWrite(int)
 .text._ZN4Pwm412_digitalReadEv
                0x08005124       0x20 ..\obj\pin.o
                0x08005124                Pwm4::_digitalRead()
 .text._ZN4Pwm415_setupDigitalInEv
                0x08005144       0x28 ..\obj\pin.o
                0x08005144                Pwm4::_setupDigitalIn()
 .text._ZN4Pwm416_setupDigitalOutEv
                0x0800516c       0x30 ..\obj\pin.o
                0x0800516c                Pwm4::_setupDigitalOut()
 .text._ZN4Pwm421_setupDigitalInPullUpEv
                0x0800519c       0x28 ..\obj\pin.o
                0x0800519c                Pwm4::_setupDigitalInPullUp()
 .text._ZN4Pwm423_setupDigitalInPullDownEv
                0x080051c4       0x28 ..\obj\pin.o
                0x080051c4                Pwm4::_setupDigitalInPullDown()
 .text._ZN4Pwm513_digitalWriteEv
                0x080051ec       0x20 ..\obj\pin.o
                0x080051ec                Pwm5::_digitalWrite()
 .text._ZN4Pwm513_digitalWriteEi
                0x0800520c       0x30 ..\obj\pin.o
                0x0800520c                Pwm5::_digitalWrite(int)
 .text._ZN4Pwm512_digitalReadEv
                0x0800523c       0x20 ..\obj\pin.o
                0x0800523c                Pwm5::_digitalRead()
 .text._ZN4Pwm515_setupDigitalInEv
                0x0800525c       0x28 ..\obj\pin.o
                0x0800525c                Pwm5::_setupDigitalIn()
 .text._ZN4Pwm516_setupDigitalOutEv
                0x08005284       0x30 ..\obj\pin.o
                0x08005284                Pwm5::_setupDigitalOut()
 .text._ZN4Pwm521_setupDigitalInPullUpEv
                0x080052b4       0x28 ..\obj\pin.o
                0x080052b4                Pwm5::_setupDigitalInPullUp()
 .text._ZN4Pwm523_setupDigitalInPullDownEv
                0x080052dc       0x28 ..\obj\pin.o
                0x080052dc                Pwm5::_setupDigitalInPullDown()
 .text._ZN2A014_setupAnalogInEv
                0x08005304       0x24 ..\obj\pin.o
                0x08005304                A0::_setupAnalogIn()
 .text._ZThn8_N2A014_setupAnalogInEv
                0x08005328        0x8 ..\obj\pin.o
                0x08005328                non-virtual thunk to A0::_setupAnalogIn()
 .text._ZN2A011_analogReadEv
                0x08005330       0x40 ..\obj\pin.o
                0x08005330                A0::_analogRead()
 .text._ZThn8_N2A011_analogReadEv
                0x08005370        0x8 ..\obj\pin.o
                0x08005370                non-virtual thunk to A0::_analogRead()
 .text._ZN2A114_setupAnalogInEv
                0x08005378       0x24 ..\obj\pin.o
                0x08005378                A1::_setupAnalogIn()
 .text._ZThn8_N2A114_setupAnalogInEv
                0x0800539c        0x8 ..\obj\pin.o
                0x0800539c                non-virtual thunk to A1::_setupAnalogIn()
 .text._ZN2A111_analogReadEv
                0x080053a4       0x40 ..\obj\pin.o
                0x080053a4                A1::_analogRead()
 .text._ZThn8_N2A111_analogReadEv
                0x080053e4        0x8 ..\obj\pin.o
                0x080053e4                non-virtual thunk to A1::_analogRead()
 .text._ZN2A214_setupAnalogInEv
                0x080053ec       0x24 ..\obj\pin.o
                0x080053ec                A2::_setupAnalogIn()
 .text._ZThn8_N2A214_setupAnalogInEv
                0x08005410        0x8 ..\obj\pin.o
                0x08005410                non-virtual thunk to A2::_setupAnalogIn()
 .text._ZN2A211_analogReadEv
                0x08005418       0x40 ..\obj\pin.o
                0x08005418                A2::_analogRead()
 .text._ZThn8_N2A211_analogReadEv
                0x08005458        0x8 ..\obj\pin.o
                0x08005458                non-virtual thunk to A2::_analogRead()
 .text._ZN2A314_setupAnalogInEv
                0x08005460       0x24 ..\obj\pin.o
                0x08005460                A3::_setupAnalogIn()
 .text._ZThn8_N2A314_setupAnalogInEv
                0x08005484        0x8 ..\obj\pin.o
                0x08005484                non-virtual thunk to A3::_setupAnalogIn()
 .text._ZN2A311_analogReadEv
                0x0800548c       0x40 ..\obj\pin.o
                0x0800548c                A3::_analogRead()
 .text._ZThn8_N2A311_analogReadEv
                0x080054cc        0x8 ..\obj\pin.o
                0x080054cc                non-virtual thunk to A3::_analogRead()
 .text._ZN2A414_setupAnalogInEv
                0x080054d4       0x24 ..\obj\pin.o
                0x080054d4                A4::_setupAnalogIn()
 .text._ZThn8_N2A414_setupAnalogInEv
                0x080054f8        0x8 ..\obj\pin.o
                0x080054f8                non-virtual thunk to A4::_setupAnalogIn()
 .text._ZN2A411_analogReadEv
                0x08005500       0x40 ..\obj\pin.o
                0x08005500                A4::_analogRead()
 .text._ZThn8_N2A411_analogReadEv
                0x08005540        0x8 ..\obj\pin.o
                0x08005540                non-virtual thunk to A4::_analogRead()
 .text._ZN4Enc05setupEv
                0x08005548       0x28 ..\obj\pin.o
                0x08005548                Enc0::setup()
 .text._ZN4Enc05countEv
                0x08005570       0x30 ..\obj\pin.o
                0x08005570                Enc0::count()
 .text._ZN4Enc15setupEv
                0x080055a0       0x24 ..\obj\pin.o
                0x080055a0                Enc1::setup()
 .text._ZN4Enc15countEv
                0x080055c4       0x30 ..\obj\pin.o
                0x080055c4                Enc1::count()
 .text._ZN4Enc25setupEv
                0x080055f4       0x24 ..\obj\pin.o
                0x080055f4                Enc2::setup()
 .text._ZN4Enc25countEv
                0x08005618       0x30 ..\obj\pin.o
                0x08005618                Enc2::count()
 .text._ZN4Pwm012_setupPwmOutEff
                0x08005648       0x48 ..\obj\pin.o
                0x08005648                Pwm0::_setupPwmOut(float, float)
 .text._ZThn8_N4Pwm012_setupPwmOutEff
                0x08005690        0x8 ..\obj\pin.o
                0x08005690                non-virtual thunk to Pwm0::_setupPwmOut(float, float)
 .text._ZN4Pwm09_pwmWriteEf
                0x08005698       0x20 ..\obj\pin.o
                0x08005698                Pwm0::_pwmWrite(float)
 .text._ZThn8_N4Pwm09_pwmWriteEf
                0x080056b8        0x8 ..\obj\pin.o
                0x080056b8                non-virtual thunk to Pwm0::_pwmWrite(float)
 .text._ZN4Pwm09_pwmWriteEv
                0x080056c0       0x20 ..\obj\pin.o
                0x080056c0                Pwm0::_pwmWrite()
 .text._ZThn8_N4Pwm09_pwmWriteEv
                0x080056e0        0x8 ..\obj\pin.o
                0x080056e0                non-virtual thunk to Pwm0::_pwmWrite()
 .text._ZN4Pwm112_setupPwmOutEff
                0x080056e8       0x44 ..\obj\pin.o
                0x080056e8                Pwm1::_setupPwmOut(float, float)
 .text._ZThn8_N4Pwm112_setupPwmOutEff
                0x0800572c        0x8 ..\obj\pin.o
                0x0800572c                non-virtual thunk to Pwm1::_setupPwmOut(float, float)
 .text._ZN4Pwm19_pwmWriteEf
                0x08005734       0x20 ..\obj\pin.o
                0x08005734                Pwm1::_pwmWrite(float)
 .text._ZThn8_N4Pwm19_pwmWriteEf
                0x08005754        0x8 ..\obj\pin.o
                0x08005754                non-virtual thunk to Pwm1::_pwmWrite(float)
 .text._ZN4Pwm19_pwmWriteEv
                0x0800575c       0x20 ..\obj\pin.o
                0x0800575c                Pwm1::_pwmWrite()
 .text._ZThn8_N4Pwm19_pwmWriteEv
                0x0800577c        0x8 ..\obj\pin.o
                0x0800577c                non-virtual thunk to Pwm1::_pwmWrite()
 .text._ZN4Pwm212_setupPwmOutEff
                0x08005784       0x44 ..\obj\pin.o
                0x08005784                Pwm2::_setupPwmOut(float, float)
 .text._ZThn8_N4Pwm212_setupPwmOutEff
                0x080057c8        0x8 ..\obj\pin.o
                0x080057c8                non-virtual thunk to Pwm2::_setupPwmOut(float, float)
 .text._ZN4Pwm29_pwmWriteEf
                0x080057d0       0x20 ..\obj\pin.o
                0x080057d0                Pwm2::_pwmWrite(float)
 .text._ZThn8_N4Pwm29_pwmWriteEf
                0x080057f0        0x8 ..\obj\pin.o
                0x080057f0                non-virtual thunk to Pwm2::_pwmWrite(float)
 .text._ZN4Pwm29_pwmWriteEv
                0x080057f8       0x20 ..\obj\pin.o
                0x080057f8                Pwm2::_pwmWrite()
 .text._ZThn8_N4Pwm29_pwmWriteEv
                0x08005818        0x8 ..\obj\pin.o
                0x08005818                non-virtual thunk to Pwm2::_pwmWrite()
 .text._ZN4Pwm312_setupPwmOutEff
                0x08005820       0x48 ..\obj\pin.o
                0x08005820                Pwm3::_setupPwmOut(float, float)
 .text._ZThn8_N4Pwm312_setupPwmOutEff
                0x08005868        0x8 ..\obj\pin.o
                0x08005868                non-virtual thunk to Pwm3::_setupPwmOut(float, float)
 .text._ZN4Pwm39_pwmWriteEf
                0x08005870       0x20 ..\obj\pin.o
                0x08005870                Pwm3::_pwmWrite(float)
 .text._ZThn8_N4Pwm39_pwmWriteEf
                0x08005890        0x8 ..\obj\pin.o
                0x08005890                non-virtual thunk to Pwm3::_pwmWrite(float)
 .text._ZN4Pwm39_pwmWriteEv
                0x08005898       0x20 ..\obj\pin.o
                0x08005898                Pwm3::_pwmWrite()
 .text._ZThn8_N4Pwm39_pwmWriteEv
                0x080058b8        0x8 ..\obj\pin.o
                0x080058b8                non-virtual thunk to Pwm3::_pwmWrite()
 .text._ZN4Pwm412_setupPwmOutEff
                0x080058c0       0x48 ..\obj\pin.o
                0x080058c0                Pwm4::_setupPwmOut(float, float)
 .text._ZThn8_N4Pwm412_setupPwmOutEff
                0x08005908        0x8 ..\obj\pin.o
                0x08005908                non-virtual thunk to Pwm4::_setupPwmOut(float, float)
 .text._ZN4Pwm49_pwmWriteEf
                0x08005910       0x20 ..\obj\pin.o
                0x08005910                Pwm4::_pwmWrite(float)
 .text._ZThn8_N4Pwm49_pwmWriteEf
                0x08005930        0x8 ..\obj\pin.o
                0x08005930                non-virtual thunk to Pwm4::_pwmWrite(float)
 .text._ZN4Pwm49_pwmWriteEv
                0x08005938       0x20 ..\obj\pin.o
                0x08005938                Pwm4::_pwmWrite()
 .text._ZThn8_N4Pwm49_pwmWriteEv
                0x08005958        0x8 ..\obj\pin.o
                0x08005958                non-virtual thunk to Pwm4::_pwmWrite()
 .text._ZN4Pwm512_setupPwmOutEff
                0x08005960       0x48 ..\obj\pin.o
                0x08005960                Pwm5::_setupPwmOut(float, float)
 .text._ZThn8_N4Pwm512_setupPwmOutEff
                0x080059a8        0x8 ..\obj\pin.o
                0x080059a8                non-virtual thunk to Pwm5::_setupPwmOut(float, float)
 .text._ZN4Pwm59_pwmWriteEf
                0x080059b0       0x20 ..\obj\pin.o
                0x080059b0                Pwm5::_pwmWrite(float)
 .text._ZThn8_N4Pwm59_pwmWriteEf
                0x080059d0        0x8 ..\obj\pin.o
                0x080059d0                non-virtual thunk to Pwm5::_pwmWrite(float)
 .text._ZN4Pwm59_pwmWriteEv
                0x080059d8       0x20 ..\obj\pin.o
                0x080059d8                Pwm5::_pwmWrite()
 .text._ZThn8_N4Pwm59_pwmWriteEv
                0x080059f8        0x8 ..\obj\pin.o
                0x080059f8                non-virtual thunk to Pwm5::_pwmWrite()
 .text._ZN4Led212_setupPwmOutEff
                0x08005a00       0x48 ..\obj\pin.o
                0x08005a00                Led2::_setupPwmOut(float, float)
 .text._ZThn8_N4Led212_setupPwmOutEff
                0x08005a48        0x8 ..\obj\pin.o
                0x08005a48                non-virtual thunk to Led2::_setupPwmOut(float, float)
 .text._ZN4Led29_pwmWriteEf
                0x08005a50       0x20 ..\obj\pin.o
                0x08005a50                Led2::_pwmWrite(float)
 .text._ZThn8_N4Led29_pwmWriteEf
                0x08005a70        0x8 ..\obj\pin.o
                0x08005a70                non-virtual thunk to Led2::_pwmWrite(float)
 .text._ZN4Led29_pwmWriteEv
                0x08005a78       0x20 ..\obj\pin.o
                0x08005a78                Led2::_pwmWrite()
 .text._ZThn8_N4Led29_pwmWriteEv
                0x08005a98        0x8 ..\obj\pin.o
                0x08005a98                non-virtual thunk to Led2::_pwmWrite()
 .text._ZN4Led312_setupPwmOutEff
                0x08005aa0       0x48 ..\obj\pin.o
                0x08005aa0                Led3::_setupPwmOut(float, float)
 .text._ZThn8_N4Led312_setupPwmOutEff
                0x08005ae8        0x8 ..\obj\pin.o
                0x08005ae8                non-virtual thunk to Led3::_setupPwmOut(float, float)
 .text._ZN4Led39_pwmWriteEf
                0x08005af0       0x20 ..\obj\pin.o
                0x08005af0                Led3::_pwmWrite(float)
 .text._ZThn8_N4Led39_pwmWriteEf
                0x08005b10        0x8 ..\obj\pin.o
                0x08005b10                non-virtual thunk to Led3::_pwmWrite(float)
 .text._ZN4Led39_pwmWriteEv
                0x08005b18       0x20 ..\obj\pin.o
                0x08005b18                Led3::_pwmWrite()
 .text._ZThn8_N4Led39_pwmWriteEv
                0x08005b38        0x8 ..\obj\pin.o
                0x08005b38                non-virtual thunk to Led3::_pwmWrite()
 .text._ZN6Buzzer12_setupPwmOutEff
                0x08005b40       0x44 ..\obj\pin.o
                0x08005b40                Buzzer::_setupPwmOut(float, float)
 .text._ZThn8_N6Buzzer12_setupPwmOutEff
                0x08005b84        0x8 ..\obj\pin.o
                0x08005b84                non-virtual thunk to Buzzer::_setupPwmOut(float, float)
 .text._ZN6Buzzer9_pwmWriteEf
                0x08005b8c       0x20 ..\obj\pin.o
                0x08005b8c                Buzzer::_pwmWrite(float)
 .text._ZThn8_N6Buzzer9_pwmWriteEf
                0x08005bac        0x8 ..\obj\pin.o
                0x08005bac                non-virtual thunk to Buzzer::_pwmWrite(float)
 .text._ZN6Buzzer9_pwmWriteEv
                0x08005bb4       0x20 ..\obj\pin.o
                0x08005bb4                Buzzer::_pwmWrite()
 .text._ZThn8_N6Buzzer9_pwmWriteEv
                0x08005bd4        0x8 ..\obj\pin.o
                0x08005bd4                non-virtual thunk to Buzzer::_pwmWrite()
 .text._ZN7Serial06_setupEiR15SerialInterfaceii
                0x08005bdc       0x5c ..\obj\pin.o
                0x08005bdc                Serial0::_setup(int, SerialInterface&, int, int)
 .text._ZN7Serial09charWriteEc
                0x08005c38       0x1c ..\obj\pin.o
                0x08005c38                Serial0::charWrite(char)
 .text._Z17serial0_interruptv
                0x08005c54       0x2c ..\obj\pin.o
                0x08005c54                serial0_interrupt()
 .text._ZN7Serial08transmitEc
                0x08005c80       0x3c ..\obj\pin.o
                0x08005c80                Serial0::transmit(char)
 .text.USART2_IRQHandler
                0x08005cbc        0xc ..\obj\pin.o
                0x08005cbc                USART2_IRQHandler
 .text._ZN7Serial16_setupEiR15SerialInterfaceii
                0x08005cc8       0x60 ..\obj\pin.o
                0x08005cc8                Serial1::_setup(int, SerialInterface&, int, int)
 .text._Z17serial1_interruptv
                0x08005d28       0x2c ..\obj\pin.o
                0x08005d28                serial1_interrupt()
 .text.USART3_IRQHandler
                0x08005d54        0xc ..\obj\pin.o
                0x08005d54                USART3_IRQHandler
 .text._ZN7Serial19charWriteEc
                0x08005d60       0x1c ..\obj\pin.o
                0x08005d60                Serial1::charWrite(char)
 .text._ZN7Serial18transmitEc
                0x08005d7c       0x3c ..\obj\pin.o
                0x08005d7c                Serial1::transmit(char)
 .text.std_char_out
                0x08005db8       0x3c ..\obj\pin.o
                0x08005db8                std_char_out
 .text.std_char_out_setup
                0x08005df4       0x60 ..\obj\pin.o
                0x08005df4                std_char_out_setup
 .text._ZN3CanC2Ev
                0x08005e54       0x20 ..\obj\pin.o
                0x08005e54                Can::Can()
                0x08005e54                Can::Can()
 .text._ZN4Can0C2Ev
                0x08005e74       0x34 ..\obj\pin.o
                0x08005e74                Can0::Can0()
                0x08005e74                Can0::Can0()
 .text._ZN4Can05setupEv
                0x08005ea8       0x74 ..\obj\pin.o
                0x08005ea8                Can0::setup()
 .text._ZN4Can013setupLoopBackEv
                0x08005f1c       0x58 ..\obj\pin.o
                0x08005f1c                Can0::setupLoopBack()
 .text._ZN4Can012addInterfaceER12CanInterface
                0x08005f74       0x44 ..\obj\pin.o
                0x08005f74                Can0::addInterface(CanInterface&)
 .text._ZN4Can05setIdEi
                0x08005fb8       0xa8 ..\obj\pin.o
                0x08005fb8                Can0::setId(int)
 .text._ZN4Can08setIdAllEv
                0x08006060       0x38 ..\obj\pin.o
                0x08006060                Can0::setIdAll()
 .text._ZN4Can04readEiiPh
                0x08006098       0x80 ..\obj\pin.o
                0x08006098                Can0::read(int, int, unsigned char*)
 .text._ZN4Can05writeEiiPh
                0x08006118       0xe4 ..\obj\pin.o
                0x08006118                Can0::write(int, int, unsigned char*)
 .text._Z14Can0_Interruptv
                0x080061fc       0x48 ..\obj\pin.o
                0x080061fc                Can0_Interrupt()
 .text.CAN1_RX0_IRQHandler
                0x08006244        0xc ..\obj\pin.o
                0x08006244                CAN1_RX0_IRQHandler
 .text._ZN10RingBufferIcLi256EEC2Ev
                0x08006250       0x28 ..\obj\pin.o
                0x08006250                RingBuffer<char, 256>::RingBuffer()
                0x08006250                RingBuffer<char, 256>::RingBuffer()
 .text._ZN10RingBufferIcLi256EE5writeEc
                0x08006278       0x60 ..\obj\pin.o
                0x08006278                RingBuffer<char, 256>::write(char)
 .text._ZN10RingBufferIcLi256EE7isEmptyEv
                0x080062d8       0x2c ..\obj\pin.o
                0x080062d8                RingBuffer<char, 256>::isEmpty()
 .text._ZN10RingBufferIcLi256EE4readEv
                0x08006304       0x5c ..\obj\pin.o
                0x08006304                RingBuffer<char, 256>::read()
 .text._ZN7DigitalC2Ev
                0x08006360       0x20 ..\obj\main.o
                0x08006360                Digital::Digital()
                0x08006360                Digital::Digital()
 .text._ZN6AnalogC2Ev
                0x08006380       0x20 ..\obj\main.o
                0x08006380                Analog::Analog()
                0x08006380                Analog::Analog()
 .text._ZN2A0C2Ev
                0x080063a0       0x40 ..\obj\main.o
                0x080063a0                A0::A0()
                0x080063a0                A0::A0()
 .text._ZN2A1C2Ev
                0x080063e0       0x40 ..\obj\main.o
                0x080063e0                A1::A1()
                0x080063e0                A1::A1()
 .text._ZN2A2C2Ev
                0x08006420       0x40 ..\obj\main.o
                0x08006420                A2::A2()
                0x08006420                A2::A2()
 .text._ZN2A3C2Ev
                0x08006460       0x40 ..\obj\main.o
                0x08006460                A3::A3()
                0x08006460                A3::A3()
 .text._ZN3PwmC2Ev
                0x080064a0       0x20 ..\obj\main.o
                0x080064a0                Pwm::Pwm()
                0x080064a0                Pwm::Pwm()
 .text._ZN3Sw0C2Ev
                0x080064c0       0x24 ..\obj\main.o
                0x080064c0                Sw0::Sw0()
                0x080064c0                Sw0::Sw0()
 .text._ZN6SerialC2Ev
                0x080064e4       0x20 ..\obj\main.o
                0x080064e4                Serial::Serial()
                0x080064e4                Serial::Serial()
 .text._ZN7Serial0C2Ev
                0x08006504       0x24 ..\obj\main.o
                0x08006504                Serial0::Serial0()
                0x08006504                Serial0::Serial0()
 .text._ZN3Sw1C2Ev
                0x08006528       0x24 ..\obj\main.o
                0x08006528                Sw1::Sw1()
                0x08006528                Sw1::Sw1()
 .text._ZN3Sw2C2Ev
                0x0800654c       0x24 ..\obj\main.o
                0x0800654c                Sw2::Sw2()
                0x0800654c                Sw2::Sw2()
 .text._ZN3Sw3C2Ev
                0x08006570       0x24 ..\obj\main.o
                0x08006570                Sw3::Sw3()
                0x08006570                Sw3::Sw3()
 .text._ZN4Led0C2Ev
                0x08006594       0x24 ..\obj\main.o
                0x08006594                Led0::Led0()
                0x08006594                Led0::Led0()
 .text._ZN4Led1C2Ev
                0x080065b8       0x24 ..\obj\main.o
                0x080065b8                Led1::Led1()
                0x080065b8                Led1::Led1()
 .text._ZN4Led2C2Ev
                0x080065dc       0x38 ..\obj\main.o
                0x080065dc                Led2::Led2()
                0x080065dc                Led2::Led2()
 .text._ZN4Led3C2Ev
                0x08006614       0x38 ..\obj\main.o
                0x08006614                Led3::Led3()
                0x08006614                Led3::Led3()
 .text._ZN6BuzzerC2Ev
                0x0800664c       0x38 ..\obj\main.o
                0x0800664c                Buzzer::Buzzer()
                0x0800664c                Buzzer::Buzzer()
 .text.main     0x08006684      0x1d0 ..\obj\main.o
                0x08006684                main
 .text.RCC_GetClocksFreq
                0x08006854      0x154 ..\obj\stm32f4xx_rcc.o
                0x08006854                RCC_GetClocksFreq
 .text.RCC_AHB1PeriphClockCmd
                0x080069a8       0x3c ..\obj\stm32f4xx_rcc.o
                0x080069a8                RCC_AHB1PeriphClockCmd
 .text.RCC_APB1PeriphClockCmd
                0x080069e4       0x3c ..\obj\stm32f4xx_rcc.o
                0x080069e4                RCC_APB1PeriphClockCmd
 .text.RCC_APB2PeriphClockCmd
                0x08006a20       0x3c ..\obj\stm32f4xx_rcc.o
                0x08006a20                RCC_APB2PeriphClockCmd
 .text.RCC_APB1PeriphResetCmd
                0x08006a5c       0x3c ..\obj\stm32f4xx_rcc.o
                0x08006a5c                RCC_APB1PeriphResetCmd
 .text.RCC_APB2PeriphResetCmd
                0x08006a98       0x3c ..\obj\stm32f4xx_rcc.o
                0x08006a98                RCC_APB2PeriphResetCmd
 .text.system_setup
                0x08006ad4       0x2c ..\obj\system.o
                0x08006ad4                system_setup
 .text.ADC_DeInit
                0x08006b00       0x1c ..\obj\stm32f4xx_adc.o
                0x08006b00                ADC_DeInit
 .text.ADC_Init
                0x08006b1c       0xa8 ..\obj\stm32f4xx_adc.o
                0x08006b1c                ADC_Init
 .text.ADC_StructInit
                0x08006bc4       0x3c ..\obj\stm32f4xx_adc.o
                0x08006bc4                ADC_StructInit
 .text.ADC_CommonInit
                0x08006c00       0x50 ..\obj\stm32f4xx_adc.o
                0x08006c00                ADC_CommonInit
 .text.ADC_CommonStructInit
                0x08006c50       0x2c ..\obj\stm32f4xx_adc.o
                0x08006c50                ADC_CommonStructInit
 .text.ADC_Cmd  0x08006c7c       0x38 ..\obj\stm32f4xx_adc.o
                0x08006c7c                ADC_Cmd
 .text.ADC_RegularChannelConfig
                0x08006cb4      0x194 ..\obj\stm32f4xx_adc.o
                0x08006cb4                ADC_RegularChannelConfig
 .text.ADC_SoftwareStartConv
                0x08006e48       0x20 ..\obj\stm32f4xx_adc.o
                0x08006e48                ADC_SoftwareStartConv
 .text.ADC_DMACmd
                0x08006e68       0x38 ..\obj\stm32f4xx_adc.o
                0x08006e68                ADC_DMACmd
 .text.ADC_DMARequestAfterLastTransferCmd
                0x08006ea0       0x38 ..\obj\stm32f4xx_adc.o
                0x08006ea0                ADC_DMARequestAfterLastTransferCmd
 .text._ZN12CanInterface17canInterfaceSetupEP3Can
                0x08006ed8       0x20 ..\obj\can.o
                0x08006ed8                CanInterface::canInterfaceSetup(Can*)
 .text.Select_ADC_channel
                0x08006ef8      0x100 ..\obj\config_adc.o
                0x08006ef8                Select_ADC_channel
 .text.Init_ADC1
                0x08006ff8      0x1d0 ..\obj\config_adc.o
                0x08006ff8                Init_ADC1
 .text.get_ADC1_value
                0x080071c8       0x64 ..\obj\config_adc.o
                0x080071c8                get_ADC1_value
 .text.NMI_Handler
                0x0800722c       0x1c ..\obj\error.o
                0x0800722c                NMI_Handler
 .text.HardFault_Handler
                0x08007248       0x1c ..\obj\error.o
                0x08007248                HardFault_Handler
 .text.MemManage_Handler
                0x08007264       0x1c ..\obj\error.o
                0x08007264                MemManage_Handler
 .text.BusFault_Handler
                0x08007280       0x1c ..\obj\error.o
                0x08007280                BusFault_Handler
 .text.UsageFault_Handler
                0x0800729c       0x1c ..\obj\error.o
                0x0800729c                UsageFault_Handler
 .text.SVC_Handler
                0x080072b8       0x1c ..\obj\error.o
                0x080072b8                SVC_Handler
 .text.DebugMon_Handler
                0x080072d4       0x1c ..\obj\error.o
                0x080072d4                DebugMon_Handler
 .text.PendSV_Handler
                0x080072f0       0x1c ..\obj\error.o
                0x080072f0                PendSV_Handler
 .text.NVIC_SetPriority
                0x0800730c       0x54 ..\obj\config_systick.o
 .text.SysTick_Config
                0x08007360       0x44 ..\obj\config_systick.o
 .text.Init_SysTick
                0x080073a4       0x44 ..\obj\config_systick.o
                0x080073a4                Init_SysTick
 .text.SD_ProcessIRQSrc
                0x080073e8       0xc8 ..\obj\stm32_ub_sdcard.o
                0x080073e8                SD_ProcessIRQSrc
 .text.SD_ProcessDMAIRQ
                0x080074b0       0x30 ..\obj\stm32_ub_sdcard.o
                0x080074b0                SD_ProcessDMAIRQ
 .text.SDIO_IRQHandler
                0x080074e0        0xc ..\obj\stm32_ub_sdcard.o
                0x080074e0                SDIO_IRQHandler
 .text.DMA2_Stream3_IRQHandler
                0x080074ec        0xc ..\obj\stm32_ub_sdcard.o
                0x080074ec                DMA2_Stream3_IRQHandler
 .text.GPIO_Init
                0x080074f8      0x11c ..\obj\stm32f4xx_gpio.o
                0x080074f8                GPIO_Init
 .text.GPIO_StructInit
                0x08007614       0x34 ..\obj\stm32f4xx_gpio.o
                0x08007614                GPIO_StructInit
 .text.GPIO_ReadInputDataBit
                0x08007648       0x34 ..\obj\stm32f4xx_gpio.o
                0x08007648                GPIO_ReadInputDataBit
 .text.GPIO_ReadOutputDataBit
                0x0800767c       0x34 ..\obj\stm32f4xx_gpio.o
                0x0800767c                GPIO_ReadOutputDataBit
 .text.GPIO_SetBits
                0x080076b0       0x1c ..\obj\stm32f4xx_gpio.o
                0x080076b0                GPIO_SetBits
 .text.GPIO_ResetBits
                0x080076cc       0x1c ..\obj\stm32f4xx_gpio.o
                0x080076cc                GPIO_ResetBits
 .text.GPIO_PinAFConfig
                0x080076e8       0x90 ..\obj\stm32f4xx_gpio.o
                0x080076e8                GPIO_PinAFConfig
 .text.SystemInit
                0x08007778       0x58 ..\obj\system_stm32f4xx.o
                0x08007778                SystemInit
 .text.SystemCoreClockUpdate
                0x080077d0       0xf8 ..\obj\system_stm32f4xx.o
                0x080077d0                SystemCoreClockUpdate
 .text.SetSysClock
                0x080078c8       0xf4 ..\obj\system_stm32f4xx.o
 .text._sbrk    0x080079bc       0x40 ..\obj\syscalls.o
                0x080079bc                _sbrk
 .text._close   0x080079fc       0x18 ..\obj\syscalls.o
                0x080079fc                _close
 .text._fstat   0x08007a14       0x20 ..\obj\syscalls.o
                0x08007a14                _fstat
 .text._isatty  0x08007a34       0x18 ..\obj\syscalls.o
                0x08007a34                _isatty
 .text._lseek   0x08007a4c       0x1c ..\obj\syscalls.o
                0x08007a4c                _lseek
 .text._read    0x08007a68       0x1c ..\obj\syscalls.o
                0x08007a68                _read
 .text._write   0x08007a84       0x38 ..\obj\syscalls.o
                0x08007a84                _write
 .text.abort    0x08007abc        0x8 ..\obj\syscalls.o
                0x08007abc                abort
 .text.DMA_DeInit
                0x08007ac4      0x1a4 ..\obj\stm32f4xx_dma.o
                0x08007ac4                DMA_DeInit
 .text.DMA_Init
                0x08007c68       0xac ..\obj\stm32f4xx_dma.o
                0x08007c68                DMA_Init
 .text.DMA_StructInit
                0x08007d14       0x6c ..\obj\stm32f4xx_dma.o
                0x08007d14                DMA_StructInit
 .text.DMA_Cmd  0x08007d80       0x38 ..\obj\stm32f4xx_dma.o
                0x08007d80                DMA_Cmd
 .text.DMA_ClearFlag
                0x08007db8       0x5c ..\obj\stm32f4xx_dma.o
                0x08007db8                DMA_ClearFlag
 .text.USB_OTG_BSP_uDelay
                0x08007e14       0x48 ..\obj\usb_bsp.o
                0x08007e14                USB_OTG_BSP_uDelay
 .text.USBD_StdDevReq
                0x08007e5c       0xa0 ..\obj\usbd_req.o
                0x08007e5c                USBD_StdDevReq
 .text.USBD_StdItfReq
                0x08007efc       0x68 ..\obj\usbd_req.o
                0x08007efc                USBD_StdItfReq
 .text.USBD_StdEPReq
                0x08007f64      0x1b0 ..\obj\usbd_req.o
                0x08007f64                USBD_StdEPReq
 .text.USBD_GetDescriptor
                0x08008114      0x1b8 ..\obj\usbd_req.o
 .text.USBD_SetAddress
                0x080082cc       0x7c ..\obj\usbd_req.o
 .text.USBD_SetConfig
                0x08008348       0xf4 ..\obj\usbd_req.o
 .text.USBD_GetConfig
                0x0800843c       0x60 ..\obj\usbd_req.o
 .text.USBD_GetStatus
                0x0800849c       0x50 ..\obj\usbd_req.o
 .text.USBD_SetFeature
                0x080084ec       0xcc ..\obj\usbd_req.o
 .text.USBD_ClrFeature
                0x080085b8       0x50 ..\obj\usbd_req.o
 .text.USBD_ParseSetupRequest
                0x08008608       0x90 ..\obj\usbd_req.o
                0x08008608                USBD_ParseSetupRequest
 .text.USBD_CtlError
                0x08008698       0x48 ..\obj\usbd_req.o
                0x08008698                USBD_CtlError
 .text.USBD_OTG_ISR_Handler
                0x080086e0      0x15c ..\obj\usb_dcd_int.o
                0x080086e0                USBD_OTG_ISR_Handler
 .text.DCD_HandleResume_ISR
                0x0800883c       0x80 ..\obj\usb_dcd_int.o
 .text.DCD_HandleUSBSuspend_ISR
                0x080088bc       0x9c ..\obj\usb_dcd_int.o
 .text.DCD_HandleInEP_ISR
                0x08008958      0x1ec ..\obj\usb_dcd_int.o
 .text.DCD_HandleOutEP_ISR
                0x08008b44      0x178 ..\obj\usb_dcd_int.o
 .text.DCD_HandleSof_ISR
                0x08008cbc       0x34 ..\obj\usb_dcd_int.o
 .text.DCD_HandleRxStatusQueueLevel_ISR
                0x08008cf0      0x104 ..\obj\usb_dcd_int.o
 .text.DCD_WriteEmptyTxFifo
                0x08008df4       0xe4 ..\obj\usb_dcd_int.o
 .text.DCD_HandleUsbReset_ISR
                0x08008ed8      0x138 ..\obj\usb_dcd_int.o
 .text.DCD_HandleEnumDone_ISR
                0x08009010       0x78 ..\obj\usb_dcd_int.o
 .text.DCD_IsoINIncomplete_ISR
                0x08009088       0x34 ..\obj\usb_dcd_int.o
 .text.DCD_IsoOUTIncomplete_ISR
                0x080090bc       0x34 ..\obj\usb_dcd_int.o
 .text.DCD_ReadDevInEP
                0x080090f0       0x50 ..\obj\usb_dcd_int.o
 .text.EXTI_ClearITPendingBit
                0x08009140       0x1c ..\obj\stm32f4xx_exti.o
                0x08009140                EXTI_ClearITPendingBit
 .text.Analysis_GPIO_Pin
                0x0800915c      0x168 ..\obj\name_converter.o
                0x0800915c                Analysis_GPIO_Pin
 .text.GPIO_af_USART_select
                0x080092c4       0x84 ..\obj\name_converter.o
                0x080092c4                GPIO_af_USART_select
 .text.USART_irqn_select
                0x08009348       0x84 ..\obj\name_converter.o
                0x08009348                USART_irqn_select
 .text.Tim_irqn_select
                0x080093cc       0x94 ..\obj\name_converter.o
                0x080093cc                Tim_irqn_select
 .text.RCC_PeriphClock_TIM
                0x08009460      0x1b0 ..\obj\name_converter.o
                0x08009460                RCC_PeriphClock_TIM
 .text.RCC_PeriphClock_USART
                0x08009610      0x12c ..\obj\name_converter.o
                0x08009610                RCC_PeriphClock_USART
 .text.NVIC_Configuration
                0x0800973c       0x2c ..\obj\name_converter.o
                0x0800973c                NVIC_Configuration
 .text.Pin_select_source
                0x08009768       0xec ..\obj\name_converter.o
                0x08009768                Pin_select_source
 .text.Tim_select_af
                0x08009854       0xb8 ..\obj\name_converter.o
                0x08009854                Tim_select_af
 .text.NVIC_PriorityGroupConfig
                0x0800990c       0x24 ..\obj\misc.o
                0x0800990c                NVIC_PriorityGroupConfig
 .text.NVIC_Init
                0x08009930       0xc0 ..\obj\misc.o
                0x08009930                NVIC_Init
 .text.DCD_EP_Open
                0x080099f0       0xa8 ..\obj\usb_dcd.o
                0x080099f0                DCD_EP_Open
 .text.DCD_EP_PrepareRx
                0x08009a98       0x84 ..\obj\usb_dcd.o
                0x08009a98                DCD_EP_PrepareRx
 .text.DCD_EP_Tx
                0x08009b1c       0x78 ..\obj\usb_dcd.o
                0x08009b1c                DCD_EP_Tx
 .text.DCD_EP_Stall
                0x08009b94       0x74 ..\obj\usb_dcd.o
                0x08009b94                DCD_EP_Stall
 .text.DCD_EP_ClrStall
                0x08009c08       0x74 ..\obj\usb_dcd.o
                0x08009c08                DCD_EP_ClrStall
 .text.DCD_EP_SetAddress
                0x08009c7c       0x3c ..\obj\usb_dcd.o
                0x08009c7c                DCD_EP_SetAddress
 .text._ZN15SerialInterface14serialReadCharEc
                0x08009cb8       0xd4 ..\obj\serial.o
                0x08009cb8                SerialInterface::serialReadChar(char)
 .text._ZN6Serial6printfEPKcz
                0x08009d8c       0x48 ..\obj\serial.o
                0x08009d8c                Serial::printf(char const*, ...)
 .text.USBD_CtlSendData
                0x08009dd4       0x40 ..\obj\usbd_ioreq.o
                0x08009dd4                USBD_CtlSendData
 .text.USBD_CtlContinueSendData
                0x08009e14       0x28 ..\obj\usbd_ioreq.o
                0x08009e14                USBD_CtlContinueSendData
 .text.USBD_CtlContinueRx
                0x08009e3c       0x28 ..\obj\usbd_ioreq.o
                0x08009e3c                USBD_CtlContinueRx
 .text.USBD_CtlSendStatus
                0x08009e64       0x30 ..\obj\usbd_ioreq.o
                0x08009e64                USBD_CtlSendStatus
 .text.USBD_CtlReceiveStatus
                0x08009e94       0x30 ..\obj\usbd_ioreq.o
                0x08009e94                USBD_CtlReceiveStatus
 .text.Init_USART
                0x08009ec4       0xdc ..\obj\config_usart.o
                0x08009ec4                Init_USART
 .text.TIM_TimeBaseInit
                0x08009fa0       0xd4 ..\obj\stm32f4xx_tim.o
                0x08009fa0                TIM_TimeBaseInit
 .text.TIM_PrescalerConfig
                0x0800a074       0x28 ..\obj\stm32f4xx_tim.o
                0x0800a074                TIM_PrescalerConfig
 .text.TIM_SetCounter
                0x0800a09c       0x1c ..\obj\stm32f4xx_tim.o
                0x0800a09c                TIM_SetCounter
 .text.TIM_GetCounter
                0x0800a0b8       0x18 ..\obj\stm32f4xx_tim.o
                0x0800a0b8                TIM_GetCounter
 .text.TIM_ARRPreloadConfig
                0x0800a0d0       0x40 ..\obj\stm32f4xx_tim.o
                0x0800a0d0                TIM_ARRPreloadConfig
 .text.TIM_Cmd  0x0800a110       0x40 ..\obj\stm32f4xx_tim.o
                0x0800a110                TIM_Cmd
 .text.TIM_OC1Init
                0x0800a150       0xf4 ..\obj\stm32f4xx_tim.o
                0x0800a150                TIM_OC1Init
 .text.TIM_OC2Init
                0x0800a244      0x110 ..\obj\stm32f4xx_tim.o
                0x0800a244                TIM_OC2Init
 .text.TIM_OC3Init
                0x0800a354      0x10c ..\obj\stm32f4xx_tim.o
                0x0800a354                TIM_OC3Init
 .text.TIM_OC4Init
                0x0800a460       0xcc ..\obj\stm32f4xx_tim.o
                0x0800a460                TIM_OC4Init
 .text.TIM_OC1PreloadConfig
                0x0800a52c       0x38 ..\obj\stm32f4xx_tim.o
                0x0800a52c                TIM_OC1PreloadConfig
 .text.TIM_OC2PreloadConfig
                0x0800a564       0x3c ..\obj\stm32f4xx_tim.o
                0x0800a564                TIM_OC2PreloadConfig
 .text.TIM_OC3PreloadConfig
                0x0800a5a0       0x38 ..\obj\stm32f4xx_tim.o
                0x0800a5a0                TIM_OC3PreloadConfig
 .text.TIM_OC4PreloadConfig
                0x0800a5d8       0x3c ..\obj\stm32f4xx_tim.o
                0x0800a5d8                TIM_OC4PreloadConfig
 .text.TIM_BDTRConfig
                0x0800a614       0x50 ..\obj\stm32f4xx_tim.o
                0x0800a614                TIM_BDTRConfig
 .text.TIM_BDTRStructInit
                0x0800a664       0x3c ..\obj\stm32f4xx_tim.o
                0x0800a664                TIM_BDTRStructInit
 .text.TIM_CtrlPWMOutputs
                0x0800a6a0       0x4c ..\obj\stm32f4xx_tim.o
                0x0800a6a0                TIM_CtrlPWMOutputs
 .text.TIM_ITConfig
                0x0800a6ec       0x48 ..\obj\stm32f4xx_tim.o
                0x0800a6ec                TIM_ITConfig
 .text.TIM_ClearITPendingBit
                0x0800a734       0x20 ..\obj\stm32f4xx_tim.o
                0x0800a734                TIM_ClearITPendingBit
 .text.TIM_EncoderInterfaceConfig
                0x0800a754       0x98 ..\obj\stm32f4xx_tim.o
                0x0800a754                TIM_EncoderInterfaceConfig